<?xml version="1.0" encoding="ISO-8859-1" ?>
<link_info>
   <banner>TI ARM Linker PC v20.2.7.LTS</banner>
   <copyright>Copyright (c) 1996-2018 Texas Instruments Incorporated</copyright>
   <link_time>0x67090d9f</link_time>
   <link_errors>0x0</link_errors>
   <output_file>tutorial-FreeRTOSPt3.out</output_file>
   <entry_point>
      <name>_c_int00_noargs</name>
      <address>0x7509</address>
   </entry_point>
   <input_file_list>
      <input_file id="fl-2">
         <path>.\</path>
         <kind>object</kind>
         <file>Ej1.PWM-Servo-Skel.obj</file>
         <name>Ej1.PWM-Servo-Skel.obj</name>
      </input_file>
      <input_file id="fl-3">
         <path>.\</path>
         <kind>object</kind>
         <file>startup_ccs.obj</file>
         <name>startup_ccs.obj</name>
      </input_file>
      <input_file id="fl-4">
         <path>.\FreeRTOS\Source\</path>
         <kind>object</kind>
         <file>croutine.obj</file>
         <name>croutine.obj</name>
      </input_file>
      <input_file id="fl-5">
         <path>.\FreeRTOS\Source\</path>
         <kind>object</kind>
         <file>event_groups.obj</file>
         <name>event_groups.obj</name>
      </input_file>
      <input_file id="fl-6">
         <path>.\FreeRTOS\Source\</path>
         <kind>object</kind>
         <file>list.obj</file>
         <name>list.obj</name>
      </input_file>
      <input_file id="fl-7">
         <path>.\FreeRTOS\Source\</path>
         <kind>object</kind>
         <file>queue.obj</file>
         <name>queue.obj</name>
      </input_file>
      <input_file id="fl-8">
         <path>.\FreeRTOS\Source\</path>
         <kind>object</kind>
         <file>stream_buffer.obj</file>
         <name>stream_buffer.obj</name>
      </input_file>
      <input_file id="fl-9">
         <path>.\FreeRTOS\Source\</path>
         <kind>object</kind>
         <file>tasks.obj</file>
         <name>tasks.obj</name>
      </input_file>
      <input_file id="fl-a">
         <path>.\FreeRTOS\Source\</path>
         <kind>object</kind>
         <file>timers.obj</file>
         <name>timers.obj</name>
      </input_file>
      <input_file id="fl-b">
         <path>.\FreeRTOS\Source\portable\CCS\ARM_CM4F\</path>
         <kind>object</kind>
         <file>port.obj</file>
         <name>port.obj</name>
      </input_file>
      <input_file id="fl-c">
         <path>.\FreeRTOS\Source\portable\CCS\ARM_CM4F\</path>
         <kind>object</kind>
         <file>portasm.obj</file>
         <name>portasm.obj</name>
      </input_file>
      <input_file id="fl-d">
         <path>.\FreeRTOS\Source\portable\MemMang\</path>
         <kind>object</kind>
         <file>heap_4.obj</file>
         <name>heap_4.obj</name>
      </input_file>
      <input_file id="fl-e">
         <path>.\driverlib\</path>
         <kind>object</kind>
         <file>adc.obj</file>
         <name>adc.obj</name>
      </input_file>
      <input_file id="fl-f">
         <path>.\driverlib\</path>
         <kind>object</kind>
         <file>aes.obj</file>
         <name>aes.obj</name>
      </input_file>
      <input_file id="fl-10">
         <path>.\driverlib\</path>
         <kind>object</kind>
         <file>can.obj</file>
         <name>can.obj</name>
      </input_file>
      <input_file id="fl-11">
         <path>.\driverlib\</path>
         <kind>object</kind>
         <file>comp.obj</file>
         <name>comp.obj</name>
      </input_file>
      <input_file id="fl-12">
         <path>.\driverlib\</path>
         <kind>object</kind>
         <file>cpu.obj</file>
         <name>cpu.obj</name>
      </input_file>
      <input_file id="fl-13">
         <path>.\driverlib\</path>
         <kind>object</kind>
         <file>crc.obj</file>
         <name>crc.obj</name>
      </input_file>
      <input_file id="fl-14">
         <path>.\driverlib\</path>
         <kind>object</kind>
         <file>des.obj</file>
         <name>des.obj</name>
      </input_file>
      <input_file id="fl-15">
         <path>.\driverlib\</path>
         <kind>object</kind>
         <file>eeprom.obj</file>
         <name>eeprom.obj</name>
      </input_file>
      <input_file id="fl-16">
         <path>.\driverlib\</path>
         <kind>object</kind>
         <file>emac.obj</file>
         <name>emac.obj</name>
      </input_file>
      <input_file id="fl-17">
         <path>.\driverlib\</path>
         <kind>object</kind>
         <file>epi.obj</file>
         <name>epi.obj</name>
      </input_file>
      <input_file id="fl-18">
         <path>.\driverlib\</path>
         <kind>object</kind>
         <file>epi_workaround_ccs.obj</file>
         <name>epi_workaround_ccs.obj</name>
      </input_file>
      <input_file id="fl-19">
         <path>.\driverlib\</path>
         <kind>object</kind>
         <file>flash.obj</file>
         <name>flash.obj</name>
      </input_file>
      <input_file id="fl-1a">
         <path>.\driverlib\</path>
         <kind>object</kind>
         <file>fpu.obj</file>
         <name>fpu.obj</name>
      </input_file>
      <input_file id="fl-1b">
         <path>.\driverlib\</path>
         <kind>object</kind>
         <file>gpio.obj</file>
         <name>gpio.obj</name>
      </input_file>
      <input_file id="fl-1c">
         <path>.\driverlib\</path>
         <kind>object</kind>
         <file>hibernate.obj</file>
         <name>hibernate.obj</name>
      </input_file>
      <input_file id="fl-1d">
         <path>.\driverlib\</path>
         <kind>object</kind>
         <file>i2c.obj</file>
         <name>i2c.obj</name>
      </input_file>
      <input_file id="fl-1e">
         <path>.\driverlib\</path>
         <kind>object</kind>
         <file>interrupt.obj</file>
         <name>interrupt.obj</name>
      </input_file>
      <input_file id="fl-1f">
         <path>.\driverlib\</path>
         <kind>object</kind>
         <file>lcd.obj</file>
         <name>lcd.obj</name>
      </input_file>
      <input_file id="fl-20">
         <path>.\driverlib\</path>
         <kind>object</kind>
         <file>mpu.obj</file>
         <name>mpu.obj</name>
      </input_file>
      <input_file id="fl-21">
         <path>.\driverlib\</path>
         <kind>object</kind>
         <file>onewire.obj</file>
         <name>onewire.obj</name>
      </input_file>
      <input_file id="fl-22">
         <path>.\driverlib\</path>
         <kind>object</kind>
         <file>pwm.obj</file>
         <name>pwm.obj</name>
      </input_file>
      <input_file id="fl-23">
         <path>.\driverlib\</path>
         <kind>object</kind>
         <file>qei.obj</file>
         <name>qei.obj</name>
      </input_file>
      <input_file id="fl-24">
         <path>.\driverlib\</path>
         <kind>object</kind>
         <file>shamd5.obj</file>
         <name>shamd5.obj</name>
      </input_file>
      <input_file id="fl-25">
         <path>.\driverlib\</path>
         <kind>object</kind>
         <file>ssi.obj</file>
         <name>ssi.obj</name>
      </input_file>
      <input_file id="fl-26">
         <path>.\driverlib\</path>
         <kind>object</kind>
         <file>sw_crc.obj</file>
         <name>sw_crc.obj</name>
      </input_file>
      <input_file id="fl-27">
         <path>.\driverlib\</path>
         <kind>object</kind>
         <file>sysctl.obj</file>
         <name>sysctl.obj</name>
      </input_file>
      <input_file id="fl-28">
         <path>.\driverlib\</path>
         <kind>object</kind>
         <file>sysexc.obj</file>
         <name>sysexc.obj</name>
      </input_file>
      <input_file id="fl-29">
         <path>.\driverlib\</path>
         <kind>object</kind>
         <file>systick.obj</file>
         <name>systick.obj</name>
      </input_file>
      <input_file id="fl-2a">
         <path>.\driverlib\</path>
         <kind>object</kind>
         <file>timer.obj</file>
         <name>timer.obj</name>
      </input_file>
      <input_file id="fl-2b">
         <path>.\driverlib\</path>
         <kind>object</kind>
         <file>uart.obj</file>
         <name>uart.obj</name>
      </input_file>
      <input_file id="fl-2c">
         <path>.\driverlib\</path>
         <kind>object</kind>
         <file>udma.obj</file>
         <name>udma.obj</name>
      </input_file>
      <input_file id="fl-2d">
         <path>.\driverlib\</path>
         <kind>object</kind>
         <file>usb.obj</file>
         <name>usb.obj</name>
      </input_file>
      <input_file id="fl-2e">
         <path>.\driverlib\</path>
         <kind>object</kind>
         <file>watchdog.obj</file>
         <name>watchdog.obj</name>
      </input_file>
      <input_file id="fl-2f">
         <path>.\drivers\</path>
         <kind>object</kind>
         <file>buttons.obj</file>
         <name>buttons.obj</name>
      </input_file>
      <input_file id="fl-30">
         <path>.\drivers\</path>
         <kind>object</kind>
         <file>rgb.obj</file>
         <name>rgb.obj</name>
      </input_file>
      <input_file id="fl-31">
         <path>.\utils\</path>
         <kind>object</kind>
         <file>RunTimeStatsConfig.obj</file>
         <name>RunTimeStatsConfig.obj</name>
      </input_file>
      <input_file id="fl-32">
         <path>.\utils\</path>
         <kind>object</kind>
         <file>cmdline.obj</file>
         <name>cmdline.obj</name>
      </input_file>
      <input_file id="fl-33">
         <path>.\utils\</path>
         <kind>object</kind>
         <file>cpu_usage.obj</file>
         <name>cpu_usage.obj</name>
      </input_file>
      <input_file id="fl-34">
         <path>.\utils\</path>
         <kind>object</kind>
         <file>uartstdio.obj</file>
         <name>uartstdio.obj</name>
      </input_file>
      <input_file id="fl-38">
         <kind>object</kind>
         <file>&lt;internal&gt;</file>
         <name>&lt;internal&gt;</name>
      </input_file>
      <input_file id="fl-ee">
         <path>C:\ti\ccs1240\ccs\tools\compiler\ti-cgt-arm_20.2.7.LTS\lib\</path>
         <kind>archive</kind>
         <file>rtsv7M4_T_le_v4SPD16_eabi.lib</file>
         <name>sprintf.c.obj</name>
      </input_file>
      <input_file id="fl-ef">
         <path>C:\ti\ccs1240\ccs\tools\compiler\ti-cgt-arm_20.2.7.LTS\lib\</path>
         <kind>archive</kind>
         <file>rtsv7M4_T_le_v4SPD16_eabi.lib</file>
         <name>fs_toull_t2.asm.obj</name>
      </input_file>
      <input_file id="fl-f0">
         <path>C:\ti\ccs1240\ccs\tools\compiler\ti-cgt-arm_20.2.7.LTS\lib\</path>
         <kind>archive</kind>
         <file>rtsv7M4_T_le_v4SPD16_eabi.lib</file>
         <name>memcpy_t2.asm.obj</name>
      </input_file>
      <input_file id="fl-f1">
         <path>C:\ti\ccs1240\ccs\tools\compiler\ti-cgt-arm_20.2.7.LTS\lib\</path>
         <kind>archive</kind>
         <file>rtsv7M4_T_le_v4SPD16_eabi.lib</file>
         <name>memset_t2.asm.obj</name>
      </input_file>
      <input_file id="fl-f2">
         <path>C:\ti\ccs1240\ccs\tools\compiler\ti-cgt-arm_20.2.7.LTS\lib\</path>
         <kind>archive</kind>
         <file>rtsv7M4_T_le_v4SPD16_eabi.lib</file>
         <name>u_divt2.asm.obj</name>
      </input_file>
      <input_file id="fl-f3">
         <path>C:\ti\ccs1240\ccs\tools\compiler\ti-cgt-arm_20.2.7.LTS\lib\</path>
         <kind>archive</kind>
         <file>rtsv7M4_T_le_v4SPD16_eabi.lib</file>
         <name>copy_zero_init.c.obj</name>
      </input_file>
      <input_file id="fl-f4">
         <path>C:\ti\ccs1240\ccs\tools\compiler\ti-cgt-arm_20.2.7.LTS\lib\</path>
         <kind>archive</kind>
         <file>rtsv7M4_T_le_v4SPD16_eabi.lib</file>
         <name>copy_decompress_none.c.obj</name>
      </input_file>
      <input_file id="fl-f5">
         <path>C:\ti\ccs1240\ccs\tools\compiler\ti-cgt-arm_20.2.7.LTS\lib\</path>
         <kind>archive</kind>
         <file>rtsv7M4_T_le_v4SPD16_eabi.lib</file>
         <name>copy_decompress_lzss.c.obj</name>
      </input_file>
      <input_file id="fl-f6">
         <path>C:\ti\ccs1240\ccs\tools\compiler\ti-cgt-arm_20.2.7.LTS\lib\</path>
         <kind>archive</kind>
         <file>rtsv7M4_T_le_v4SPD16_eabi.lib</file>
         <name>strcmp.c.obj</name>
      </input_file>
      <input_file id="fl-f7">
         <path>C:\ti\ccs1240\ccs\tools\compiler\ti-cgt-arm_20.2.7.LTS\lib\</path>
         <kind>archive</kind>
         <file>rtsv7M4_T_le_v4SPD16_eabi.lib</file>
         <name>strcpy.c.obj</name>
      </input_file>
      <input_file id="fl-f8">
         <path>C:\ti\ccs1240\ccs\tools\compiler\ti-cgt-arm_20.2.7.LTS\lib\</path>
         <kind>archive</kind>
         <file>rtsv7M4_T_le_v4SPD16_eabi.lib</file>
         <name>strlen.c.obj</name>
      </input_file>
      <input_file id="fl-f9">
         <path>C:\ti\ccs1240\ccs\tools\compiler\ti-cgt-arm_20.2.7.LTS\lib\</path>
         <kind>archive</kind>
         <file>rtsv7M4_T_le_v4SPD16_eabi.lib</file>
         <name>boot_cortex_m.c.obj</name>
      </input_file>
      <input_file id="fl-fa">
         <path>C:\ti\ccs1240\ccs\tools\compiler\ti-cgt-arm_20.2.7.LTS\lib\</path>
         <kind>archive</kind>
         <file>rtsv7M4_T_le_v4SPD16_eabi.lib</file>
         <name>_printfi.c.obj</name>
      </input_file>
      <input_file id="fl-fb">
         <path>C:\ti\ccs1240\ccs\tools\compiler\ti-cgt-arm_20.2.7.LTS\lib\</path>
         <kind>archive</kind>
         <file>rtsv7M4_T_le_v4SPD16_eabi.lib</file>
         <name>div0.asm.obj</name>
      </input_file>
      <input_file id="fl-fc">
         <path>C:\ti\ccs1240\ccs\tools\compiler\ti-cgt-arm_20.2.7.LTS\lib\</path>
         <kind>archive</kind>
         <file>rtsv7M4_T_le_v4SPD16_eabi.lib</file>
         <name>fd_add_t2.asm.obj</name>
      </input_file>
      <input_file id="fl-fd">
         <path>C:\ti\ccs1240\ccs\tools\compiler\ti-cgt-arm_20.2.7.LTS\lib\</path>
         <kind>archive</kind>
         <file>rtsv7M4_T_le_v4SPD16_eabi.lib</file>
         <name>fd_cmp_t2.asm.obj</name>
      </input_file>
      <input_file id="fl-fe">
         <path>C:\ti\ccs1240\ccs\tools\compiler\ti-cgt-arm_20.2.7.LTS\lib\</path>
         <kind>archive</kind>
         <file>rtsv7M4_T_le_v4SPD16_eabi.lib</file>
         <name>fd_div_t2.asm.obj</name>
      </input_file>
      <input_file id="fl-ff">
         <path>C:\ti\ccs1240\ccs\tools\compiler\ti-cgt-arm_20.2.7.LTS\lib\</path>
         <kind>archive</kind>
         <file>rtsv7M4_T_le_v4SPD16_eabi.lib</file>
         <name>fd_mul_t2.asm.obj</name>
      </input_file>
      <input_file id="fl-100">
         <path>C:\ti\ccs1240\ccs\tools\compiler\ti-cgt-arm_20.2.7.LTS\lib\</path>
         <kind>archive</kind>
         <file>rtsv7M4_T_le_v4SPD16_eabi.lib</file>
         <name>fd_toi_t2.asm.obj</name>
      </input_file>
      <input_file id="fl-101">
         <path>C:\ti\ccs1240\ccs\tools\compiler\ti-cgt-arm_20.2.7.LTS\lib\</path>
         <kind>archive</kind>
         <file>rtsv7M4_T_le_v4SPD16_eabi.lib</file>
         <name>i_tofd_t2.asm.obj</name>
      </input_file>
      <input_file id="fl-102">
         <path>C:\ti\ccs1240\ccs\tools\compiler\ti-cgt-arm_20.2.7.LTS\lib\</path>
         <kind>archive</kind>
         <file>rtsv7M4_T_le_v4SPD16_eabi.lib</file>
         <name>ull_div_t2.asm.obj</name>
      </input_file>
      <input_file id="fl-103">
         <path>C:\ti\ccs1240\ccs\tools\compiler\ti-cgt-arm_20.2.7.LTS\lib\</path>
         <kind>archive</kind>
         <file>rtsv7M4_T_le_v4SPD16_eabi.lib</file>
         <name>autoinit.c.obj</name>
      </input_file>
      <input_file id="fl-104">
         <path>C:\ti\ccs1240\ccs\tools\compiler\ti-cgt-arm_20.2.7.LTS\lib\</path>
         <kind>archive</kind>
         <file>rtsv7M4_T_le_v4SPD16_eabi.lib</file>
         <name>pre_init.c.obj</name>
      </input_file>
      <input_file id="fl-105">
         <path>C:\ti\ccs1240\ccs\tools\compiler\ti-cgt-arm_20.2.7.LTS\lib\</path>
         <kind>archive</kind>
         <file>rtsv7M4_T_le_v4SPD16_eabi.lib</file>
         <name>cpy_tbl.c.obj</name>
      </input_file>
      <input_file id="fl-106">
         <path>C:\ti\ccs1240\ccs\tools\compiler\ti-cgt-arm_20.2.7.LTS\lib\</path>
         <kind>archive</kind>
         <file>rtsv7M4_T_le_v4SPD16_eabi.lib</file>
         <name>exit.c.obj</name>
      </input_file>
      <input_file id="fl-107">
         <path>C:\ti\ccs1240\ccs\tools\compiler\ti-cgt-arm_20.2.7.LTS\lib\</path>
         <kind>archive</kind>
         <file>rtsv7M4_T_le_v4SPD16_eabi.lib</file>
         <name>_lock.c.obj</name>
      </input_file>
      <input_file id="fl-108">
         <path>C:\ti\ccs1240\ccs\tools\compiler\ti-cgt-arm_20.2.7.LTS\lib\</path>
         <kind>archive</kind>
         <file>rtsv7M4_T_le_v4SPD16_eabi.lib</file>
         <name>_ltoa.c.obj</name>
      </input_file>
      <input_file id="fl-109">
         <path>C:\ti\ccs1240\ccs\tools\compiler\ti-cgt-arm_20.2.7.LTS\lib\</path>
         <kind>archive</kind>
         <file>rtsv7M4_T_le_v4SPD16_eabi.lib</file>
         <name>args_main.c.obj</name>
      </input_file>
      <input_file id="fl-10a">
         <path>C:\ti\ccs1240\ccs\tools\compiler\ti-cgt-arm_20.2.7.LTS\lib\</path>
         <kind>archive</kind>
         <file>rtsv7M4_T_le_v4SPD16_eabi.lib</file>
         <name>atoi.c.obj</name>
      </input_file>
      <input_file id="fl-10b">
         <path>C:\ti\ccs1240\ccs\tools\compiler\ti-cgt-arm_20.2.7.LTS\lib\</path>
         <kind>archive</kind>
         <file>rtsv7M4_T_le_v4SPD16_eabi.lib</file>
         <name>ctype.c.obj</name>
      </input_file>
      <input_file id="fl-10c">
         <path>C:\ti\ccs1240\ccs\tools\compiler\ti-cgt-arm_20.2.7.LTS\lib\</path>
         <kind>archive</kind>
         <file>rtsv7M4_T_le_v4SPD16_eabi.lib</file>
         <name>memccpy.c.obj</name>
      </input_file>
      <input_file id="fl-10d">
         <path>C:\ti\ccs1240\ccs\tools\compiler\ti-cgt-arm_20.2.7.LTS\lib\</path>
         <kind>archive</kind>
         <file>rtsv7M4_T_le_v4SPD16_eabi.lib</file>
         <name>strchr.c.obj</name>
      </input_file>
      <input_file id="fl-10e">
         <path>C:\ti\ccs1240\ccs\tools\compiler\ti-cgt-arm_20.2.7.LTS\lib\</path>
         <kind>archive</kind>
         <file>rtsv7M4_T_le_v4SPD16_eabi.lib</file>
         <name>errno.c.obj</name>
      </input_file>
      <input_file id="fl-10f">
         <path>C:\ti\ccs1240\ccs\tools\compiler\ti-cgt-arm_20.2.7.LTS\lib\</path>
         <kind>archive</kind>
         <file>rtsv7M4_T_le_v4SPD16_eabi.lib</file>
         <name>wcslen.c.obj</name>
      </input_file>
      <input_file id="fl-110">
         <path>C:\ti\ccs1240\ccs\tools\compiler\ti-cgt-arm_20.2.7.LTS\lib\</path>
         <kind>archive</kind>
         <file>rtsv7M4_T_le_v4SPD16_eabi.lib</file>
         <name>s_frexp.c.obj</name>
      </input_file>
      <input_file id="fl-111">
         <path>C:\ti\ccs1240\ccs\tools\compiler\ti-cgt-arm_20.2.7.LTS\lib\</path>
         <kind>archive</kind>
         <file>rtsv7M4_T_le_v4SPD16_eabi.lib</file>
         <name>s_scalbn.c.obj</name>
      </input_file>
      <input_file id="fl-112">
         <path>C:\ti\ccs1240\ccs\tools\compiler\ti-cgt-arm_20.2.7.LTS\lib\</path>
         <kind>archive</kind>
         <file>rtsv7M4_T_le_v4SPD16_eabi.lib</file>
         <name>s_copysign.c.obj</name>
      </input_file>
   </input_file_list>
   <object_component_list>
      <object_component id="oc-12">
         <name>.intvecs</name>
         <load_address>0x0</load_address>
         <run_address>0x0</run_address>
         <size>0x26c</size>
         <input_file_ref idref="fl-3"/>
      </object_component>
      <object_component id="oc-8b">
         <name>.text</name>
         <load_address>0x26c</load_address>
         <run_address>0x26c</run_address>
         <size>0x17a0</size>
         <input_file_ref idref="fl-9"/>
      </object_component>
      <object_component id="oc-db">
         <name>.text</name>
         <load_address>0x1a0c</load_address>
         <run_address>0x1a0c</run_address>
         <size>0xaa0</size>
         <input_file_ref idref="fl-27"/>
      </object_component>
      <object_component id="oc-2d9">
         <name>.text:__TI_printfi</name>
         <load_address>0x24ac</load_address>
         <run_address>0x24ac</run_address>
         <size>0xa4e</size>
         <input_file_ref idref="fl-fa"/>
      </object_component>
      <object_component id="oc-1cd">
         <name>.text</name>
         <load_address>0x2efa</load_address>
         <run_address>0x2efa</run_address>
         <size>0x2</size>
         <input_file_ref idref="fl-fb"/>
      </object_component>
      <object_component id="oc-a1">
         <name>.text</name>
         <load_address>0x2efc</load_address>
         <run_address>0x2efc</run_address>
         <size>0x864</size>
         <input_file_ref idref="fl-7"/>
      </object_component>
      <object_component id="oc-38">
         <name>.text</name>
         <load_address>0x3760</load_address>
         <run_address>0x3760</run_address>
         <size>0x7f4</size>
         <input_file_ref idref="fl-34"/>
      </object_component>
      <object_component id="oc-e1">
         <name>.text</name>
         <load_address>0x3f54</load_address>
         <run_address>0x3f54</run_address>
         <size>0x728</size>
         <input_file_ref idref="fl-1b"/>
      </object_component>
      <object_component id="oc-177">
         <name>.text</name>
         <load_address>0x467c</load_address>
         <run_address>0x467c</run_address>
         <size>0x4d4</size>
         <input_file_ref idref="fl-a"/>
      </object_component>
      <object_component id="oc-e7">
         <name>.text</name>
         <load_address>0x4b50</load_address>
         <run_address>0x4b50</run_address>
         <size>0x39c</size>
         <input_file_ref idref="fl-22"/>
      </object_component>
      <object_component id="oc-2cc">
         <name>.text</name>
         <load_address>0x4eec</load_address>
         <run_address>0x4eec</run_address>
         <size>0x304</size>
         <input_file_ref idref="fl-2a"/>
      </object_component>
      <object_component id="oc-a7">
         <name>.text</name>
         <load_address>0x51f0</load_address>
         <run_address>0x51f0</run_address>
         <size>0x2f8</size>
         <input_file_ref idref="fl-2b"/>
      </object_component>
      <object_component id="oc-f3">
         <name>.text</name>
         <load_address>0x54e8</load_address>
         <run_address>0x54e8</run_address>
         <size>0x2a4</size>
         <input_file_ref idref="fl-1e"/>
      </object_component>
      <object_component id="oc-f9">
         <name>.text</name>
         <load_address>0x578c</load_address>
         <run_address>0x578c</run_address>
         <size>0x280</size>
         <input_file_ref idref="fl-5"/>
      </object_component>
      <object_component id="oc-39c">
         <name>.text:_pconv_a</name>
         <load_address>0x5a0c</load_address>
         <run_address>0x5a0c</run_address>
         <size>0x270</size>
         <input_file_ref idref="fl-fa"/>
      </object_component>
      <object_component id="oc-161">
         <name>.text</name>
         <load_address>0x5c7c</load_address>
         <run_address>0x5c7c</run_address>
         <size>0x250</size>
         <input_file_ref idref="fl-d"/>
      </object_component>
      <object_component id="oc-3e">
         <name>.text</name>
         <load_address>0x5ecc</load_address>
         <run_address>0x5ecc</run_address>
         <size>0x1d4</size>
         <input_file_ref idref="fl-2"/>
      </object_component>
      <object_component id="oc-38a">
         <name>.text:_pconv_g</name>
         <load_address>0x60a0</load_address>
         <run_address>0x60a0</run_address>
         <size>0x1d0</size>
         <input_file_ref idref="fl-fa"/>
      </object_component>
      <object_component id="oc-416">
         <name>.text</name>
         <load_address>0x6270</load_address>
         <run_address>0x6270</run_address>
         <size>0x1b6</size>
         <input_file_ref idref="fl-fc"/>
      </object_component>
      <object_component id="oc-396">
         <name>.text:_pconv_e</name>
         <load_address>0x6428</load_address>
         <run_address>0x6428</run_address>
         <size>0x13c</size>
         <input_file_ref idref="fl-fa"/>
      </object_component>
      <object_component id="oc-3fc">
         <name>.text</name>
         <load_address>0x6564</load_address>
         <run_address>0x6564</run_address>
         <size>0x136</size>
         <input_file_ref idref="fl-fe"/>
      </object_component>
      <object_component id="oc-428">
         <name>.text:fcvt</name>
         <load_address>0x669c</load_address>
         <run_address>0x669c</run_address>
         <size>0x124</size>
         <input_file_ref idref="fl-fa"/>
      </object_component>
      <object_component id="oc-43c">
         <name>.text:scalbn</name>
         <load_address>0x67c0</load_address>
         <run_address>0x67c0</run_address>
         <size>0x110</size>
         <input_file_ref idref="fl-111"/>
      </object_component>
      <object_component id="oc-32">
         <name>.text</name>
         <load_address>0x68d0</load_address>
         <run_address>0x68d0</run_address>
         <size>0x104</size>
         <input_file_ref idref="fl-b"/>
      </object_component>
      <object_component id="oc-3f7">
         <name>.text</name>
         <load_address>0x69d4</load_address>
         <run_address>0x69d4</run_address>
         <size>0xfc</size>
         <input_file_ref idref="fl-ff"/>
      </object_component>
      <object_component id="oc-ed">
         <name>.text</name>
         <load_address>0x6ad0</load_address>
         <run_address>0x6ad0</run_address>
         <size>0xf8</size>
         <input_file_ref idref="fl-2f"/>
      </object_component>
      <object_component id="oc-2d">
         <name>.text</name>
         <load_address>0x6bc8</load_address>
         <run_address>0x6bc8</run_address>
         <size>0xda</size>
         <input_file_ref idref="fl-c"/>
      </object_component>
      <object_component id="oc-37f">
         <name>.text:_ltostr</name>
         <load_address>0x6ca4</load_address>
         <run_address>0x6ca4</run_address>
         <size>0xb1</size>
         <input_file_ref idref="fl-fa"/>
      </object_component>
      <object_component id="oc-52">
         <name>.text</name>
         <load_address>0x6d56</load_address>
         <run_address>0x6d56</run_address>
         <size>0x9c</size>
         <input_file_ref idref="fl-f0"/>
      </object_component>
      <object_component id="oc-3f0">
         <name>.text</name>
         <load_address>0x6df2</load_address>
         <run_address>0x6df2</run_address>
         <size>0x96</size>
         <input_file_ref idref="fl-102"/>
      </object_component>
      <object_component id="oc-14f">
         <name>.text</name>
         <load_address>0x6e88</load_address>
         <run_address>0x6e88</run_address>
         <size>0x94</size>
         <input_file_ref idref="fl-6"/>
      </object_component>
      <object_component id="oc-385">
         <name>.text:__aeabi_cdcmple</name>
         <load_address>0x6f1c</load_address>
         <run_address>0x6f1c</run_address>
         <size>0x86</size>
         <input_file_ref idref="fl-fd"/>
      </object_component>
      <object_component id="oc-401">
         <name>.text:__aeabi_cdrcmple</name>
         <load_address>0x6fa2</load_address>
         <run_address>0x6fa2</run_address>
         <size>0x86</size>
         <input_file_ref idref="fl-fd"/>
      </object_component>
      <object_component id="oc-12d">
         <name>.text</name>
         <load_address>0x7028</load_address>
         <run_address>0x7028</run_address>
         <size>0x7a</size>
         <input_file_ref idref="fl-f1"/>
      </object_component>
      <object_component id="oc-421">
         <name>.text:_mcpy</name>
         <load_address>0x70a2</load_address>
         <run_address>0x70a2</run_address>
         <size>0x6e</size>
         <input_file_ref idref="fl-fa"/>
      </object_component>
      <object_component id="oc-15">
         <name>.text:decompress:lzss:__TI_decompress_lzss</name>
         <load_address>0x7110</load_address>
         <run_address>0x7110</run_address>
         <size>0x68</size>
         <input_file_ref idref="fl-f5"/>
      </object_component>
      <object_component id="oc-17d">
         <name>.text</name>
         <load_address>0x7178</load_address>
         <run_address>0x7178</run_address>
         <size>0x64</size>
         <input_file_ref idref="fl-31"/>
      </object_component>
      <object_component id="oc-436">
         <name>.text:frexp</name>
         <load_address>0x71dc</load_address>
         <run_address>0x71dc</run_address>
         <size>0x64</size>
         <input_file_ref idref="fl-110"/>
      </object_component>
      <object_component id="oc-390">
         <name>.text:_pconv_f</name>
         <load_address>0x7240</load_address>
         <run_address>0x7240</run_address>
         <size>0x56</size>
         <input_file_ref idref="fl-fa"/>
      </object_component>
      <object_component id="oc-40b">
         <name>.text:__TI_ltoa</name>
         <load_address>0x7296</load_address>
         <run_address>0x7296</run_address>
         <size>0x54</size>
         <input_file_ref idref="fl-108"/>
      </object_component>
      <object_component id="oc-41b">
         <name>.text:_ecpy</name>
         <load_address>0x72ea</load_address>
         <run_address>0x72ea</run_address>
         <size>0x52</size>
         <input_file_ref idref="fl-fa"/>
      </object_component>
      <object_component id="oc-379">
         <name>.text:atoi</name>
         <load_address>0x733c</load_address>
         <run_address>0x733c</run_address>
         <size>0x4c</size>
         <input_file_ref idref="fl-10a"/>
      </object_component>
      <object_component id="oc-406">
         <name>.text</name>
         <load_address>0x7388</load_address>
         <run_address>0x7388</run_address>
         <size>0x48</size>
         <input_file_ref idref="fl-100"/>
      </object_component>
      <object_component id="oc-256">
         <name>.text:__TI_auto_init_nobinit_nopinit:__TI_auto_init_nobinit_nopinit</name>
         <load_address>0x73d0</load_address>
         <run_address>0x73d0</run_address>
         <size>0x44</size>
         <input_file_ref idref="fl-103"/>
      </object_component>
      <object_component id="oc-ad">
         <name>.text</name>
         <load_address>0x7414</load_address>
         <run_address>0x7414</run_address>
         <size>0x40</size>
         <input_file_ref idref="fl-f2"/>
      </object_component>
      <object_component id="oc-192">
         <name>.text:sprintf</name>
         <load_address>0x7454</load_address>
         <run_address>0x7454</run_address>
         <size>0x40</size>
         <input_file_ref idref="fl-ee"/>
      </object_component>
      <object_component id="oc-42e">
         <name>.text:_fcpy</name>
         <load_address>0x7494</load_address>
         <run_address>0x7494</run_address>
         <size>0x3e</size>
         <input_file_ref idref="fl-fa"/>
      </object_component>
      <object_component id="oc-198">
         <name>.text</name>
         <load_address>0x74d2</load_address>
         <run_address>0x74d2</run_address>
         <size>0x36</size>
         <input_file_ref idref="fl-12"/>
      </object_component>
      <object_component id="oc-70">
         <name>.text:_c_int00_noargs:_c_int00_noargs</name>
         <load_address>0x7508</load_address>
         <run_address>0x7508</run_address>
         <size>0x34</size>
         <input_file_ref idref="fl-f9"/>
      </object_component>
      <object_component id="oc-411">
         <name>.text</name>
         <load_address>0x753c</load_address>
         <run_address>0x753c</run_address>
         <size>0x2e</size>
         <input_file_ref idref="fl-101"/>
      </object_component>
      <object_component id="oc-167">
         <name>.text:GetOverflowCounts</name>
         <load_address>0x756c</load_address>
         <run_address>0x756c</run_address>
         <size>0x24</size>
         <input_file_ref idref="fl-31"/>
      </object_component>
      <object_component id="oc-3a2">
         <name>.text:memccpy</name>
         <load_address>0x7590</load_address>
         <run_address>0x7590</run_address>
         <size>0x1c</size>
         <input_file_ref idref="fl-10c"/>
      </object_component>
      <object_component id="oc-490">
         <name>.text:copysign</name>
         <load_address>0x75ac</load_address>
         <run_address>0x75ac</run_address>
         <size>0x1a</size>
         <input_file_ref idref="fl-112"/>
      </object_component>
      <object_component id="oc-2df">
         <name>.text:_outs</name>
         <load_address>0x75c6</load_address>
         <run_address>0x75c6</run_address>
         <size>0x18</size>
         <input_file_ref idref="fl-ee"/>
      </object_component>
      <object_component id="oc-442">
         <name>.text:strchr</name>
         <load_address>0x75de</load_address>
         <run_address>0x75de</run_address>
         <size>0x16</size>
         <input_file_ref idref="fl-10d"/>
      </object_component>
      <object_component id="oc-186">
         <name>.text:strcpy</name>
         <load_address>0x75f4</load_address>
         <run_address>0x75f4</run_address>
         <size>0x14</size>
         <input_file_ref idref="fl-f7"/>
      </object_component>
      <object_component id="oc-18c">
         <name>.text:strlen</name>
         <load_address>0x7608</load_address>
         <run_address>0x7608</run_address>
         <size>0x14</size>
         <input_file_ref idref="fl-f8"/>
      </object_component>
      <object_component id="oc-3a8">
         <name>.text:wcslen</name>
         <load_address>0x761c</load_address>
         <run_address>0x761c</run_address>
         <size>0x12</size>
         <input_file_ref idref="fl-10f"/>
      </object_component>
      <object_component id="oc-1b">
         <name>.text:decompress:none:__TI_decompress_none</name>
         <load_address>0x762e</load_address>
         <run_address>0x762e</run_address>
         <size>0xe</size>
         <input_file_ref idref="fl-f4"/>
      </object_component>
      <object_component id="oc-64">
         <name>.text:decompress:ZI:__TI_zero_init</name>
         <load_address>0x763c</load_address>
         <run_address>0x763c</run_address>
         <size>0xc</size>
         <input_file_ref idref="fl-f3"/>
      </object_component>
      <object_component id="oc-27">
         <name>.text</name>
         <load_address>0x7648</load_address>
         <run_address>0x7648</run_address>
         <size>0xc</size>
         <input_file_ref idref="fl-3"/>
      </object_component>
      <object_component id="oc-2e5">
         <name>.text:_outc</name>
         <load_address>0x7654</load_address>
         <run_address>0x7654</run_address>
         <size>0xa</size>
         <input_file_ref idref="fl-ee"/>
      </object_component>
      <object_component id="oc-3ae">
         <name>.text:__aeabi_errno_addr</name>
         <load_address>0x7660</load_address>
         <run_address>0x7660</run_address>
         <size>0x8</size>
         <input_file_ref idref="fl-10e"/>
      </object_component>
      <object_component id="oc-1f3">
         <name>.text:SysCtlDelay</name>
         <load_address>0x7668</load_address>
         <run_address>0x7668</run_address>
         <size>0x6</size>
         <input_file_ref idref="fl-27"/>
      </object_component>
      <object_component id="oc-133">
         <name>.text:_system_pre_init</name>
         <load_address>0x766e</load_address>
         <run_address>0x766e</run_address>
         <size>0x4</size>
         <input_file_ref idref="fl-104"/>
      </object_component>
      <object_component id="oc-24a">
         <name>.text:abort:abort</name>
         <load_address>0x7672</load_address>
         <run_address>0x7672</run_address>
         <size>0x4</size>
         <input_file_ref idref="fl-106"/>
      </object_component>
      <object_component id="oc-1fa">
         <name>.const:g_pppui32XTALtoVCO</name>
         <load_address>0x7678</load_address>
         <run_address>0x7678</run_address>
         <size>0x1b0</size>
         <input_file_ref idref="fl-27"/>
      </object_component>
      <object_component id="oc-3eb">
         <name>.const:.string:_ctypes_</name>
         <load_address>0x7828</load_address>
         <run_address>0x7828</run_address>
         <size>0x101</size>
         <input_file_ref idref="fl-10b"/>
      </object_component>
      <object_component id="oc-205">
         <name>.const:g_ppui32GPIOIntMapSnowflake</name>
         <load_address>0x792c</load_address>
         <run_address>0x792c</run_address>
         <size>0xd8</size>
         <input_file_ref idref="fl-1b"/>
      </object_component>
      <object_component id="oc-202">
         <name>.const:g_ppui32GPIOIntMapBlizzard</name>
         <load_address>0x7a04</load_address>
         <run_address>0x7a04</run_address>
         <size>0xc0</size>
         <input_file_ref idref="fl-1b"/>
      </object_component>
      <object_component id="oc-214">
         <name>.const:g_pui32Regs</name>
         <load_address>0x7ac4</load_address>
         <run_address>0x7ac4</run_address>
         <size>0x9c</size>
         <input_file_ref idref="fl-1e"/>
      </object_component>
      <object_component id="oc-1ff">
         <name>.const:g_pui32GPIOBaseAddrs</name>
         <load_address>0x7b60</load_address>
         <run_address>0x7b60</run_address>
         <size>0x90</size>
         <input_file_ref idref="fl-1b"/>
      </object_component>
      <object_component id="oc-1f0">
         <name>.const:g_pui32Xtals</name>
         <load_address>0x7bf0</load_address>
         <run_address>0x7bf0</run_address>
         <size>0x6c</size>
         <input_file_ref idref="fl-27"/>
      </object_component>
      <object_component id="oc-36d">
         <name>.const:g_ppui32TimerIntMap</name>
         <load_address>0x7c5c</load_address>
         <run_address>0x7c5c</run_address>
         <size>0x60</size>
         <input_file_ref idref="fl-2a"/>
      </object_component>
      <object_component id="oc-370">
         <name>.const:g_ppui32TimerIntMapSnowflake</name>
         <load_address>0x7cbc</load_address>
         <run_address>0x7cbc</run_address>
         <size>0x40</size>
         <input_file_ref idref="fl-2a"/>
      </object_component>
      <object_component id="oc-1c0">
         <name>.const:g_ppui32UARTIntMap</name>
         <load_address>0x7cfc</load_address>
         <run_address>0x7cfc</run_address>
         <size>0x40</size>
         <input_file_ref idref="fl-2b"/>
      </object_component>
      <object_component id="oc-1c3">
         <name>.const:g_ppui32UARTIntMapSnowflake</name>
         <load_address>0x7d3c</load_address>
         <run_address>0x7d3c</run_address>
         <size>0x40</size>
         <input_file_ref idref="fl-2b"/>
      </object_component>
      <object_component id="oc-1f4">
         <name>.const:g_sXTALtoMEMTIM</name>
         <load_address>0x7d7c</load_address>
         <run_address>0x7d7c</run_address>
         <size>0x30</size>
         <input_file_ref idref="fl-27"/>
      </object_component>
      <object_component id="oc-217">
         <name>.const:g_pui32Priority</name>
         <load_address>0x7dac</load_address>
         <run_address>0x7dac</run_address>
         <size>0x20</size>
         <input_file_ref idref="fl-1e"/>
      </object_component>
      <object_component id="oc-223">
         <name>.const:g_pui32Dii16Regs</name>
         <load_address>0x7dcc</load_address>
         <run_address>0x7dcc</run_address>
         <size>0x14</size>
         <input_file_ref idref="fl-1e"/>
      </object_component>
      <object_component id="oc-220">
         <name>.const:g_pui32EnRegs</name>
         <load_address>0x7de0</load_address>
         <run_address>0x7de0</run_address>
         <size>0x14</size>
         <input_file_ref idref="fl-1e"/>
      </object_component>
      <object_component id="oc-21a">
         <name>.const:g_pui32PendRegs</name>
         <load_address>0x7df4</load_address>
         <run_address>0x7df4</run_address>
         <size>0x14</size>
         <input_file_ref idref="fl-1e"/>
      </object_component>
      <object_component id="oc-21d">
         <name>.const:g_pui32UnpendRegs</name>
         <load_address>0x7e08</load_address>
         <run_address>0x7e08</run_address>
         <size>0x14</size>
         <input_file_ref idref="fl-1e"/>
      </object_component>
      <object_component id="oc-1dc">
         <name>.const:.string</name>
         <load_address>0x7e1c</load_address>
         <run_address>0x7e1c</run_address>
         <size>0x12</size>
         <input_file_ref idref="fl-34"/>
      </object_component>
      <object_component id="oc-c1">
         <name>.const:g_ui32UARTBase</name>
         <load_address>0x7e30</load_address>
         <run_address>0x7e30</run_address>
         <size>0xc</size>
         <input_file_ref idref="fl-34"/>
      </object_component>
      <object_component id="oc-c7">
         <name>.const:g_ui32UARTInt</name>
         <load_address>0x7e3c</load_address>
         <run_address>0x7e3c</run_address>
         <size>0xc</size>
         <input_file_ref idref="fl-34"/>
      </object_component>
      <object_component id="oc-c4">
         <name>.const:g_ui32UARTPeriph</name>
         <load_address>0x7e48</load_address>
         <run_address>0x7e48</run_address>
         <size>0xc</size>
         <input_file_ref idref="fl-34"/>
      </object_component>
      <object_component id="oc-1f7">
         <name>.const:g_pui32VCOFrequencies</name>
         <load_address>0x7e54</load_address>
         <run_address>0x7e54</run_address>
         <size>0x8</size>
         <input_file_ref idref="fl-27"/>
      </object_component>
      <object_component id="oc-88">
         <name>.const</name>
         <load_address>0x7e5c</load_address>
         <run_address>0x7e5c</run_address>
         <size>0x4</size>
         <input_file_ref idref="fl-b"/>
      </object_component>
      <object_component id="oc-183">
         <name>.const</name>
         <load_address>0x7e60</load_address>
         <run_address>0x7e60</run_address>
         <size>0x4</size>
         <input_file_ref idref="fl-9"/>
      </object_component>
      <object_component id="oc-b8">
         <name>.const</name>
         <load_address>0x7e64</load_address>
         <run_address>0x7e64</run_address>
         <size>0x4</size>
         <input_file_ref idref="fl-34"/>
      </object_component>
      <object_component id="oc-4e8">
         <name>.cinit..data.load</name>
         <load_address>0x7e68</load_address>
         <run_address>0x7e68</run_address>
         <size>0x2a</size>
      </object_component>
      <object_component id="oc-4e5">
         <name>__TI_handler_table</name>
         <load_address>0x7e94</load_address>
         <run_address>0x7e94</run_address>
         <size>0xc</size>
      </object_component>
      <object_component id="oc-4e9">
         <name>.cinit..bss.load</name>
         <load_address>0x7ea0</load_address>
         <run_address>0x7ea0</run_address>
         <size>0x8</size>
      </object_component>
      <object_component id="oc-4e7">
         <name>.cinit..vtable.load</name>
         <load_address>0x7ea8</load_address>
         <run_address>0x7ea8</run_address>
         <size>0x8</size>
      </object_component>
      <object_component id="oc-4e6">
         <name>__TI_cinit_table</name>
         <load_address>0x7eb0</load_address>
         <run_address>0x7eb0</run_address>
         <size>0x18</size>
      </object_component>
      <object_component id="oc-211">
         <name>.vtable</name>
         <uninitialized>true</uninitialized>
         <run_address>0x20000000</run_address>
         <size>0x26c</size>
         <input_file_ref idref="fl-1e"/>
      </object_component>
      <object_component id="oc-ff">
         <name>.data</name>
         <load_address>0x20005f28</load_address>
         <run_address>0x20005f28</run_address>
         <size>0x10</size>
         <input_file_ref idref="fl-2"/>
      </object_component>
      <object_component id="oc-85">
         <name>.data</name>
         <load_address>0x20005ed8</load_address>
         <run_address>0x20005ed8</run_address>
         <size>0x3c</size>
         <input_file_ref idref="fl-9"/>
      </object_component>
      <object_component id="oc-2b4">
         <name>.data</name>
         <load_address>0x20005f38</load_address>
         <run_address>0x20005f38</run_address>
         <size>0xc</size>
         <input_file_ref idref="fl-a"/>
      </object_component>
      <object_component id="oc-92">
         <name>.data</name>
         <load_address>0x20005f50</load_address>
         <run_address>0x20005f50</run_address>
         <size>0x4</size>
         <input_file_ref idref="fl-b"/>
      </object_component>
      <object_component id="oc-2a3">
         <name>.data</name>
         <load_address>0x20005f14</load_address>
         <run_address>0x20005f14</run_address>
         <size>0x14</size>
         <input_file_ref idref="fl-d"/>
      </object_component>
      <object_component id="oc-20c">
         <name>.data</name>
         <load_address>0x20005f58</load_address>
         <run_address>0x20005f58</run_address>
         <size>0x3</size>
         <input_file_ref idref="fl-2f"/>
      </object_component>
      <object_component id="oc-b2">
         <name>.data</name>
         <load_address>0x20005f44</load_address>
         <run_address>0x20005f44</run_address>
         <size>0xc</size>
         <input_file_ref idref="fl-34"/>
      </object_component>
      <object_component id="oc-452">
         <name>.data</name>
         <load_address>0x20005f54</load_address>
         <run_address>0x20005f54</run_address>
         <size>0x4</size>
         <input_file_ref idref="fl-10e"/>
      </object_component>
      <object_component id="oc-102">
         <name>.bss</name>
         <uninitialized>true</uninitialized>
         <run_address>0x200056d0</run_address>
         <size>0x4</size>
         <input_file_ref idref="fl-2"/>
      </object_component>
      <object_component id="oc-15b">
         <name>.bss:pxReadyTasksLists</name>
         <uninitialized>true</uninitialized>
         <run_address>0x2000546c</run_address>
         <size>0x140</size>
         <input_file_ref idref="fl-9"/>
      </object_component>
      <object_component id="oc-16e">
         <name>.bss:xDelayedTaskList1</name>
         <uninitialized>true</uninitialized>
         <run_address>0x20005644</run_address>
         <size>0x14</size>
         <input_file_ref idref="fl-9"/>
      </object_component>
      <object_component id="oc-171">
         <name>.bss:xDelayedTaskList2</name>
         <uninitialized>true</uninitialized>
         <run_address>0x20005658</run_address>
         <size>0x14</size>
         <input_file_ref idref="fl-9"/>
      </object_component>
      <object_component id="oc-15e">
         <name>.bss</name>
         <uninitialized>true</uninitialized>
         <run_address>0x200056b8</run_address>
         <size>0x8</size>
         <input_file_ref idref="fl-9"/>
      </object_component>
      <object_component id="oc-158">
         <name>.bss:xPendingReadyList</name>
         <uninitialized>true</uninitialized>
         <run_address>0x2000566c</run_address>
         <size>0x14</size>
         <input_file_ref idref="fl-9"/>
      </object_component>
      <object_component id="oc-174">
         <name>.bss:xTasksWaitingTermination</name>
         <uninitialized>true</uninitialized>
         <run_address>0x20005694</run_address>
         <size>0x14</size>
         <input_file_ref idref="fl-9"/>
      </object_component>
      <object_component id="oc-155">
         <name>.bss:xSuspendedTaskList</name>
         <uninitialized>true</uninitialized>
         <run_address>0x20005680</run_address>
         <size>0x14</size>
         <input_file_ref idref="fl-9"/>
      </object_component>
      <object_component id="oc-2b7">
         <name>.bss:xActiveTimerList1</name>
         <uninitialized>true</uninitialized>
         <run_address>0x2000561c</run_address>
         <size>0x14</size>
         <input_file_ref idref="fl-a"/>
      </object_component>
      <object_component id="oc-2ba">
         <name>.bss:xActiveTimerList2</name>
         <uninitialized>true</uninitialized>
         <run_address>0x20005630</run_address>
         <size>0x14</size>
         <input_file_ref idref="fl-a"/>
      </object_component>
      <object_component id="oc-2bd">
         <name>.bss</name>
         <uninitialized>true</uninitialized>
         <run_address>0x200056c0</run_address>
         <size>0x8</size>
         <input_file_ref idref="fl-a"/>
      </object_component>
      <object_component id="oc-2a9">
         <name>.bss:ucHeap</name>
         <uninitialized>true</uninitialized>
         <run_address>0x2000026c</run_address>
         <size>0x5000</size>
         <input_file_ref idref="fl-d"/>
      </object_component>
      <object_component id="oc-2a6">
         <name>.bss:xStart</name>
         <uninitialized>true</uninitialized>
         <run_address>0x200056c8</run_address>
         <size>0x8</size>
         <input_file_ref idref="fl-d"/>
      </object_component>
      <object_component id="oc-b5">
         <name>.bss</name>
         <uninitialized>true</uninitialized>
         <run_address>0x200056a8</run_address>
         <size>0x10</size>
         <input_file_ref idref="fl-34"/>
      </object_component>
      <object_component id="oc-bb">
         <name>.bss:g_pcUARTRxHistoryBuffer</name>
         <uninitialized>true</uninitialized>
         <run_address>0x2000526c</run_address>
         <size>0x200</size>
         <input_file_ref idref="fl-34"/>
      </object_component>
      <object_component id="oc-be">
         <name>.bss:g_usUARTRxHistoryOffset</name>
         <uninitialized>true</uninitialized>
         <run_address>0x200055fc</run_address>
         <size>0x20</size>
         <input_file_ref idref="fl-34"/>
      </object_component>
      <object_component id="oc-1b7">
         <name>.common:xQueueRegistry</name>
         <uninitialized>true</uninitialized>
         <run_address>0x200055ac</run_address>
         <size>0x50</size>
      </object_component>
      <object_component id="oc-24">
         <name>.stack</name>
         <uninitialized>true</uninitialized>
         <run_address>0x200056d8</run_address>
         <size>0x4</size>
         <input_file_ref idref="fl-f9"/>
      </object_component>
      <object_component id="oc-4eb">
         <name>.stack</name>
         <uninitialized>true</uninitialized>
         <run_address>0x200056d8</run_address>
         <size>0x0</size>
      </object_component>
      <object_component id="oc-10b">
         <name>.debug_info</name>
         <load_address>0x0</load_address>
         <run_address>0x0</run_address>
         <size>0x8c4</size>
         <input_file_ref idref="fl-2"/>
      </object_component>
      <object_component id="oc-103">
         <name>.debug_info</name>
         <load_address>0x8c4</load_address>
         <run_address>0x8c4</run_address>
         <size>0xee</size>
         <input_file_ref idref="fl-2"/>
      </object_component>
      <object_component id="oc-100">
         <name>.debug_info</name>
         <load_address>0x9b2</load_address>
         <run_address>0x9b2</run_address>
         <size>0x1b0</size>
         <input_file_ref idref="fl-2"/>
      </object_component>
      <object_component id="oc-3f">
         <name>.debug_info</name>
         <load_address>0xb62</load_address>
         <run_address>0xb62</run_address>
         <size>0x647</size>
         <input_file_ref idref="fl-2"/>
      </object_component>
      <object_component id="oc-106">
         <name>.debug_info</name>
         <load_address>0x11a9</load_address>
         <run_address>0x11a9</run_address>
         <size>0x315</size>
         <input_file_ref idref="fl-2"/>
      </object_component>
      <object_component id="oc-113">
         <name>.debug_info</name>
         <load_address>0x14be</load_address>
         <run_address>0x14be</run_address>
         <size>0x26b</size>
         <input_file_ref idref="fl-2"/>
      </object_component>
      <object_component id="oc-1b2">
         <name>.debug_info</name>
         <load_address>0x1729</load_address>
         <run_address>0x1729</run_address>
         <size>0x461</size>
         <input_file_ref idref="fl-2"/>
      </object_component>
      <object_component id="oc-10c">
         <name>.debug_info</name>
         <load_address>0x1b8a</load_address>
         <run_address>0x1b8a</run_address>
         <size>0x42</size>
         <input_file_ref idref="fl-2"/>
      </object_component>
      <object_component id="oc-d0">
         <name>.debug_info</name>
         <load_address>0x1bcc</load_address>
         <run_address>0x1bcc</run_address>
         <size>0x8b</size>
         <input_file_ref idref="fl-2"/>
      </object_component>
      <object_component id="oc-97">
         <name>.debug_info</name>
         <load_address>0x1c57</load_address>
         <run_address>0x1c57</run_address>
         <size>0x2c</size>
         <input_file_ref idref="fl-2"/>
      </object_component>
      <object_component id="oc-235">
         <name>.debug_info</name>
         <load_address>0x1c83</load_address>
         <run_address>0x1c83</run_address>
         <size>0x4f</size>
         <input_file_ref idref="fl-2"/>
      </object_component>
      <object_component id="oc-1e9">
         <name>.debug_info</name>
         <load_address>0x1cd2</load_address>
         <run_address>0x1cd2</run_address>
         <size>0x2a4</size>
         <input_file_ref idref="fl-2"/>
      </object_component>
      <object_component id="oc-1c7">
         <name>.debug_info</name>
         <load_address>0x1f76</load_address>
         <run_address>0x1f76</run_address>
         <size>0xef</size>
         <input_file_ref idref="fl-2"/>
      </object_component>
      <object_component id="oc-cb">
         <name>.debug_info</name>
         <load_address>0x2065</load_address>
         <run_address>0x2065</run_address>
         <size>0xbb</size>
         <input_file_ref idref="fl-2"/>
      </object_component>
      <object_component id="oc-1a8">
         <name>.debug_info</name>
         <load_address>0x2120</load_address>
         <run_address>0x2120</run_address>
         <size>0x53</size>
         <input_file_ref idref="fl-2"/>
      </object_component>
      <object_component id="oc-9c">
         <name>.debug_info</name>
         <load_address>0x2173</load_address>
         <run_address>0x2173</run_address>
         <size>0x53</size>
         <input_file_ref idref="fl-2"/>
      </object_component>
      <object_component id="oc-1ad">
         <name>.debug_info</name>
         <load_address>0x21c6</load_address>
         <run_address>0x21c6</run_address>
         <size>0x14c</size>
         <input_file_ref idref="fl-2"/>
      </object_component>
      <object_component id="oc-46">
         <name>.debug_info</name>
         <load_address>0x2312</load_address>
         <run_address>0x2312</run_address>
         <size>0x37d</size>
         <input_file_ref idref="fl-3"/>
      </object_component>
      <object_component id="oc-13">
         <name>.debug_info</name>
         <load_address>0x268f</load_address>
         <run_address>0x268f</run_address>
         <size>0xe8</size>
         <input_file_ref idref="fl-3"/>
      </object_component>
      <object_component id="oc-2a">
         <name>.debug_info</name>
         <load_address>0x2777</load_address>
         <run_address>0x2777</run_address>
         <size>0x1fc</size>
         <input_file_ref idref="fl-3"/>
      </object_component>
      <object_component id="oc-4d">
         <name>.debug_info</name>
         <load_address>0x2973</load_address>
         <run_address>0x2973</run_address>
         <size>0x84</size>
         <input_file_ref idref="fl-3"/>
      </object_component>
      <object_component id="oc-22e">
         <name>.debug_info</name>
         <load_address>0x29f7</load_address>
         <run_address>0x29f7</run_address>
         <size>0x6f9</size>
         <input_file_ref idref="fl-5"/>
      </object_component>
      <object_component id="oc-fb">
         <name>.debug_info</name>
         <load_address>0x30f0</load_address>
         <run_address>0x30f0</run_address>
         <size>0x1742</size>
         <input_file_ref idref="fl-5"/>
      </object_component>
      <object_component id="oc-19f">
         <name>.debug_info</name>
         <load_address>0x4832</load_address>
         <run_address>0x4832</run_address>
         <size>0x110</size>
         <input_file_ref idref="fl-5"/>
      </object_component>
      <object_component id="oc-294">
         <name>.debug_info</name>
         <load_address>0x4942</load_address>
         <run_address>0x4942</run_address>
         <size>0x461</size>
         <input_file_ref idref="fl-5"/>
      </object_component>
      <object_component id="oc-32a">
         <name>.debug_info</name>
         <load_address>0x4da3</load_address>
         <run_address>0x4da3</run_address>
         <size>0x76</size>
         <input_file_ref idref="fl-5"/>
      </object_component>
      <object_component id="oc-229">
         <name>.debug_info</name>
         <load_address>0x4e19</load_address>
         <run_address>0x4e19</run_address>
         <size>0x39</size>
         <input_file_ref idref="fl-5"/>
      </object_component>
      <object_component id="oc-35e">
         <name>.debug_info</name>
         <load_address>0x4e52</load_address>
         <run_address>0x4e52</run_address>
         <size>0x109</size>
         <input_file_ref idref="fl-5"/>
      </object_component>
      <object_component id="oc-29a">
         <name>.debug_info</name>
         <load_address>0x4f5b</load_address>
         <run_address>0x4f5b</run_address>
         <size>0x38e</size>
         <input_file_ref idref="fl-6"/>
      </object_component>
      <object_component id="oc-150">
         <name>.debug_info</name>
         <load_address>0x52e9</load_address>
         <run_address>0x52e9</run_address>
         <size>0x4f3</size>
         <input_file_ref idref="fl-6"/>
      </object_component>
      <object_component id="oc-1b8">
         <name>.debug_info</name>
         <load_address>0x57dc</load_address>
         <run_address>0x57dc</run_address>
         <size>0x7c1</size>
         <input_file_ref idref="fl-7"/>
      </object_component>
      <object_component id="oc-a2">
         <name>.debug_info</name>
         <load_address>0x5f9d</load_address>
         <run_address>0x5f9d</run_address>
         <size>0x2e50</size>
         <input_file_ref idref="fl-7"/>
      </object_component>
      <object_component id="oc-2f0">
         <name>.debug_info</name>
         <load_address>0x8ded</load_address>
         <run_address>0x8ded</run_address>
         <size>0x23f</size>
         <input_file_ref idref="fl-7"/>
      </object_component>
      <object_component id="oc-1bb">
         <name>.debug_info</name>
         <load_address>0x902c</load_address>
         <run_address>0x902c</run_address>
         <size>0x46</size>
         <input_file_ref idref="fl-7"/>
      </object_component>
      <object_component id="oc-28a">
         <name>.debug_info</name>
         <load_address>0x9072</load_address>
         <run_address>0x9072</run_address>
         <size>0x35</size>
         <input_file_ref idref="fl-7"/>
      </object_component>
      <object_component id="oc-241">
         <name>.debug_info</name>
         <load_address>0x90a7</load_address>
         <run_address>0x90a7</run_address>
         <size>0x2c</size>
         <input_file_ref idref="fl-8"/>
      </object_component>
      <object_component id="oc-147">
         <name>.debug_info</name>
         <load_address>0x90d3</load_address>
         <run_address>0x90d3</run_address>
         <size>0x97d</size>
         <input_file_ref idref="fl-9"/>
      </object_component>
      <object_component id="oc-86">
         <name>.debug_info</name>
         <load_address>0x9a50</load_address>
         <run_address>0x9a50</run_address>
         <size>0x3b9</size>
         <input_file_ref idref="fl-9"/>
      </object_component>
      <object_component id="oc-15c">
         <name>.debug_info</name>
         <load_address>0x9e09</load_address>
         <run_address>0x9e09</run_address>
         <size>0xfc</size>
         <input_file_ref idref="fl-9"/>
      </object_component>
      <object_component id="oc-16f">
         <name>.debug_info</name>
         <load_address>0x9f05</load_address>
         <run_address>0x9f05</run_address>
         <size>0xfc</size>
         <input_file_ref idref="fl-9"/>
      </object_component>
      <object_component id="oc-172">
         <name>.debug_info</name>
         <load_address>0xa001</load_address>
         <run_address>0xa001</run_address>
         <size>0xfc</size>
         <input_file_ref idref="fl-9"/>
      </object_component>
      <object_component id="oc-15f">
         <name>.debug_info</name>
         <load_address>0xa0fd</load_address>
         <run_address>0xa0fd</run_address>
         <size>0x13f</size>
         <input_file_ref idref="fl-9"/>
      </object_component>
      <object_component id="oc-159">
         <name>.debug_info</name>
         <load_address>0xa23c</load_address>
         <run_address>0xa23c</run_address>
         <size>0xfc</size>
         <input_file_ref idref="fl-9"/>
      </object_component>
      <object_component id="oc-175">
         <name>.debug_info</name>
         <load_address>0xa338</load_address>
         <run_address>0xa338</run_address>
         <size>0x10a</size>
         <input_file_ref idref="fl-9"/>
      </object_component>
      <object_component id="oc-156">
         <name>.debug_info</name>
         <load_address>0xa442</load_address>
         <run_address>0xa442</run_address>
         <size>0xfe</size>
         <input_file_ref idref="fl-9"/>
      </object_component>
      <object_component id="oc-184">
         <name>.debug_info</name>
         <load_address>0xa540</load_address>
         <run_address>0xa540</run_address>
         <size>0xfd</size>
         <input_file_ref idref="fl-9"/>
      </object_component>
      <object_component id="oc-8d">
         <name>.debug_info</name>
         <load_address>0xa63d</load_address>
         <run_address>0xa63d</run_address>
         <size>0x5123</size>
         <input_file_ref idref="fl-9"/>
      </object_component>
      <object_component id="oc-148">
         <name>.debug_info</name>
         <load_address>0xf760</load_address>
         <run_address>0xf760</run_address>
         <size>0x30c</size>
         <input_file_ref idref="fl-9"/>
      </object_component>
      <object_component id="oc-d6">
         <name>.debug_info</name>
         <load_address>0xfa6c</load_address>
         <run_address>0xfa6c</run_address>
         <size>0x2c</size>
         <input_file_ref idref="fl-9"/>
      </object_component>
      <object_component id="oc-28f">
         <name>.debug_info</name>
         <load_address>0xfa98</load_address>
         <run_address>0xfa98</run_address>
         <size>0x130</size>
         <input_file_ref idref="fl-9"/>
      </object_component>
      <object_component id="oc-2c6">
         <name>.debug_info</name>
         <load_address>0xfbc8</load_address>
         <run_address>0xfbc8</run_address>
         <size>0x878</size>
         <input_file_ref idref="fl-a"/>
      </object_component>
      <object_component id="oc-2b8">
         <name>.debug_info</name>
         <load_address>0x10440</load_address>
         <run_address>0x10440</run_address>
         <size>0xfc</size>
         <input_file_ref idref="fl-a"/>
      </object_component>
      <object_component id="oc-2bb">
         <name>.debug_info</name>
         <load_address>0x1053c</load_address>
         <run_address>0x1053c</run_address>
         <size>0xfc</size>
         <input_file_ref idref="fl-a"/>
      </object_component>
      <object_component id="oc-2be">
         <name>.debug_info</name>
         <load_address>0x10638</load_address>
         <run_address>0x10638</run_address>
         <size>0x134</size>
         <input_file_ref idref="fl-a"/>
      </object_component>
      <object_component id="oc-2b5">
         <name>.debug_info</name>
         <load_address>0x1076c</load_address>
         <run_address>0x1076c</run_address>
         <size>0x120</size>
         <input_file_ref idref="fl-a"/>
      </object_component>
      <object_component id="oc-179">
         <name>.debug_info</name>
         <load_address>0x1088c</load_address>
         <run_address>0x1088c</run_address>
         <size>0x2450</size>
         <input_file_ref idref="fl-a"/>
      </object_component>
      <object_component id="oc-2c7">
         <name>.debug_info</name>
         <load_address>0x12cdc</load_address>
         <run_address>0x12cdc</run_address>
         <size>0x1e2</size>
         <input_file_ref idref="fl-a"/>
      </object_component>
      <object_component id="oc-1d7">
         <name>.debug_info</name>
         <load_address>0x12ebe</load_address>
         <run_address>0x12ebe</run_address>
         <size>0x4f</size>
         <input_file_ref idref="fl-a"/>
      </object_component>
      <object_component id="oc-2c1">
         <name>.debug_info</name>
         <load_address>0x12f0d</load_address>
         <run_address>0x12f0d</run_address>
         <size>0x46</size>
         <input_file_ref idref="fl-a"/>
      </object_component>
      <object_component id="oc-96">
         <name>.debug_info</name>
         <load_address>0x12f53</load_address>
         <run_address>0x12f53</run_address>
         <size>0x465</size>
         <input_file_ref idref="fl-b"/>
      </object_component>
      <object_component id="oc-89">
         <name>.debug_info</name>
         <load_address>0x133b8</load_address>
         <run_address>0x133b8</run_address>
         <size>0x129</size>
         <input_file_ref idref="fl-b"/>
      </object_component>
      <object_component id="oc-93">
         <name>.debug_info</name>
         <load_address>0x134e1</load_address>
         <run_address>0x134e1</run_address>
         <size>0x110</size>
         <input_file_ref idref="fl-b"/>
      </object_component>
      <object_component id="oc-33">
         <name>.debug_info</name>
         <load_address>0x135f1</load_address>
         <run_address>0x135f1</run_address>
         <size>0x734</size>
         <input_file_ref idref="fl-b"/>
      </object_component>
      <object_component id="oc-2e">
         <name>.debug_info</name>
         <load_address>0x13d25</load_address>
         <run_address>0x13d25</run_address>
         <size>0x25e</size>
         <input_file_ref idref="fl-c"/>
      </object_component>
      <object_component id="oc-2ad">
         <name>.debug_info</name>
         <load_address>0x13f83</load_address>
         <run_address>0x13f83</run_address>
         <size>0x4c1</size>
         <input_file_ref idref="fl-d"/>
      </object_component>
      <object_component id="oc-2aa">
         <name>.debug_info</name>
         <load_address>0x14444</load_address>
         <run_address>0x14444</run_address>
         <size>0xf7</size>
         <input_file_ref idref="fl-d"/>
      </object_component>
      <object_component id="oc-2a7">
         <name>.debug_info</name>
         <load_address>0x1453b</load_address>
         <run_address>0x1453b</run_address>
         <size>0xf7</size>
         <input_file_ref idref="fl-d"/>
      </object_component>
      <object_component id="oc-2a4">
         <name>.debug_info</name>
         <load_address>0x14632</load_address>
         <run_address>0x14632</run_address>
         <size>0x203</size>
         <input_file_ref idref="fl-d"/>
      </object_component>
      <object_component id="oc-163">
         <name>.debug_info</name>
         <load_address>0x14835</load_address>
         <run_address>0x14835</run_address>
         <size>0xad9</size>
         <input_file_ref idref="fl-d"/>
      </object_component>
      <object_component id="oc-355">
         <name>.debug_info</name>
         <load_address>0x1530e</load_address>
         <run_address>0x1530e</run_address>
         <size>0x62</size>
         <input_file_ref idref="fl-d"/>
      </object_component>
      <object_component id="oc-19a">
         <name>.debug_info</name>
         <load_address>0x15370</load_address>
         <run_address>0x15370</run_address>
         <size>0x31c</size>
         <input_file_ref idref="fl-12"/>
      </object_component>
      <object_component id="oc-209">
         <name>.debug_info</name>
         <load_address>0x1568c</load_address>
         <run_address>0x1568c</run_address>
         <size>0x366</size>
         <input_file_ref idref="fl-1b"/>
      </object_component>
      <object_component id="oc-203">
         <name>.debug_info</name>
         <load_address>0x159f2</load_address>
         <run_address>0x159f2</run_address>
         <size>0x106</size>
         <input_file_ref idref="fl-1b"/>
      </object_component>
      <object_component id="oc-206">
         <name>.debug_info</name>
         <load_address>0x15af8</load_address>
         <run_address>0x15af8</run_address>
         <size>0x108</size>
         <input_file_ref idref="fl-1b"/>
      </object_component>
      <object_component id="oc-200">
         <name>.debug_info</name>
         <load_address>0x15c00</load_address>
         <run_address>0x15c00</run_address>
         <size>0xfa</size>
         <input_file_ref idref="fl-1b"/>
      </object_component>
      <object_component id="oc-e3">
         <name>.debug_info</name>
         <load_address>0x15cfa</load_address>
         <run_address>0x15cfa</run_address>
         <size>0x2eb9</size>
         <input_file_ref idref="fl-1b"/>
      </object_component>
      <object_component id="oc-227">
         <name>.debug_info</name>
         <load_address>0x18bb3</load_address>
         <run_address>0x18bb3</run_address>
         <size>0x343</size>
         <input_file_ref idref="fl-1e"/>
      </object_component>
      <object_component id="oc-218">
         <name>.debug_info</name>
         <load_address>0x18ef6</load_address>
         <run_address>0x18ef6</run_address>
         <size>0xf5</size>
         <input_file_ref idref="fl-1e"/>
      </object_component>
      <object_component id="oc-215">
         <name>.debug_info</name>
         <load_address>0x18feb</load_address>
         <run_address>0x18feb</run_address>
         <size>0xed</size>
         <input_file_ref idref="fl-1e"/>
      </object_component>
      <object_component id="oc-221">
         <name>.debug_info</name>
         <load_address>0x190d8</load_address>
         <run_address>0x190d8</run_address>
         <size>0xf1</size>
         <input_file_ref idref="fl-1e"/>
      </object_component>
      <object_component id="oc-224">
         <name>.debug_info</name>
         <load_address>0x191c9</load_address>
         <run_address>0x191c9</run_address>
         <size>0xf7</size>
         <input_file_ref idref="fl-1e"/>
      </object_component>
      <object_component id="oc-21b">
         <name>.debug_info</name>
         <load_address>0x192c0</load_address>
         <run_address>0x192c0</run_address>
         <size>0xf5</size>
         <input_file_ref idref="fl-1e"/>
      </object_component>
      <object_component id="oc-21e">
         <name>.debug_info</name>
         <load_address>0x193b5</load_address>
         <run_address>0x193b5</run_address>
         <size>0xf9</size>
         <input_file_ref idref="fl-1e"/>
      </object_component>
      <object_component id="oc-212">
         <name>.debug_info</name>
         <load_address>0x194ae</load_address>
         <run_address>0x194ae</run_address>
         <size>0xf6</size>
         <input_file_ref idref="fl-1e"/>
      </object_component>
      <object_component id="oc-f5">
         <name>.debug_info</name>
         <load_address>0x195a4</load_address>
         <run_address>0x195a4</run_address>
         <size>0xb74</size>
         <input_file_ref idref="fl-1e"/>
      </object_component>
      <object_component id="oc-20b">
         <name>.debug_info</name>
         <load_address>0x1a118</load_address>
         <run_address>0x1a118</run_address>
         <size>0x318</size>
         <input_file_ref idref="fl-22"/>
      </object_component>
      <object_component id="oc-eb">
         <name>.debug_info</name>
         <load_address>0x1a430</load_address>
         <run_address>0x1a430</run_address>
         <size>0x2688</size>
         <input_file_ref idref="fl-22"/>
      </object_component>
      <object_component id="oc-1fe">
         <name>.debug_info</name>
         <load_address>0x1cab8</load_address>
         <run_address>0x1cab8</run_address>
         <size>0x3c8</size>
         <input_file_ref idref="fl-27"/>
      </object_component>
      <object_component id="oc-1f1">
         <name>.debug_info</name>
         <load_address>0x1ce80</load_address>
         <run_address>0x1ce80</run_address>
         <size>0xec</size>
         <input_file_ref idref="fl-27"/>
      </object_component>
      <object_component id="oc-1fb">
         <name>.debug_info</name>
         <load_address>0x1cf6c</load_address>
         <run_address>0x1cf6c</run_address>
         <size>0xf8</size>
         <input_file_ref idref="fl-27"/>
      </object_component>
      <object_component id="oc-1f5">
         <name>.debug_info</name>
         <load_address>0x1d064</load_address>
         <run_address>0x1d064</run_address>
         <size>0xf2</size>
         <input_file_ref idref="fl-27"/>
      </object_component>
      <object_component id="oc-1f8">
         <name>.debug_info</name>
         <load_address>0x1d156</load_address>
         <run_address>0x1d156</run_address>
         <size>0xff</size>
         <input_file_ref idref="fl-27"/>
      </object_component>
      <object_component id="oc-dd">
         <name>.debug_info</name>
         <load_address>0x1d255</load_address>
         <run_address>0x1d255</run_address>
         <size>0x2a7a</size>
         <input_file_ref idref="fl-27"/>
      </object_component>
      <object_component id="oc-306">
         <name>.debug_info</name>
         <load_address>0x1fccf</load_address>
         <run_address>0x1fccf</run_address>
         <size>0x51</size>
         <input_file_ref idref="fl-27"/>
      </object_component>
      <object_component id="oc-374">
         <name>.debug_info</name>
         <load_address>0x1fd20</load_address>
         <run_address>0x1fd20</run_address>
         <size>0x353</size>
         <input_file_ref idref="fl-2a"/>
      </object_component>
      <object_component id="oc-36e">
         <name>.debug_info</name>
         <load_address>0x20073</load_address>
         <run_address>0x20073</run_address>
         <size>0xf9</size>
         <input_file_ref idref="fl-2a"/>
      </object_component>
      <object_component id="oc-371">
         <name>.debug_info</name>
         <load_address>0x2016c</load_address>
         <run_address>0x2016c</run_address>
         <size>0x10b</size>
         <input_file_ref idref="fl-2a"/>
      </object_component>
      <object_component id="oc-2d0">
         <name>.debug_info</name>
         <load_address>0x20277</load_address>
         <run_address>0x20277</run_address>
         <size>0x2373</size>
         <input_file_ref idref="fl-2a"/>
      </object_component>
      <object_component id="oc-1cc">
         <name>.debug_info</name>
         <load_address>0x225ea</load_address>
         <run_address>0x225ea</run_address>
         <size>0x348</size>
         <input_file_ref idref="fl-2b"/>
      </object_component>
      <object_component id="oc-1c1">
         <name>.debug_info</name>
         <load_address>0x22932</load_address>
         <run_address>0x22932</run_address>
         <size>0xf6</size>
         <input_file_ref idref="fl-2b"/>
      </object_component>
      <object_component id="oc-1c4">
         <name>.debug_info</name>
         <load_address>0x22a28</load_address>
         <run_address>0x22a28</run_address>
         <size>0x108</size>
         <input_file_ref idref="fl-2b"/>
      </object_component>
      <object_component id="oc-ab">
         <name>.debug_info</name>
         <load_address>0x22b30</load_address>
         <run_address>0x22b30</run_address>
         <size>0x267b</size>
         <input_file_ref idref="fl-2b"/>
      </object_component>
      <object_component id="oc-210">
         <name>.debug_info</name>
         <load_address>0x251ab</load_address>
         <run_address>0x251ab</run_address>
         <size>0x275</size>
         <input_file_ref idref="fl-2f"/>
      </object_component>
      <object_component id="oc-20d">
         <name>.debug_info</name>
         <load_address>0x25420</load_address>
         <run_address>0x25420</run_address>
         <size>0xf5</size>
         <input_file_ref idref="fl-2f"/>
      </object_component>
      <object_component id="oc-f1">
         <name>.debug_info</name>
         <load_address>0x25515</load_address>
         <run_address>0x25515</run_address>
         <size>0x2b6</size>
         <input_file_ref idref="fl-2f"/>
      </object_component>
      <object_component id="oc-180">
         <name>.debug_info</name>
         <load_address>0x257cb</load_address>
         <run_address>0x257cb</run_address>
         <size>0x1a0</size>
         <input_file_ref idref="fl-31"/>
      </object_component>
      <object_component id="oc-168">
         <name>.debug_info</name>
         <load_address>0x2596b</load_address>
         <run_address>0x2596b</run_address>
         <size>0x15c</size>
         <input_file_ref idref="fl-31"/>
      </object_component>
      <object_component id="oc-d5">
         <name>.debug_info</name>
         <load_address>0x25ac7</load_address>
         <run_address>0x25ac7</run_address>
         <size>0x6af</size>
         <input_file_ref idref="fl-34"/>
      </object_component>
      <object_component id="oc-b6">
         <name>.debug_info</name>
         <load_address>0x26176</load_address>
         <run_address>0x26176</run_address>
         <size>0x163</size>
         <input_file_ref idref="fl-34"/>
      </object_component>
      <object_component id="oc-bc">
         <name>.debug_info</name>
         <load_address>0x262d9</load_address>
         <run_address>0x262d9</run_address>
         <size>0x101</size>
         <input_file_ref idref="fl-34"/>
      </object_component>
      <object_component id="oc-bf">
         <name>.debug_info</name>
         <load_address>0x263da</load_address>
         <run_address>0x263da</run_address>
         <size>0x101</size>
         <input_file_ref idref="fl-34"/>
      </object_component>
      <object_component id="oc-b3">
         <name>.debug_info</name>
         <load_address>0x264db</load_address>
         <run_address>0x264db</run_address>
         <size>0x1f3</size>
         <input_file_ref idref="fl-34"/>
      </object_component>
      <object_component id="oc-b9">
         <name>.debug_info</name>
         <load_address>0x266ce</load_address>
         <run_address>0x266ce</run_address>
         <size>0xe1</size>
         <input_file_ref idref="fl-34"/>
      </object_component>
      <object_component id="oc-c2">
         <name>.debug_info</name>
         <load_address>0x267af</load_address>
         <run_address>0x267af</run_address>
         <size>0xef</size>
         <input_file_ref idref="fl-34"/>
      </object_component>
      <object_component id="oc-c8">
         <name>.debug_info</name>
         <load_address>0x2689e</load_address>
         <run_address>0x2689e</run_address>
         <size>0xed</size>
[...]
      </symbol>
      <symbol id="sm-986">
         <name>TimerConfigure</name>
         <value>0x516d</value>
         <object_component_ref idref="oc-2cc"/>
      </symbol>
      <symbol id="sm-987">
         <name>TimerControlEvent</name>
         <value>0x515b</value>
         <object_component_ref idref="oc-2cc"/>
      </symbol>
      <symbol id="sm-988">
         <name>TimerIntClear</name>
         <value>0x5087</value>
         <object_component_ref idref="oc-2cc"/>
      </symbol>
      <symbol id="sm-989">
         <name>TimerSynchronize</name>
         <value>0x4f37</value>
         <object_component_ref idref="oc-2cc"/>
      </symbol>
      <symbol id="sm-9f2">
         <name>UARTClockSourceGet</name>
         <value>0x5421</value>
         <object_component_ref idref="oc-a7"/>
      </symbol>
      <symbol id="sm-9f3">
         <name>UARTCharPutNonBlocking</name>
         <value>0x5435</value>
         <object_component_ref idref="oc-a7"/>
      </symbol>
      <symbol id="sm-9f4">
         <name>UARTDMAEnable</name>
         <value>0x539d</value>
         <object_component_ref idref="oc-a7"/>
      </symbol>
      <symbol id="sm-9f5">
         <name>UARTTxIntModeSet</name>
         <value>0x51f1</value>
         <object_component_ref idref="oc-a7"/>
      </symbol>
      <symbol id="sm-9f6">
         <name>UARTFIFODisable</name>
         <value>0x5345</value>
         <object_component_ref idref="oc-a7"/>
      </symbol>
      <symbol id="sm-9f7">
         <name>UARTIntUnregister</name>
         <value>0x52c5</value>
         <object_component_ref idref="oc-a7"/>
      </symbol>
      <symbol id="sm-9f8">
         <name>UARTModemControlSet</name>
         <value>0x525f</value>
         <object_component_ref idref="oc-a7"/>
      </symbol>
      <symbol id="sm-9f9">
         <name>UARTRxErrorClear</name>
         <value>0x523b</value>
         <object_component_ref idref="oc-a7"/>
      </symbol>
      <symbol id="sm-9fa">
         <name>UARTFlowControlSet</name>
         <value>0x5311</value>
         <object_component_ref idref="oc-a7"/>
      </symbol>
      <symbol id="sm-9fb">
         <name>UARTConfigSetExpClk</name>
         <value>0x53af</value>
         <object_component_ref idref="oc-a7"/>
      </symbol>
      <symbol id="sm-9fc">
         <name>UARTSmartCardDisable</name>
         <value>0x5229</value>
         <object_component_ref idref="oc-a7"/>
      </symbol>
      <symbol id="sm-9fd">
         <name>UARTDisable</name>
         <value>0x5385</value>
         <object_component_ref idref="oc-a7"/>
      </symbol>
      <symbol id="sm-9fe">
         <name>UART9BitDisable</name>
         <value>0x5493</value>
         <object_component_ref idref="oc-a7"/>
      </symbol>
      <symbol id="sm-9ff">
         <name>UARTFIFOLevelGet</name>
         <value>0x532b</value>
         <object_component_ref idref="oc-a7"/>
      </symbol>
      <symbol id="sm-a00">
         <name>UARTBusy</name>
         <value>0x5469</value>
         <object_component_ref idref="oc-a7"/>
      </symbol>
      <symbol id="sm-a01">
         <name>UARTDisableSIR</name>
         <value>0x537b</value>
         <object_component_ref idref="oc-a7"/>
      </symbol>
      <symbol id="sm-a02">
         <name>UARTLoopbackEnable</name>
         <value>0x5285</value>
         <object_component_ref idref="oc-a7"/>
      </symbol>
      <symbol id="sm-a03">
         <name>UARTIntEnable</name>
         <value>0x52fb</value>
         <object_component_ref idref="oc-a7"/>
      </symbol>
      <symbol id="sm-a04">
         <name>UARTCharsAvail</name>
         <value>0x5427</value>
         <object_component_ref idref="oc-a7"/>
      </symbol>
      <symbol id="sm-a05">
         <name>UARTCharGetNonBlocking</name>
         <value>0x544f</value>
         <object_component_ref idref="oc-a7"/>
      </symbol>
      <symbol id="sm-a06">
         <name>UARTClockSourceSet</name>
         <value>0x541b</value>
         <object_component_ref idref="oc-a7"/>
      </symbol>
      <symbol id="sm-a07">
         <name>UARTTxIntModeGet</name>
         <value>0x51fd</value>
         <object_component_ref idref="oc-a7"/>
      </symbol>
      <symbol id="sm-a08">
         <name>UARTModemStatusGet</name>
         <value>0x5255</value>
         <object_component_ref idref="oc-a7"/>
      </symbol>
      <symbol id="sm-a09">
         <name>UARTIntDisable</name>
         <value>0x5303</value>
         <object_component_ref idref="oc-a7"/>
      </symbol>
      <symbol id="sm-a0a">
         <name>UARTCharPut</name>
         <value>0x5445</value>
         <object_component_ref idref="oc-a7"/>
      </symbol>
      <symbol id="sm-a0b">
         <name>UARTParityModeSet</name>
         <value>0x5241</value>
         <object_component_ref idref="oc-a7"/>
      </symbol>
      <symbol id="sm-a0c">
         <name>UARTRxErrorGet</name>
         <value>0x5233</value>
         <object_component_ref idref="oc-a7"/>
      </symbol>
      <symbol id="sm-a0d">
         <name>UARTConfigGetExpClk</name>
         <value>0x53f3</value>
         <object_component_ref idref="oc-a7"/>
      </symbol>
      <symbol id="sm-a0e">
         <name>UARTEnableSIR</name>
         <value>0x534f</value>
         <object_component_ref idref="oc-a7"/>
      </symbol>
      <symbol id="sm-a0f">
         <name>UARTEnable</name>
         <value>0x5367</value>
         <object_component_ref idref="oc-a7"/>
      </symbol>
      <symbol id="sm-a10">
         <name>UART9BitAddrSend</name>
         <value>0x54ab</value>
         <object_component_ref idref="oc-a7"/>
      </symbol>
      <symbol id="sm-a11">
         <name>UARTModemControlGet</name>
         <value>0x526b</value>
         <object_component_ref idref="oc-a7"/>
      </symbol>
      <symbol id="sm-a12">
         <name>UARTSmartCardEnable</name>
         <value>0x5213</value>
         <object_component_ref idref="oc-a7"/>
      </symbol>
      <symbol id="sm-a13">
         <name>UARTFlowControlGet</name>
         <value>0x531d</value>
         <object_component_ref idref="oc-a7"/>
      </symbol>
      <symbol id="sm-a14">
         <name>UARTFIFOEnable</name>
         <value>0x533b</value>
         <object_component_ref idref="oc-a7"/>
      </symbol>
      <symbol id="sm-a15">
         <name>UARTIntClear</name>
         <value>0x530d</value>
         <object_component_ref idref="oc-a7"/>
      </symbol>
      <symbol id="sm-a16">
         <name>UARTIntStatus</name>
         <value>0x52d9</value>
         <object_component_ref idref="oc-a7"/>
      </symbol>
      <symbol id="sm-a17">
         <name>UARTDMADisable</name>
         <value>0x53a5</value>
         <object_component_ref idref="oc-a7"/>
      </symbol>
      <symbol id="sm-a18">
         <name>UART9BitEnable</name>
         <value>0x5485</value>
         <object_component_ref idref="oc-a7"/>
      </symbol>
      <symbol id="sm-a19">
         <name>UARTSpaceAvail</name>
         <value>0x5205</value>
         <object_component_ref idref="oc-a7"/>
      </symbol>
      <symbol id="sm-a1a">
         <name>UARTCharGet</name>
         <value>0x545f</value>
         <object_component_ref idref="oc-a7"/>
      </symbol>
      <symbol id="sm-a1b">
         <name>UARTFIFOLevelSet</name>
         <value>0x5325</value>
         <object_component_ref idref="oc-a7"/>
      </symbol>
      <symbol id="sm-a1c">
         <name>UARTModemControlClear</name>
         <value>0x5273</value>
         <object_component_ref idref="oc-a7"/>
      </symbol>
      <symbol id="sm-a1d">
         <name>UARTParityModeGet</name>
         <value>0x524d</value>
         <object_component_ref idref="oc-a7"/>
      </symbol>
      <symbol id="sm-a1e">
         <name>UARTIntRegister</name>
         <value>0x52e3</value>
         <object_component_ref idref="oc-a7"/>
      </symbol>
      <symbol id="sm-a1f">
         <name>UARTBreakCtl</name>
         <value>0x5471</value>
         <object_component_ref idref="oc-a7"/>
      </symbol>
      <symbol id="sm-a20">
         <name>UART9BitAddrSet</name>
         <value>0x54a1</value>
         <object_component_ref idref="oc-a7"/>
      </symbol>
      <symbol id="sm-a47">
         <name>ButtonsInit</name>
         <value>0x6b51</value>
         <object_component_ref idref="oc-ed"/>
      </symbol>
      <symbol id="sm-a48">
         <name>ButtonsPoll</name>
         <value>0x6ad1</value>
         <object_component_ref idref="oc-ed"/>
      </symbol>
      <symbol id="sm-a63">
         <name>GetOverflowCounts</name>
         <value>0x756d</value>
         <object_component_ref idref="oc-167"/>
      </symbol>
      <symbol id="sm-a64">
         <name>vConfigureTimerForRunTimeStats</name>
         <value>0x7179</value>
         <object_component_ref idref="oc-17d"/>
      </symbol>
      <symbol id="sm-b42">
         <name>UARTTxBytesFree</name>
         <value>0x3d15</value>
         <object_component_ref idref="oc-38"/>
      </symbol>
      <symbol id="sm-b43">
         <name>UARTFlushRx</name>
         <value>0x3dfb</value>
         <object_component_ref idref="oc-38"/>
      </symbol>
      <symbol id="sm-b44">
         <name>UARTgetc</name>
         <value>0x3cff</value>
         <object_component_ref idref="oc-38"/>
      </symbol>
      <symbol id="sm-b45">
         <name>UARTgets</name>
         <value>0x3a3d</value>
         <object_component_ref idref="oc-38"/>
      </symbol>
      <symbol id="sm-b46">
         <name>UARTFlushTx</name>
         <value>0x3e0d</value>
         <object_component_ref idref="oc-38"/>
      </symbol>
      <symbol id="sm-b47">
         <name>UARTStdioConfig</name>
         <value>0x3e35</value>
         <object_component_ref idref="oc-38"/>
      </symbol>
      <symbol id="sm-b48">
         <name>UARTStdioIntHandler</name>
         <value>0x3d31</value>
         <object_component_ref idref="oc-38"/>
      </symbol>
      <symbol id="sm-b49">
         <name>UARTRxBytesAvail</name>
         <value>0x3efb</value>
         <object_component_ref idref="oc-38"/>
      </symbol>
      <symbol id="sm-b4a">
         <name>UARTwrite</name>
         <value>0x37b3</value>
         <object_component_ref idref="oc-38"/>
      </symbol>
      <symbol id="sm-b4b">
         <name>UARTEchoSet</name>
         <value>0x3f09</value>
         <object_component_ref idref="oc-38"/>
      </symbol>
      <symbol id="sm-b4c">
         <name>UARTprintf</name>
         <value>0x3a05</value>
         <object_component_ref idref="oc-38"/>
      </symbol>
      <symbol id="sm-b4d">
         <name>UARTvprintf</name>
         <value>0x380d</value>
         <object_component_ref idref="oc-38"/>
      </symbol>
      <symbol id="sm-b74">
         <name>sprintf</name>
         <value>0x7455</value>
         <object_component_ref idref="oc-192"/>
      </symbol>
      <symbol id="sm-b90">
         <name>memcpy</name>
         <value>0x6d57</value>
         <object_component_ref idref="oc-52"/>
      </symbol>
      <symbol id="sm-b91">
         <name>__aeabi_memcpy</name>
         <value>0x6d57</value>
         <object_component_ref idref="oc-52"/>
      </symbol>
      <symbol id="sm-b92">
         <name>__aeabi_memcpy8</name>
         <value>0x6d57</value>
         <object_component_ref idref="oc-52"/>
      </symbol>
      <symbol id="sm-b93">
         <name>__aeabi_memcpy4</name>
         <value>0x6d57</value>
         <object_component_ref idref="oc-52"/>
      </symbol>
      <symbol id="sm-ba2">
         <name>__aeabi_memset</name>
         <value>0x702b</value>
         <object_component_ref idref="oc-12d"/>
      </symbol>
      <symbol id="sm-ba3">
         <name>memset</name>
         <value>0x7031</value>
         <object_component_ref idref="oc-12d"/>
      </symbol>
      <symbol id="sm-ba4">
         <name>__aeabi_memset8</name>
         <value>0x702b</value>
         <object_component_ref idref="oc-12d"/>
      </symbol>
      <symbol id="sm-ba5">
         <name>__aeabi_memset4</name>
         <value>0x702b</value>
         <object_component_ref idref="oc-12d"/>
      </symbol>
      <symbol id="sm-ba6">
         <name>__aeabi_memclr8</name>
         <value>0x7029</value>
         <object_component_ref idref="oc-12d"/>
      </symbol>
      <symbol id="sm-ba7">
         <name>__aeabi_memclr4</name>
         <value>0x7029</value>
         <object_component_ref idref="oc-12d"/>
      </symbol>
      <symbol id="sm-ba8">
         <name>__aeabi_memclr</name>
         <value>0x7029</value>
         <object_component_ref idref="oc-12d"/>
      </symbol>
      <symbol id="sm-bb7">
         <name>__aeabi_uidivmod</name>
         <value>0x7415</value>
         <object_component_ref idref="oc-ad"/>
      </symbol>
      <symbol id="sm-bb8">
         <name>__aeabi_uidiv</name>
         <value>0x7415</value>
         <object_component_ref idref="oc-ad"/>
      </symbol>
      <symbol id="sm-bca">
         <name>__TI_zero_init</name>
         <value>0x763d</value>
         <object_component_ref idref="oc-64"/>
      </symbol>
      <symbol id="sm-be1">
         <name>__TI_decompress_none</name>
         <value>0x762f</value>
         <object_component_ref idref="oc-1b"/>
      </symbol>
      <symbol id="sm-c04">
         <name>__TI_decompress_lzss</name>
         <value>0x7111</value>
         <object_component_ref idref="oc-15"/>
      </symbol>
      <symbol id="sm-c13">
         <name>strcpy</name>
         <value>0x75f5</value>
         <object_component_ref idref="oc-186"/>
      </symbol>
      <symbol id="sm-c21">
         <name>strlen</name>
         <value>0x7609</value>
         <object_component_ref idref="oc-18c"/>
      </symbol>
      <symbol id="sm-c34">
         <name>__stack</name>
         <value>0x200056d8</value>
         <object_component_ref idref="oc-24"/>
      </symbol>
      <symbol id="sm-c35">
         <name>_c_int00_noargs</name>
         <value>0x7509</value>
         <object_component_ref idref="oc-70"/>
      </symbol>
      <symbol id="sm-d9a">
         <name>__TI_printfi</name>
         <value>0x24ad</value>
         <object_component_ref idref="oc-2d9"/>
      </symbol>
      <symbol id="sm-da4">
         <name>__aeabi_idiv0</name>
         <value>0x2efb</value>
         <object_component_ref idref="oc-1cd"/>
      </symbol>
      <symbol id="sm-da5">
         <name>__aeabi_ldiv0</name>
         <value>0x2efb</value>
         <object_component_ref idref="oc-1cd"/>
      </symbol>
      <symbol id="sm-dbc">
         <name>__aeabi_dsub</name>
         <value>0x6271</value>
         <object_component_ref idref="oc-416"/>
      </symbol>
      <symbol id="sm-dbd">
         <name>__aeabi_dadd</name>
         <value>0x627b</value>
         <object_component_ref idref="oc-416"/>
      </symbol>
      <symbol id="sm-ddf">
         <name>__aeabi_cdcmpeq</name>
         <value>0x6f1d</value>
         <object_component_ref idref="oc-385"/>
      </symbol>
      <symbol id="sm-de0">
         <name>__aeabi_cdcmple</name>
         <value>0x6f1d</value>
         <object_component_ref idref="oc-385"/>
      </symbol>
      <symbol id="sm-de1">
         <name>__aeabi_cdrcmple</name>
         <value>0x6fa3</value>
         <object_component_ref idref="oc-401"/>
      </symbol>
      <symbol id="sm-df5">
         <name>__aeabi_ddiv</name>
         <value>0x6565</value>
         <object_component_ref idref="oc-3fc"/>
      </symbol>
      <symbol id="sm-e00">
         <name>__aeabi_dmul</name>
         <value>0x69d5</value>
         <object_component_ref idref="oc-3f7"/>
      </symbol>
      <symbol id="sm-e0a">
         <name>__aeabi_d2iz</name>
         <value>0x7389</value>
         <object_component_ref idref="oc-406"/>
      </symbol>
      <symbol id="sm-e14">
         <name>__aeabi_i2d</name>
         <value>0x753d</value>
         <object_component_ref idref="oc-411"/>
      </symbol>
      <symbol id="sm-e21">
         <name>__aeabi_uldivmod</name>
         <value>0x6df3</value>
         <object_component_ref idref="oc-3f0"/>
      </symbol>
      <symbol id="sm-e49">
         <name>__TI_auto_init_nobinit_nopinit</name>
         <value>0x73d1</value>
         <object_component_ref idref="oc-256"/>
      </symbol>
      <symbol id="sm-e53">
         <name>_system_pre_init</name>
         <value>0x766f</value>
         <object_component_ref idref="oc-133"/>
      </symbol>
      <symbol id="sm-e5f">
         <name>C$$EXIT</name>
         <value>0x7673</value>
         <object_component_ref idref="oc-24a"/>
      </symbol>
      <symbol id="sm-e60">
         <name>abort</name>
         <value>0x7673</value>
         <object_component_ref idref="oc-24a"/>
      </symbol>
      <symbol id="sm-e70">
         <name>__TI_ltoa</name>
         <value>0x7297</value>
         <object_component_ref idref="oc-40b"/>
      </symbol>
      <symbol id="sm-e87">
         <name>atoi</name>
         <value>0x733d</value>
         <object_component_ref idref="oc-379"/>
      </symbol>
      <symbol id="sm-e92">
         <name>_ctypes_</name>
         <value>0x7828</value>
         <object_component_ref idref="oc-3eb"/>
      </symbol>
      <symbol id="sm-ea2">
         <name>memccpy</name>
         <value>0x7591</value>
         <object_component_ref idref="oc-3a2"/>
      </symbol>
      <symbol id="sm-eb2">
         <name>strchr</name>
         <value>0x75df</value>
         <object_component_ref idref="oc-442"/>
      </symbol>
      <symbol id="sm-ec8">
         <name>__aeabi_errno_addr</name>
         <value>0x7661</value>
         <object_component_ref idref="oc-3ae"/>
      </symbol>
      <symbol id="sm-ec9">
         <name>errno</name>
         <value>0x20005f54</value>
         <object_component_ref idref="oc-452"/>
      </symbol>
      <symbol id="sm-ee2">
         <name>wcslen</name>
         <value>0x761d</value>
         <object_component_ref idref="oc-3a8"/>
      </symbol>
      <symbol id="sm-f02">
         <name>frexpl</name>
         <value>0x71dd</value>
         <object_component_ref idref="oc-436"/>
      </symbol>
      <symbol id="sm-f03">
         <name>frexp</name>
         <value>0x71dd</value>
         <object_component_ref idref="oc-436"/>
      </symbol>
      <symbol id="sm-f20">
         <name>scalbn</name>
         <value>0x67c1</value>
         <object_component_ref idref="oc-43c"/>
      </symbol>
      <symbol id="sm-f21">
         <name>scalbnl</name>
         <value>0x67c1</value>
         <object_component_ref idref="oc-43c"/>
      </symbol>
      <symbol id="sm-f22">
         <name>ldexpl</name>
         <value>0x67c1</value>
         <object_component_ref idref="oc-43c"/>
      </symbol>
      <symbol id="sm-f23">
         <name>ldexp</name>
         <value>0x67c1</value>
         <object_component_ref idref="oc-43c"/>
      </symbol>
      <symbol id="sm-f2d">
         <name>copysign</name>
         <value>0x75ad</value>
         <object_component_ref idref="oc-490"/>
      </symbol>
      <symbol id="sm-f2e">
         <name>copysignl</name>
         <value>0x75ad</value>
         <object_component_ref idref="oc-490"/>
      </symbol>
      <symbol id="sm-f2f">
         <name>__TI_static_base__</name>
         <value>0x0</value>
      </symbol>
      <symbol id="sm-f32">
         <name>__mpu_init</name>
         <value>0x0</value>
      </symbol>
      <symbol id="sm-f33">
         <name>_system_post_cinit</name>
         <value>0x0</value>
      </symbol>
      <symbol id="sm-f34">
         <name>vApplicationIdleHook</name>
         <value>0x74d3</value>
      </symbol>
      <symbol id="sm-f35">
         <name>IntPriorityMaskSet</name>
         <value>0x74f9</value>
      </symbol>
      <symbol id="sm-f36">
         <name>IntPriorityMaskGet</name>
         <value>0x74ff</value>
      </symbol>
      <symbol id="sm-f37">
         <name>SysCtlSleep</name>
         <value>0x74d3</value>
      </symbol>
   </symbol_table>
   <title>Link successful</title>
</link_info>
