******************************************************************************
                  TI ARM Linker PC v20.2.7                     
******************************************************************************
>> Linked Fri Oct 11 13:35:59 2024

OUTPUT FILE NAME:   <tutorial-FreeRTOSPt3.out>
ENTRY POINT SYMBOL: "_c_int00_noargs"  address: 00007509


MEMORY CONFIGURATION

         name            origin    length      used     unused   attr    fill
----------------------  --------  ---------  --------  --------  ----  --------
  FLASH                 00000000   00040000  00007ec6  0003813a  R  X
  SRAM                  20000000   00008000  00005f57  000020a9  RW X


SEGMENT ALLOCATION MAP

run origin  load origin   length   init length attrs members
----------  ----------- ---------- ----------- ----- -------
00000000    00000000    00007ec8   00007ec8    r-x
  00000000    00000000    0000026c   0000026c    r-- .intvecs
  0000026c    0000026c    0000740a   0000740a    r-x .text
  00007678    00007678    000007f0   000007f0    r-- .const
  00007e68    00007e68    00000060   00000060    r-- .cinit
20000000    20000000    00005f5b   00000000    rw-
  20000000    20000000    0000026c   00000000    rw- .vtable
  2000026c    2000026c    00005468   00000000    rw- .bss
  200056d8    200056d8    00000800   00000000    rw- .stack
  20005ed8    20005ed8    00000083   00000000    rw- .data


SECTION ALLOCATION MAP

 output                                  attributes/
section   page    origin      length       input sections
--------  ----  ----------  ----------   ----------------
.intvecs   0    00000000    0000026c     
                  00000000    0000026c     startup_ccs.obj (.intvecs)

.text      0    0000026c    0000740a     
                  0000026c    000017a0     tasks.obj (.text)
                  00001a0c    00000aa0     sysctl.obj (.text)
                  000024ac    00000a4e     rtsv7M4_T_le_v4SPD16_eabi.lib : _printfi.c.obj (.text:__TI_printfi)
                  00002efa    00000002                                   : div0.asm.obj (.text)
                  00002efc    00000864     queue.obj (.text)
                  00003760    000007f4     uartstdio.obj (.text)
                  00003f54    00000728     gpio.obj (.text)
                  0000467c    000004d4     timers.obj (.text)
                  00004b50    0000039c     pwm.obj (.text)
                  00004eec    00000304     timer.obj (.text)
                  000051f0    000002f8     uart.obj (.text)
                  000054e8    000002a4     interrupt.obj (.text)
                  0000578c    00000280     event_groups.obj (.text)
                  00005a0c    00000270     rtsv7M4_T_le_v4SPD16_eabi.lib : _printfi.c.obj (.text:_pconv_a)
                  00005c7c    00000250     heap_4.obj (.text)
                  00005ecc    000001d4     Ej1.PWM-Servo-Skel.obj (.text)
                  000060a0    000001d0     rtsv7M4_T_le_v4SPD16_eabi.lib : _printfi.c.obj (.text:_pconv_g)
                  00006270    000001b6                                   : fd_add_t2.asm.obj (.text)
                  00006426    00000002     --HOLE-- [fill = 0]
                  00006428    0000013c                                   : _printfi.c.obj (.text:_pconv_e)
                  00006564    00000136                                   : fd_div_t2.asm.obj (.text)
                  0000669a    00000002     --HOLE-- [fill = 0]
                  0000669c    00000124                                   : _printfi.c.obj (.text:fcvt)
                  000067c0    00000110                                   : s_scalbn.c.obj (.text:scalbn)
                  000068d0    00000104     port.obj (.text)
                  000069d4    000000fc     rtsv7M4_T_le_v4SPD16_eabi.lib : fd_mul_t2.asm.obj (.text)
                  00006ad0    000000f8     buttons.obj (.text)
                  00006bc8    000000da     portasm.obj (.text)
                  00006ca2    00000002     --HOLE-- [fill = 0]
                  00006ca4    000000b1     rtsv7M4_T_le_v4SPD16_eabi.lib : _printfi.c.obj (.text:_ltostr)
                  00006d55    00000001     --HOLE-- [fill = 0]
                  00006d56    0000009c                                   : memcpy_t2.asm.obj (.text)
                  00006df2    00000096                                   : ull_div_t2.asm.obj (.text)
                  00006e88    00000094     list.obj (.text)
                  00006f1c    00000086     rtsv7M4_T_le_v4SPD16_eabi.lib : fd_cmp_t2.asm.obj (.text:__aeabi_cdcmple)
                  00006fa2    00000086                                   : fd_cmp_t2.asm.obj (.text:__aeabi_cdrcmple)
                  00007028    0000007a                                   : memset_t2.asm.obj (.text)
                  000070a2    0000006e                                   : _printfi.c.obj (.text:_mcpy)
                  00007110    00000068                                   : copy_decompress_lzss.c.obj (.text:decompress:lzss:__TI_decompress_lzss)
                  00007178    00000064     RunTimeStatsConfig.obj (.text)
                  000071dc    00000064     rtsv7M4_T_le_v4SPD16_eabi.lib : s_frexp.c.obj (.text:frexp)
                  00007240    00000056                                   : _printfi.c.obj (.text:_pconv_f)
                  00007296    00000054                                   : _ltoa.c.obj (.text:__TI_ltoa)
                  000072ea    00000052                                   : _printfi.c.obj (.text:_ecpy)
                  0000733c    0000004c                                   : atoi.c.obj (.text:atoi)
                  00007388    00000048                                   : fd_toi_t2.asm.obj (.text)
                  000073d0    00000044                                   : autoinit.c.obj (.text:__TI_auto_init_nobinit_nopinit:__TI_auto_init_nobinit_nopinit)
                  00007414    00000040                                   : u_divt2.asm.obj (.text)
                  00007454    00000040                                   : sprintf.c.obj (.text:sprintf)
                  00007494    0000003e                                   : _printfi.c.obj (.text:_fcpy)
                  000074d2    00000036     cpu.obj (.text)
                  00007508    00000034     rtsv7M4_T_le_v4SPD16_eabi.lib : boot_cortex_m.c.obj (.text:_c_int00_noargs:_c_int00_noargs)
                  0000753c    0000002e                                   : i_tofd_t2.asm.obj (.text)
                  0000756a    00000002     --HOLE-- [fill = 0]
                  0000756c    00000024     RunTimeStatsConfig.obj (.text:GetOverflowCounts)
                  00007590    0000001c     rtsv7M4_T_le_v4SPD16_eabi.lib : memccpy.c.obj (.text:memccpy)
                  000075ac    0000001a                                   : s_copysign.c.obj (.text:copysign)
                  000075c6    00000018                                   : sprintf.c.obj (.text:_outs)
                  000075de    00000016                                   : strchr.c.obj (.text:strchr)
                  000075f4    00000014                                   : strcpy.c.obj (.text:strcpy)
                  00007608    00000014                                   : strlen.c.obj (.text:strlen)
                  0000761c    00000012                                   : wcslen.c.obj (.text:wcslen)
                  0000762e    0000000e                                   : copy_decompress_none.c.obj (.text:decompress:none:__TI_decompress_none)
                  0000763c    0000000c                                   : copy_zero_init.c.obj (.text:decompress:ZI:__TI_zero_init)
                  00007648    0000000c     startup_ccs.obj (.text)
                  00007654    0000000a     rtsv7M4_T_le_v4SPD16_eabi.lib : sprintf.c.obj (.text:_outc)
                  0000765e    00000002     --HOLE-- [fill = 0]
                  00007660    00000008                                   : errno.c.obj (.text:__aeabi_errno_addr)
                  00007668    00000006     sysctl.obj (.text:SysCtlDelay)
                  0000766e    00000004     rtsv7M4_T_le_v4SPD16_eabi.lib : pre_init.c.obj (.text:_system_pre_init)
                  00007672    00000004                                   : exit.c.obj (.text:abort:abort)

.const     0    00007678    000007f0     
                  00007678    000001b0     sysctl.obj (.const:g_pppui32XTALtoVCO)
                  00007828    00000101     rtsv7M4_T_le_v4SPD16_eabi.lib : ctype.c.obj (.const:.string:_ctypes_)
                  00007929    00000003     --HOLE-- [fill = 0]
                  0000792c    000000d8     gpio.obj (.const:g_ppui32GPIOIntMapSnowflake)
                  00007a04    000000c0     gpio.obj (.const:g_ppui32GPIOIntMapBlizzard)
                  00007ac4    0000009c     interrupt.obj (.const:g_pui32Regs)
                  00007b60    00000090     gpio.obj (.const:g_pui32GPIOBaseAddrs)
                  00007bf0    0000006c     sysctl.obj (.const:g_pui32Xtals)
                  00007c5c    00000060     timer.obj (.const:g_ppui32TimerIntMap)
                  00007cbc    00000040     timer.obj (.const:g_ppui32TimerIntMapSnowflake)
                  00007cfc    00000040     uart.obj (.const:g_ppui32UARTIntMap)
                  00007d3c    00000040     uart.obj (.const:g_ppui32UARTIntMapSnowflake)
                  00007d7c    00000030     sysctl.obj (.const:g_sXTALtoMEMTIM)
                  00007dac    00000020     interrupt.obj (.const:g_pui32Priority)
                  00007dcc    00000014     interrupt.obj (.const:g_pui32Dii16Regs)
                  00007de0    00000014     interrupt.obj (.const:g_pui32EnRegs)
                  00007df4    00000014     interrupt.obj (.const:g_pui32PendRegs)
                  00007e08    00000014     interrupt.obj (.const:g_pui32UnpendRegs)
                  00007e1c    00000012     uartstdio.obj (.const:.string)
                  00007e2e    00000002     --HOLE-- [fill = 0]
                  00007e30    0000000c     uartstdio.obj (.const:g_ui32UARTBase)
                  00007e3c    0000000c     uartstdio.obj (.const:g_ui32UARTInt)
                  00007e48    0000000c     uartstdio.obj (.const:g_ui32UARTPeriph)
                  00007e54    00000008     sysctl.obj (.const:g_pui32VCOFrequencies)
                  00007e5c    00000004     port.obj (.const)
                  00007e60    00000004     tasks.obj (.const)
                  00007e64    00000004     uartstdio.obj (.const)

.cinit     0    00007e68    00000060     
                  00007e68    0000002a     (.cinit..data.load) [load image, compression = lzss]
                  00007e92    00000002     --HOLE-- [fill = 0]
                  00007e94    0000000c     (__TI_handler_table)
                  00007ea0    00000008     (.cinit..bss.load) [load image, compression = zero_init]
                  00007ea8    00000008     (.cinit..vtable.load) [load image, compression = zero_init]
                  00007eb0    00000018     (__TI_cinit_table)

.init_array 
*          0    00000000    00000000     UNINITIALIZED

.vtable    0    20000000    0000026c     UNINITIALIZED
                  20000000    0000026c     interrupt.obj (.vtable)

.bss       0    2000026c    00005468     UNINITIALIZED
                  2000026c    00005000     heap_4.obj (.bss:ucHeap)
                  2000526c    00000200     uartstdio.obj (.bss:g_pcUARTRxHistoryBuffer)
                  2000546c    00000140     tasks.obj (.bss:pxReadyTasksLists)
                  200055ac    00000050     (.common:xQueueRegistry)
                  200055fc    00000020     uartstdio.obj (.bss:g_usUARTRxHistoryOffset)
                  2000561c    00000014     timers.obj (.bss:xActiveTimerList1)
                  20005630    00000014     timers.obj (.bss:xActiveTimerList2)
                  20005644    00000014     tasks.obj (.bss:xDelayedTaskList1)
                  20005658    00000014     tasks.obj (.bss:xDelayedTaskList2)
                  2000566c    00000014     tasks.obj (.bss:xPendingReadyList)
                  20005680    00000014     tasks.obj (.bss:xSuspendedTaskList)
                  20005694    00000014     tasks.obj (.bss:xTasksWaitingTermination)
                  200056a8    00000010     uartstdio.obj (.bss)
                  200056b8    00000008     tasks.obj (.bss)
                  200056c0    00000008     timers.obj (.bss)
                  200056c8    00000008     heap_4.obj (.bss:xStart)
                  200056d0    00000004     Ej1.PWM-Servo-Skel.obj (.bss)

.data      0    20005ed8    00000083     UNINITIALIZED
                  20005ed8    0000003c     tasks.obj (.data)
                  20005f14    00000014     heap_4.obj (.data)
                  20005f28    00000010     Ej1.PWM-Servo-Skel.obj (.data)
                  20005f38    0000000c     timers.obj (.data)
                  20005f44    0000000c     uartstdio.obj (.data)
                  20005f50    00000004     port.obj (.data)
                  20005f54    00000004     rtsv7M4_T_le_v4SPD16_eabi.lib : errno.c.obj (.data)
                  20005f58    00000003     buttons.obj (.data)

.stack     0    200056d8    00000800     UNINITIALIZED
                  200056d8    00000004     rtsv7M4_T_le_v4SPD16_eabi.lib : boot_cortex_m.c.obj (.stack)
                  200056dc    000007fc     --HOLE--

__llvm_prf_cnts 
*          0    20000000    00000000     UNINITIALIZED

MODULE SUMMARY

       Module                       code    ro data   rw data
       ------                       ----    -------   -------
    .\
       startup_ccs.obj              12      620       0      
       Ej1.PWM-Servo-Skel.obj       468     0         20     
    +--+----------------------------+-------+---------+---------+
       Total:                       480     620       20     
                                                             
    .\FreeRTOS\Source\
       tasks.obj                    6048    4         488    
       queue.obj                    2148    0         80     
       timers.obj                   1236    0         60     
       event_groups.obj             640     0         0      
       list.obj                     148     0         0      
    +--+----------------------------+-------+---------+---------+
       Total:                       10220   4         628    
                                                             
    .\FreeRTOS\Source\portable\CCS\ARM_CM4F\
       port.obj                     260     4         4      
       portasm.obj                  218     0         0      
    +--+----------------------------+-------+---------+---------+
       Total:                       478     4         4      
                                                             
    .\FreeRTOS\Source\portable\MemMang\
       heap_4.obj                   592     0         20508  
    +--+----------------------------+-------+---------+---------+
       Total:                       592     0         20508  
                                                             
    .\driverlib\
       sysctl.obj                   2726    596       0      
       gpio.obj                     1832    552       0      
       interrupt.obj                676     268       620    
       timer.obj                    772     160       0      
       pwm.obj                      924     0         0      
       uart.obj                     760     128       0      
       cpu.obj                      54      0         0      
    +--+----------------------------+-------+---------+---------+
       Total:                       7744    1704      620    
                                                             
    .\drivers\
       buttons.obj                  248     0         3      
    +--+----------------------------+-------+---------+---------+
       Total:                       248     0         3      
                                                             
    .\utils\
       uartstdio.obj                2036    58        572    
       RunTimeStatsConfig.obj       136     0         0      
    +--+----------------------------+-------+---------+---------+
       Total:                       2172    58        572    
                                                             
    C:\ti\ccs1240\ccs\tools\compiler\ti-cgt-arm_20.2.7.LTS\lib\rtsv7M4_T_le_v4SPD16_eabi.lib
       _printfi.c.obj               4851    0         0      
       fd_add_t2.asm.obj            438     0         0      
       fd_div_t2.asm.obj            310     0         0      
       s_scalbn.c.obj               272     0         0      
       fd_cmp_t2.asm.obj            268     0         0      
       ctype.c.obj                  0       257       0      
       fd_mul_t2.asm.obj            252     0         0      
       memcpy_t2.asm.obj            156     0         0      
       ull_div_t2.asm.obj           150     0         0      
       memset_t2.asm.obj            122     0         0      
       copy_decompress_lzss.c.obj   104     0         0      
       s_frexp.c.obj                100     0         0      
       sprintf.c.obj                98      0         0      
       _ltoa.c.obj                  84      0         0      
       atoi.c.obj                   76      0         0      
       fd_toi_t2.asm.obj            72      0         0      
       autoinit.c.obj               68      0         0      
       u_divt2.asm.obj              64      0         0      
       boot_cortex_m.c.obj          52      0         0      
       i_tofd_t2.asm.obj            46      0         0      
       memccpy.c.obj                28      0         0      
       s_copysign.c.obj             26      0         0      
       strchr.c.obj                 22      0         0      
       strcpy.c.obj                 20      0         0      
       strlen.c.obj                 20      0         0      
       wcslen.c.obj                 18      0         0      
       copy_decompress_none.c.obj   14      0         0      
       copy_zero_init.c.obj         12      0         0      
       errno.c.obj                  8       0         4      
       exit.c.obj                   4       0         0      
       pre_init.c.obj               4       0         0      
       div0.asm.obj                 2       0         0      
    +--+----------------------------+-------+---------+---------+
       Total:                       7761    257       4      
                                                             
       Stack:                       0       0         2048   
       Linker Generated:            0       94        0      
    +--+----------------------------+-------+---------+---------+
       Grand Total:                 29695   2741      24407  


LINKER GENERATED COPY TABLES

__TI_cinit_table @ 00007eb0 records: 3, size/record: 8, table size: 24
	.data: load addr=00007e68, load size=0000002a bytes, run addr=20005ed8, run size=00000083 bytes, compression=lzss
	.bss: load addr=00007ea0, load size=00000008 bytes, run addr=2000026c, run size=00005468 bytes, compression=zero_init
	.vtable: load addr=00007ea8, load size=00000008 bytes, run addr=20000000, run size=0000026c bytes, compression=zero_init


LINKER GENERATED HANDLER TABLE

__TI_handler_table @ 00007e94 records: 3, size/record: 4, table size: 12
	index: 0, handler: __TI_zero_init
	index: 1, handler: __TI_decompress_lzss
	index: 2, handler: __TI_decompress_none


GLOBAL SYMBOLS: SORTED ALPHABETICALLY BY Name 

address   name                             
-------   ----                             
00006b51  ButtonsInit                      
00006ad1  ButtonsPoll                      
00007673  C$$EXIT                          
000074ff  CPUbasepriGet                    
000074f9  CPUbasepriSet                    
000074ed  CPUcpsid                         
000074e1  CPUcpsie                         
000074d7  CPUprimask                       
000074d3  CPUwfi                           
20005f34  DutyCycle_mitadvelocidad_der     
20005f30  DutyCycle_mitadvelocidad_izq     
0000464f  GPIOADCTriggerDisable            
00004643  GPIOADCTriggerEnable             
00004635  GPIODMATriggerDisable            
00004629  GPIODMATriggerEnable             
000045ff  GPIODirModeGet                   
00003f73  GPIODirModeSet                   
0000601d  GPIOFIntHandler                  
000045f9  GPIOIntClear                     
000045eb  GPIOIntDisable                   
000045df  GPIOIntEnable                    
000045c7  GPIOIntRegister                  
000045ab  GPIOIntRegisterPin               
0000459d  GPIOIntStatus                    
00004551  GPIOIntTypeGet                   
000044f1  GPIOIntTypeSet                   
000044dd  GPIOIntUnregister                
000044c5  GPIOIntUnregisterPin             
000043c3  GPIOPadConfigGet                 
00003fa3  GPIOPadConfigSet                 
00004385  GPIOPinConfigure                 
0000437f  GPIOPinRead                      
00004369  GPIOPinTypeADC                   
00004353  GPIOPinTypeCAN                   
0000433d  GPIOPinTypeComparator            
00004327  GPIOPinTypeComparatorOutput      
00004311  GPIOPinTypeDIVSCLK               
000042ed  GPIOPinTypeEPI                   
000042d7  GPIOPinTypeEthernetLED           
000042c1  GPIOPinTypeEthernetMII           
000042a5  GPIOPinTypeGPIOInput             
0000428b  GPIOPinTypeGPIOOutput            
00004271  GPIOPinTypeGPIOOutputOD          
0000425b  GPIOPinTypeHibernateRTCCLK       
00004245  GPIOPinTypeI2C                   
0000422f  GPIOPinTypeI2CSCL                
00004219  GPIOPinTypeLCD                   
00004203  GPIOPinTypeOneWire               
000041ed  GPIOPinTypePWM                   
000041d7  GPIOPinTypeQEI                   
000041c1  GPIOPinTypeSSI                   
000041ab  GPIOPinTypeTimer                 
00004195  GPIOPinTypeTrace                 
0000417f  GPIOPinTypeUART                  
00004169  GPIOPinTypeUSBAnalog             
00004153  GPIOPinTypeUSBDigital            
0000413b  GPIOPinTypeWakeHigh              
00004123  GPIOPinTypeWakeLow               
00003f6d  GPIOPinWakeStatus                
00003f67  GPIOPinWrite                     
00003f55  GPIOUnlockPin                    
0000756d  GetOverflowCounts                
000056f9  IntDisable                       
0000569f  IntEnable                        
00005647  IntIsEnabled                     
00005637  IntMasterDisable                 
00005627  IntMasterEnable                  
000055eb  IntPendClear                     
000055a1  IntPendSet                       
00005587  IntPriorityGet                   
00005565  IntPriorityGroupingGet           
00005553  IntPriorityGroupingSet           
000074ff  IntPriorityMaskGet               
000074f9  IntPriorityMaskSet               
00005527  IntPrioritySet                   
000054fd  IntRegister                      
000054f5  IntTrigger                       
000054eb  IntUnregister                    
00004eb7  PWMClockGet                      
00004ea7  PWMClockSet                      
00004e9b  PWMDeadBandDisable               
00004e8b  PWMDeadBandEnable                
00004e83  PWMFaultIntClear                 
00004e7f  PWMFaultIntClearExt              
00004e67  PWMFaultIntRegister              
00004e53  PWMFaultIntUnregister            
00004df1  PWMGenConfigure                  
00004de7  PWMGenDisable                    
00004ddd  PWMGenEnable                     
00004dc7  PWMGenFaultClear                 
00004db7  PWMGenFaultConfigure             
00004da1  PWMGenFaultStatus                
00004d93  PWMGenFaultTriggerGet            
00004d81  PWMGenFaultTriggerSet            
00004d7b  PWMGenIntClear                   
00004d63  PWMGenIntRegister                
00004d57  PWMGenIntStatus                  
00004d4d  PWMGenIntTrigDisable             
00004d43  PWMGenIntTrigEnable              
00004d2f  PWMGenIntUnregister              
00004c59  PWMGenPeriodGet                  
00004c45  PWMGenPeriodSet                  
00004c3b  PWMIntDisable                    
00004c33  PWMIntEnable                     
00004c29  PWMIntStatus                     
00004c13  PWMOutputFault                   
00004bfd  PWMOutputFaultLevel              
00004be7  PWMOutputInvert                  
00004bd1  PWMOutputState                   
00004b97  PWMOutputUpdateMode              
00004b77  PWMPulseWidthGet                 
00004b59  PWMPulseWidthSet                 
00004b55  PWMSyncTimeBase                  
00004b51  PWMSyncUpdate                    
00007649  ResetISR                         
00002455  SysCtlAltClkConfig               
00002265  SysCtlClockFreqSet               
000020a5  SysCtlClockGet                   
0000207d  SysCtlClockOutConfig             
00001f99  SysCtlClockSet                   
00001f71  SysCtlDeepSleep                  
00001f15  SysCtlDeepSleepClockConfigSet    
00001f09  SysCtlDeepSleepClockSet          
00001f03  SysCtlDeepSleepPowerSet          
00007669  SysCtlDelay                      
00001edd  SysCtlFlashSectorSizeGet         
00001ead  SysCtlFlashSizeGet               
00001e97  SysCtlGPIOAHBDisable             
00001e81  SysCtlGPIOAHBEnable              
00001e6d  SysCtlIntClear                   
00001e5f  SysCtlIntDisable                 
00001e53  SysCtlIntEnable                  
00001e41  SysCtlIntRegister                
00001e31  SysCtlIntStatus                  
00001e21  SysCtlIntUnregister              
00001e19  SysCtlLDODeepSleepGet            
00001e11  SysCtlLDODeepSleepSet            
00001e09  SysCtlLDOSleepGet                
00001e01  SysCtlLDOSleepSet                
00001df9  SysCtlMOSCConfigSet              
00001de1  SysCtlNMIClear                   
00001dd9  SysCtlNMIStatus                  
00001d91  SysCtlPIOSCCalibrate             
00001d79  SysCtlPWMClockGet                
00001d6b  SysCtlPWMClockSet                
00001d29  SysCtlPeripheralClockGating      
00001cfb  SysCtlPeripheralDeepSleepDisable 
00001ccd  SysCtlPeripheralDeepSleepEnable  
00001c9f  SysCtlPeripheralDisable          
00001c71  SysCtlPeripheralEnable           
00001c43  SysCtlPeripheralPowerOff         
00001c15  SysCtlPeripheralPowerOn          
00001be3  SysCtlPeripheralPresent          
00001bb1  SysCtlPeripheralReady            
00001b43  SysCtlPeripheralReset            
00001b15  SysCtlPeripheralSleepDisable     
00001ae7  SysCtlPeripheralSleepEnable      
00001adf  SysCtlReset                      
00001ad7  SysCtlResetBehaviorGet           
00001acf  SysCtlResetBehaviorSet           
00001ac1  SysCtlResetCauseClear            
00001ab9  SysCtlResetCauseGet              
00001aab  SysCtlSRAMSizeGet                
000074d3  SysCtlSleep                      
00001aa3  SysCtlSleepPowerSet              
00001a95  SysCtlUSBPLLDisable              
00001a87  SysCtlUSBPLLEnable               
00001a25  SysCtlVCOGet                     
00001a1b  SysCtlVoltageEventClear          
00001a13  SysCtlVoltageEventConfig         
00001a0d  SysCtlVoltageEventStatus         
000051d5  TimerADCEventGet                 
000051d1  TimerADCEventSet                 
000051cb  TimerClockSourceGet              
000051c5  TimerClockSourceSet              
0000516d  TimerConfigure                   
0000515b  TimerControlEvent                
00005145  TimerControlLevel                
0000512f  TimerControlStall                
000050ef  TimerControlTrigger              
000050b5  TimerControlWaitOnTrigger        
000050b1  TimerDMAEventGet                 
000050ad  TimerDMAEventSet                 
00005099  TimerDisable                     
0000508b  TimerEnable                      
00005087  TimerIntClear                    
0000507d  TimerIntDisable                  
00005075  TimerIntEnable                   
0000505d  TimerIntRegister                 
00005053  TimerIntStatus                   
0000503f  TimerIntUnregister               
00004ff3  TimerLoadGet                     
00004fdd  TimerLoadGet64                   
00004fcb  TimerLoadSet                     
00004fc5  TimerLoadSet64                   
00004fb9  TimerMatchGet                    
00004fa3  TimerMatchGet64                  
00004f91  TimerMatchSet                    
00004f8b  TimerMatchSet64                  
00004f7f  TimerPrescaleGet                 
00004f73  TimerPrescaleMatchGet            
00004f61  TimerPrescaleMatchSet            
00004f4f  TimerPrescaleSet                 
00004f45  TimerRTCDisable                  
00004f3b  TimerRTCEnable                   
00004f37  TimerSynchronize                 
00004f0f  TimerUpdateMode                  
00004f03  TimerValueGet                    
00004eed  TimerValueGet64                  
000054ab  UART9BitAddrSend                 
000054a1  UART9BitAddrSet                  
00005493  UART9BitDisable                  
00005485  UART9BitEnable                   
00005471  UARTBreakCtl                     
00005469  UARTBusy                         
0000545f  UARTCharGet                      
0000544f  UARTCharGetNonBlocking           
00005445  UARTCharPut                      
00005435  UARTCharPutNonBlocking           
00005427  UARTCharsAvail                   
00005421  UARTClockSourceGet               
0000541b  UARTClockSourceSet               
000053f3  UARTConfigGetExpClk              
000053af  UARTConfigSetExpClk              
000053a5  UARTDMADisable                   
0000539d  UARTDMAEnable                    
00005385  UARTDisable                      
0000537b  UARTDisableSIR                   
00003f09  UARTEchoSet                      
00005367  UARTEnable                       
0000534f  UARTEnableSIR                    
00005345  UARTFIFODisable                  
0000533b  UARTFIFOEnable                   
0000532b  UARTFIFOLevelGet                 
00005325  UARTFIFOLevelSet                 
0000531d  UARTFlowControlGet               
00005311  UARTFlowControlSet               
00003dfb  UARTFlushRx                      
00003e0d  UARTFlushTx                      
0000530d  UARTIntClear                     
00005303  UARTIntDisable                   
000052fb  UARTIntEnable                    
000052e3  UARTIntRegister                  
000052d9  UARTIntStatus                    
000052c5  UARTIntUnregister                
00005285  UARTLoopbackEnable               
00005273  UARTModemControlClear            
0000526b  UARTModemControlGet              
0000525f  UARTModemControlSet              
00005255  UARTModemStatusGet               
0000524d  UARTParityModeGet                
00005241  UARTParityModeSet                
00003efb  UARTRxBytesAvail                 
0000523b  UARTRxErrorClear                 
00005233  UARTRxErrorGet                   
00005229  UARTSmartCardDisable             
00005213  UARTSmartCardEnable              
00005205  UARTSpaceAvail                   
00003e35  UARTStdioConfig                  
00003d31  UARTStdioIntHandler              
00003d15  UARTTxBytesFree                  
000051fd  UARTTxIntModeGet                 
000051f1  UARTTxIntModeSet                 
00003cff  UARTgetc                         
00003a3d  UARTgets                         
00003a05  UARTprintf                       
0000380d  UARTvprintf                      
000037b3  UARTwrite                        
20005ed8  __STACK_END                      
00000800  __STACK_SIZE                     
20005ed8  __STACK_TOP                      
00007eb0  __TI_CINIT_Base                  
00007ec8  __TI_CINIT_Limit                 
00007e94  __TI_Handler_Table_Base          
00007ea0  __TI_Handler_Table_Limit         
000073d1  __TI_auto_init_nobinit_nopinit   
00007111  __TI_decompress_lzss             
0000762f  __TI_decompress_none             
00007297  __TI_ltoa                        
ffffffff  __TI_pprof_out_hndl              
000024ad  __TI_printfi                     
ffffffff  __TI_prof_data_size              
ffffffff  __TI_prof_data_start             
00000000  __TI_static_base__               
0000763d  __TI_zero_init                   
00006f1d  __aeabi_cdcmpeq                  
00006f1d  __aeabi_cdcmple                  
00006fa3  __aeabi_cdrcmple                 
00007389  __aeabi_d2iz                     
0000627b  __aeabi_dadd                     
00006565  __aeabi_ddiv                     
000069d5  __aeabi_dmul                     
00006271  __aeabi_dsub                     
00007661  __aeabi_errno_addr               
0000753d  __aeabi_i2d                      
00002efb  __aeabi_idiv0                    
00002efb  __aeabi_ldiv0                    
00007029  __aeabi_memclr                   
00007029  __aeabi_memclr4                  
00007029  __aeabi_memclr8                  
00006d57  __aeabi_memcpy                   
00006d57  __aeabi_memcpy4                  
00006d57  __aeabi_memcpy8                  
0000702b  __aeabi_memset                   
0000702b  __aeabi_memset4                  
0000702b  __aeabi_memset8                  
00007415  __aeabi_uidiv                    
00007415  __aeabi_uidivmod                 
00006df3  __aeabi_uldivmod                 
ffffffff  __binit__                        
ffffffff  __c_args__                       
UNDEFED   __mpu_init                       
200056d8  __stack                          
20000000  __start___llvm_prf_cnts          
20000000  __stop___llvm_prf_cnts           
00007509  _c_int00_noargs                  
00007828  _ctypes_                         
UNDEFED   _system_post_cinit               
0000766f  _system_pre_init                 
00007673  abort                            
0000733d  atoi                             
ffffffff  binit                            
000075ad  copysign                         
000075ad  copysignl                        
000012bd  eTaskGetState                    
20005f54  errno                            
000071dd  frexp                            
000071dd  frexpl                           
20000000  g_pfnRAMVectors                  
00000000  g_pfnVectors                     
000067c1  ldexp                            
000067c1  ldexpl                           
00005ecf  main                             
00007591  memccpy                          
00006d57  memcpy                           
00007031  memset                           
0000372d  pcQueueGetName                   
000019d1  pcTaskGetName                    
00004b41  pcTimerGetName                   
00005e7f  pvPortCalloc                     
00005dd1  pvPortMalloc                     
0000486f  pvTimerGetTimerID                
20005ed8  pxCurrentTCB                     
00006991  pxPortInitialiseStack            
000067c1  scalbn                           
000067c1  scalbnl                          
00007455  sprintf                          
000075df  strchr                           
000075f5  strcpy                           
00007609  strlen                           
00003727  ucQueueGetQueueType              
20005f28  ui32DutyCycle                    
20005f2c  ui32DutyCycle2                   
00007e5c  ulMaxSyscallInterruptPriority    
00006bd9  ulPortGetIPSR                    
000018e5  ulTaskGenericNotifyTake          
0000189d  ulTaskGenericNotifyValueClear    
000059f7  uxEventGroupGetNumber            
00006ef7  uxListRemove                     
00003723  uxQueueGetQueueNumber            
00003711  uxQueueMessagesWaiting           
0000370d  uxQueueMessagesWaitingFromISR    
000036f7  uxQueueSpacesAvailable           
00001885  uxTaskGetNumberOfTasks           
00001879  uxTaskGetStackHighWaterMark      
00001415  uxTaskGetSystemState             
0000186f  uxTaskGetTaskNumber              
00001857  uxTaskPriorityGet                
00001837  uxTaskPriorityGetFromISR         
00001823  uxTaskResetEventItemValue        
0000486b  uxTimerGetReloadMode             
00004867  uxTimerGetTimerNumber            
00007e60  uxTopUsedPriority                
000074d3  vApplicationIdleHook             
00005ecd  vApplicationStackOverflowHook    
00007179  vConfigureTimerForRunTimeStats   
000059f3  vEventGroupClearBitsCallback     
000059cb  vEventGroupDelete                
000059c7  vEventGroupSetBitsCallback       
000059c3  vEventGroupSetNumber             
00006ed9  vListInitialise                  
00006ed3  vListInitialiseItem              
00006ea1  vListInsert                      
00006e89  vListInsertEnd                   
00006c95  vPortEnableVFP                   
0000698f  vPortEndScheduler                
00006977  vPortEnterCritical               
00006965  vPortExitCritical                
00005d47  vPortFree                        
00005c8b  vPortGetHeapStats                
00005c89  vPortInitialiseBlocks            
00006c51  vPortSVCHandler                  
00006907  vPortSetupTimerInterrupt         
00006c71  vPortStartFirstTask              
000036bb  vQueueAddToRegistry              
000036ab  vQueueDelete                     
000036a7  vQueueSetQueueNumber             
00003681  vQueueUnregisterQueue            
00003639  vQueueWaitForMessageRestricted   
000017f5  vTaskDelay                       
0000175d  vTaskDelete                      
0000172f  vTaskEndScheduler                
00001649  vTaskGenericNotifyGiveFromISR    
0000133b  vTaskGetInfo                     
000015a9  vTaskGetRunTimeStats             
00000d37  vTaskInternalSetTimeOutState     
000014dd  vTaskList                        
00001295  vTaskMissedYield                 
00001279  vTaskPlaceOnEventList            
0000123d  vTaskPlaceOnEventListRestricted  
000011ff  vTaskPlaceOnUnorderedEventList   
00001131  vTaskPrioritySet                 
00001081  vTaskRemoveFromUnorderedEventList
00000fe5  vTaskResume                      
00000fdb  vTaskSetTaskNumber               
00000fc1  vTaskSetTimeOutState             
00000f71  vTaskStartScheduler              
00000e9d  vTaskSuspend                     
00000ae1  vTaskSuspendAll                  
00000dd5  vTaskSwitchContext               
0000483b  vTimerSetReloadMode              
00004829  vTimerSetTimerID                 
00004825  vTimerSetTimerNumber             
0000761d  wcslen                           
000059a9  xEventGroupClearBits             
00005997  xEventGroupClearBitsFromISR      
0000597d  xEventGroupCreate                
00005963  xEventGroupGetBitsFromISR        
00005853  xEventGroupSetBits               
00005951  xEventGroupSetBitsFromISR        
000058c5  xEventGroupSync                  
000057a5  xEventGroupWaitBits              
00005c83  xPortGetFreeHeapSize             
00005c7d  xPortGetMinimumEverFreeHeapSize  
00006bf1  xPortPendSVHandler               
00006931  xPortStartScheduler              
000068d1  xPortSysTickHandler              
000035f5  xQueueGenericCreate              
00003547  xQueueGenericReset               
00003453  xQueueGenericSend                
000033cd  xQueueGenericSendFromISR         
00003311  xQueueGiveFromISR                
00003305  xQueueIsQueueEmptyFromISR        
000032f5  xQueueIsQueueFullFromISR         
00003209  xQueuePeek                       
000031d9  xQueuePeekFromISR                
000030e9  xQueueReceive                    
00003085  xQueueReceiveFromISR             
200055ac  xQueueRegistry                   
00002f7d  xQueueSemaphoreTake              
00000da5  xTaskCatchUpTicks                
00000d45  xTaskCheckForTimeOut             
00000ccd  xTaskCreate                      
00000aeb  xTaskDelayUntil                  
000009d1  xTaskGenericNotify               
00000855  xTaskGenericNotifyFromISR        
0000081f  xTaskGenericNotifyStateClear     
0000077d  xTaskGenericNotifyWait           
000006dd  xTaskGetCurrentTaskHandle        
000006c5  xTaskGetSchedulerState           
000006b5  xTaskGetTickCount                
000006a9  xTaskGetTickCountFromISR         
00000343  xTaskIncrementTick               
000005d5  xTaskRemoveFromEventList         
0000048b  xTaskResumeAll                   
00000289  xTaskResumeFromISR               
000047f1  xTimerCreate                     
0000478f  xTimerCreateTimerTask            
000046ff  xTimerGenericCommand             
000046fb  xTimerGetExpiryTime              
000046f7  xTimerGetPeriod                  
000046df  xTimerGetReloadMode              
000046d9  xTimerGetTimerDaemonTaskHandle   
000046c1  xTimerIsTimerActive              
0000469f  xTimerPendFunctionCall           
0000467d  xTimerPendFunctionCallFromISR    


GLOBAL SYMBOLS: SORTED BY Symbol Address 

address   name                             
-------   ----                             
00000000  __TI_static_base__               
00000000  g_pfnVectors                     
00000289  xTaskResumeFromISR               
00000343  xTaskIncrementTick               
0000048b  xTaskResumeAll                   
000005d5  xTaskRemoveFromEventList         
000006a9  xTaskGetTickCountFromISR         
000006b5  xTaskGetTickCount                
000006c5  xTaskGetSchedulerState           
000006dd  xTaskGetCurrentTaskHandle        
0000077d  xTaskGenericNotifyWait           
00000800  __STACK_SIZE                     
0000081f  xTaskGenericNotifyStateClear     
00000855  xTaskGenericNotifyFromISR        
000009d1  xTaskGenericNotify               
00000ae1  vTaskSuspendAll                  
00000aeb  xTaskDelayUntil                  
00000ccd  xTaskCreate                      
00000d37  vTaskInternalSetTimeOutState     
00000d45  xTaskCheckForTimeOut             
00000da5  xTaskCatchUpTicks                
00000dd5  vTaskSwitchContext               
00000e9d  vTaskSuspend                     
00000f71  vTaskStartScheduler              
00000fc1  vTaskSetTimeOutState             
00000fdb  vTaskSetTaskNumber               
00000fe5  vTaskResume                      
00001081  vTaskRemoveFromUnorderedEventList
00001131  vTaskPrioritySet                 
000011ff  vTaskPlaceOnUnorderedEventList   
0000123d  vTaskPlaceOnEventListRestricted  
00001279  vTaskPlaceOnEventList            
00001295  vTaskMissedYield                 
000012bd  eTaskGetState                    
0000133b  vTaskGetInfo                     
00001415  uxTaskGetSystemState             
000014dd  vTaskList                        
000015a9  vTaskGetRunTimeStats             
00001649  vTaskGenericNotifyGiveFromISR    
0000172f  vTaskEndScheduler                
0000175d  vTaskDelete                      
000017f5  vTaskDelay                       
00001823  uxTaskResetEventItemValue        
00001837  uxTaskPriorityGetFromISR         
00001857  uxTaskPriorityGet                
0000186f  uxTaskGetTaskNumber              
00001879  uxTaskGetStackHighWaterMark      
00001885  uxTaskGetNumberOfTasks           
0000189d  ulTaskGenericNotifyValueClear    
000018e5  ulTaskGenericNotifyTake          
000019d1  pcTaskGetName                    
00001a0d  SysCtlVoltageEventStatus         
00001a13  SysCtlVoltageEventConfig         
00001a1b  SysCtlVoltageEventClear          
00001a25  SysCtlVCOGet                     
00001a87  SysCtlUSBPLLEnable               
00001a95  SysCtlUSBPLLDisable              
00001aa3  SysCtlSleepPowerSet              
00001aab  SysCtlSRAMSizeGet                
00001ab9  SysCtlResetCauseGet              
00001ac1  SysCtlResetCauseClear            
00001acf  SysCtlResetBehaviorSet           
00001ad7  SysCtlResetBehaviorGet           
00001adf  SysCtlReset                      
00001ae7  SysCtlPeripheralSleepEnable      
00001b15  SysCtlPeripheralSleepDisable     
00001b43  SysCtlPeripheralReset            
00001bb1  SysCtlPeripheralReady            
00001be3  SysCtlPeripheralPresent          
00001c15  SysCtlPeripheralPowerOn          
00001c43  SysCtlPeripheralPowerOff         
00001c71  SysCtlPeripheralEnable           
00001c9f  SysCtlPeripheralDisable          
00001ccd  SysCtlPeripheralDeepSleepEnable  
00001cfb  SysCtlPeripheralDeepSleepDisable 
00001d29  SysCtlPeripheralClockGating      
00001d6b  SysCtlPWMClockSet                
00001d79  SysCtlPWMClockGet                
00001d91  SysCtlPIOSCCalibrate             
00001dd9  SysCtlNMIStatus                  
00001de1  SysCtlNMIClear                   
00001df9  SysCtlMOSCConfigSet              
00001e01  SysCtlLDOSleepSet                
00001e09  SysCtlLDOSleepGet                
00001e11  SysCtlLDODeepSleepSet            
00001e19  SysCtlLDODeepSleepGet            
00001e21  SysCtlIntUnregister              
00001e31  SysCtlIntStatus                  
00001e41  SysCtlIntRegister                
00001e53  SysCtlIntEnable                  
00001e5f  SysCtlIntDisable                 
00001e6d  SysCtlIntClear                   
00001e81  SysCtlGPIOAHBEnable              
00001e97  SysCtlGPIOAHBDisable             
00001ead  SysCtlFlashSizeGet               
00001edd  SysCtlFlashSectorSizeGet         
00001f03  SysCtlDeepSleepPowerSet          
00001f09  SysCtlDeepSleepClockSet          
00001f15  SysCtlDeepSleepClockConfigSet    
00001f71  SysCtlDeepSleep                  
00001f99  SysCtlClockSet                   
0000207d  SysCtlClockOutConfig             
000020a5  SysCtlClockGet                   
00002265  SysCtlClockFreqSet               
00002455  SysCtlAltClkConfig               
000024ad  __TI_printfi                     
00002efb  __aeabi_idiv0                    
00002efb  __aeabi_ldiv0                    
00002f7d  xQueueSemaphoreTake              
00003085  xQueueReceiveFromISR             
000030e9  xQueueReceive                    
000031d9  xQueuePeekFromISR                
00003209  xQueuePeek                       
000032f5  xQueueIsQueueFullFromISR         
00003305  xQueueIsQueueEmptyFromISR        
00003311  xQueueGiveFromISR                
000033cd  xQueueGenericSendFromISR         
00003453  xQueueGenericSend                
00003547  xQueueGenericReset               
000035f5  xQueueGenericCreate              
00003639  vQueueWaitForMessageRestricted   
00003681  vQueueUnregisterQueue            
000036a7  vQueueSetQueueNumber             
000036ab  vQueueDelete                     
000036bb  vQueueAddToRegistry              
000036f7  uxQueueSpacesAvailable           
0000370d  uxQueueMessagesWaitingFromISR    
00003711  uxQueueMessagesWaiting           
00003723  uxQueueGetQueueNumber            
00003727  ucQueueGetQueueType              
0000372d  pcQueueGetName                   
000037b3  UARTwrite                        
0000380d  UARTvprintf                      
00003a05  UARTprintf                       
00003a3d  UARTgets                         
00003cff  UARTgetc                         
00003d15  UARTTxBytesFree                  
00003d31  UARTStdioIntHandler              
00003dfb  UARTFlushRx                      
00003e0d  UARTFlushTx                      
00003e35  UARTStdioConfig                  
00003efb  UARTRxBytesAvail                 
00003f09  UARTEchoSet                      
00003f55  GPIOUnlockPin                    
00003f67  GPIOPinWrite                     
00003f6d  GPIOPinWakeStatus                
00003f73  GPIODirModeSet                   
00003fa3  GPIOPadConfigSet                 
00004123  GPIOPinTypeWakeLow               
0000413b  GPIOPinTypeWakeHigh              
00004153  GPIOPinTypeUSBDigital            
00004169  GPIOPinTypeUSBAnalog             
0000417f  GPIOPinTypeUART                  
00004195  GPIOPinTypeTrace                 
000041ab  GPIOPinTypeTimer                 
000041c1  GPIOPinTypeSSI                   
000041d7  GPIOPinTypeQEI                   
000041ed  GPIOPinTypePWM                   
00004203  GPIOPinTypeOneWire               
00004219  GPIOPinTypeLCD                   
0000422f  GPIOPinTypeI2CSCL                
00004245  GPIOPinTypeI2C                   
0000425b  GPIOPinTypeHibernateRTCCLK       
00004271  GPIOPinTypeGPIOOutputOD          
0000428b  GPIOPinTypeGPIOOutput            
000042a5  GPIOPinTypeGPIOInput             
000042c1  GPIOPinTypeEthernetMII           
000042d7  GPIOPinTypeEthernetLED           
000042ed  GPIOPinTypeEPI                   
00004311  GPIOPinTypeDIVSCLK               
00004327  GPIOPinTypeComparatorOutput      
0000433d  GPIOPinTypeComparator            
00004353  GPIOPinTypeCAN                   
00004369  GPIOPinTypeADC                   
0000437f  GPIOPinRead                      
00004385  GPIOPinConfigure                 
000043c3  GPIOPadConfigGet                 
000044c5  GPIOIntUnregisterPin             
000044dd  GPIOIntUnregister                
000044f1  GPIOIntTypeSet                   
00004551  GPIOIntTypeGet                   
0000459d  GPIOIntStatus                    
000045ab  GPIOIntRegisterPin               
000045c7  GPIOIntRegister                  
000045df  GPIOIntEnable                    
000045eb  GPIOIntDisable                   
000045f9  GPIOIntClear                     
000045ff  GPIODirModeGet                   
00004629  GPIODMATriggerEnable             
00004635  GPIODMATriggerDisable            
00004643  GPIOADCTriggerEnable             
0000464f  GPIOADCTriggerDisable            
0000467d  xTimerPendFunctionCallFromISR    
0000469f  xTimerPendFunctionCall           
000046c1  xTimerIsTimerActive              
000046d9  xTimerGetTimerDaemonTaskHandle   
000046df  xTimerGetReloadMode              
000046f7  xTimerGetPeriod                  
000046fb  xTimerGetExpiryTime              
000046ff  xTimerGenericCommand             
0000478f  xTimerCreateTimerTask            
000047f1  xTimerCreate                     
00004825  vTimerSetTimerNumber             
00004829  vTimerSetTimerID                 
0000483b  vTimerSetReloadMode              
00004867  uxTimerGetTimerNumber            
0000486b  uxTimerGetReloadMode             
0000486f  pvTimerGetTimerID                
00004b41  pcTimerGetName                   
00004b51  PWMSyncUpdate                    
00004b55  PWMSyncTimeBase                  
00004b59  PWMPulseWidthSet                 
00004b77  PWMPulseWidthGet                 
00004b97  PWMOutputUpdateMode              
00004bd1  PWMOutputState                   
00004be7  PWMOutputInvert                  
00004bfd  PWMOutputFaultLevel              
00004c13  PWMOutputFault                   
00004c29  PWMIntStatus                     
00004c33  PWMIntEnable                     
00004c3b  PWMIntDisable                    
00004c45  PWMGenPeriodSet                  
00004c59  PWMGenPeriodGet                  
00004d2f  PWMGenIntUnregister              
00004d43  PWMGenIntTrigEnable              
00004d4d  PWMGenIntTrigDisable             
00004d57  PWMGenIntStatus                  
00004d63  PWMGenIntRegister                
00004d7b  PWMGenIntClear                   
00004d81  PWMGenFaultTriggerSet            
00004d93  PWMGenFaultTriggerGet            
00004da1  PWMGenFaultStatus                
00004db7  PWMGenFaultConfigure             
00004dc7  PWMGenFaultClear                 
00004ddd  PWMGenEnable                     
00004de7  PWMGenDisable                    
00004df1  PWMGenConfigure                  
00004e53  PWMFaultIntUnregister            
00004e67  PWMFaultIntRegister              
00004e7f  PWMFaultIntClearExt              
00004e83  PWMFaultIntClear                 
00004e8b  PWMDeadBandEnable                
00004e9b  PWMDeadBandDisable               
00004ea7  PWMClockSet                      
00004eb7  PWMClockGet                      
00004eed  TimerValueGet64                  
00004f03  TimerValueGet                    
00004f0f  TimerUpdateMode                  
00004f37  TimerSynchronize                 
00004f3b  TimerRTCEnable                   
00004f45  TimerRTCDisable                  
00004f4f  TimerPrescaleSet                 
00004f61  TimerPrescaleMatchSet            
00004f73  TimerPrescaleMatchGet            
00004f7f  TimerPrescaleGet                 
00004f8b  TimerMatchSet64                  
00004f91  TimerMatchSet                    
00004fa3  TimerMatchGet64                  
00004fb9  TimerMatchGet                    
00004fc5  TimerLoadSet64                   
00004fcb  TimerLoadSet                     
00004fdd  TimerLoadGet64                   
00004ff3  TimerLoadGet                     
0000503f  TimerIntUnregister               
00005053  TimerIntStatus                   
0000505d  TimerIntRegister                 
00005075  TimerIntEnable                   
0000507d  TimerIntDisable                  
00005087  TimerIntClear                    
0000508b  TimerEnable                      
00005099  TimerDisable                     
000050ad  TimerDMAEventSet                 
000050b1  TimerDMAEventGet                 
000050b5  TimerControlWaitOnTrigger        
000050ef  TimerControlTrigger              
0000512f  TimerControlStall                
00005145  TimerControlLevel                
0000515b  TimerControlEvent                
0000516d  TimerConfigure                   
000051c5  TimerClockSourceSet              
000051cb  TimerClockSourceGet              
000051d1  TimerADCEventSet                 
000051d5  TimerADCEventGet                 
000051f1  UARTTxIntModeSet                 
000051fd  UARTTxIntModeGet                 
00005205  UARTSpaceAvail                   
00005213  UARTSmartCardEnable              
00005229  UARTSmartCardDisable             
00005233  UARTRxErrorGet                   
0000523b  UARTRxErrorClear                 
00005241  UARTParityModeSet                
0000524d  UARTParityModeGet                
00005255  UARTModemStatusGet               
0000525f  UARTModemControlSet              
0000526b  UARTModemControlGet              
00005273  UARTModemControlClear            
00005285  UARTLoopbackEnable               
000052c5  UARTIntUnregister                
000052d9  UARTIntStatus                    
000052e3  UARTIntRegister                  
000052fb  UARTIntEnable                    
00005303  UARTIntDisable                   
0000530d  UARTIntClear                     
00005311  UARTFlowControlSet               
0000531d  UARTFlowControlGet               
00005325  UARTFIFOLevelSet                 
0000532b  UARTFIFOLevelGet                 
0000533b  UARTFIFOEnable                   
00005345  UARTFIFODisable                  
0000534f  UARTEnableSIR                    
00005367  UARTEnable                       
0000537b  UARTDisableSIR                   
00005385  UARTDisable                      
0000539d  UARTDMAEnable                    
000053a5  UARTDMADisable                   
000053af  UARTConfigSetExpClk              
000053f3  UARTConfigGetExpClk              
0000541b  UARTClockSourceSet               
00005421  UARTClockSourceGet               
00005427  UARTCharsAvail                   
00005435  UARTCharPutNonBlocking           
00005445  UARTCharPut                      
0000544f  UARTCharGetNonBlocking           
0000545f  UARTCharGet                      
00005469  UARTBusy                         
00005471  UARTBreakCtl                     
00005485  UART9BitEnable                   
00005493  UART9BitDisable                  
000054a1  UART9BitAddrSet                  
000054ab  UART9BitAddrSend                 
000054eb  IntUnregister                    
000054f5  IntTrigger                       
000054fd  IntRegister                      
00005527  IntPrioritySet                   
00005553  IntPriorityGroupingSet           
00005565  IntPriorityGroupingGet           
00005587  IntPriorityGet                   
000055a1  IntPendSet                       
000055eb  IntPendClear                     
00005627  IntMasterEnable                  
00005637  IntMasterDisable                 
00005647  IntIsEnabled                     
0000569f  IntEnable                        
000056f9  IntDisable                       
000057a5  xEventGroupWaitBits              
00005853  xEventGroupSetBits               
000058c5  xEventGroupSync                  
00005951  xEventGroupSetBitsFromISR        
00005963  xEventGroupGetBitsFromISR        
0000597d  xEventGroupCreate                
00005997  xEventGroupClearBitsFromISR      
000059a9  xEventGroupClearBits             
000059c3  vEventGroupSetNumber             
000059c7  vEventGroupSetBitsCallback       
000059cb  vEventGroupDelete                
000059f3  vEventGroupClearBitsCallback     
000059f7  uxEventGroupGetNumber            
00005c7d  xPortGetMinimumEverFreeHeapSize  
00005c83  xPortGetFreeHeapSize             
00005c89  vPortInitialiseBlocks            
00005c8b  vPortGetHeapStats                
00005d47  vPortFree                        
00005dd1  pvPortMalloc                     
00005e7f  pvPortCalloc                     
00005ecd  vApplicationStackOverflowHook    
00005ecf  main                             
0000601d  GPIOFIntHandler                  
00006271  __aeabi_dsub                     
0000627b  __aeabi_dadd                     
00006565  __aeabi_ddiv                     
000067c1  ldexp                            
000067c1  ldexpl                           
000067c1  scalbn                           
000067c1  scalbnl                          
000068d1  xPortSysTickHandler              
00006907  vPortSetupTimerInterrupt         
00006931  xPortStartScheduler              
00006965  vPortExitCritical                
00006977  vPortEnterCritical               
0000698f  vPortEndScheduler                
00006991  pxPortInitialiseStack            
000069d5  __aeabi_dmul                     
00006ad1  ButtonsPoll                      
00006b51  ButtonsInit                      
00006bd9  ulPortGetIPSR                    
00006bf1  xPortPendSVHandler               
00006c51  vPortSVCHandler                  
00006c71  vPortStartFirstTask              
00006c95  vPortEnableVFP                   
00006d57  __aeabi_memcpy                   
00006d57  __aeabi_memcpy4                  
00006d57  __aeabi_memcpy8                  
00006d57  memcpy                           
00006df3  __aeabi_uldivmod                 
00006e89  vListInsertEnd                   
00006ea1  vListInsert                      
00006ed3  vListInitialiseItem              
00006ed9  vListInitialise                  
00006ef7  uxListRemove                     
00006f1d  __aeabi_cdcmpeq                  
00006f1d  __aeabi_cdcmple                  
00006fa3  __aeabi_cdrcmple                 
00007029  __aeabi_memclr                   
00007029  __aeabi_memclr4                  
00007029  __aeabi_memclr8                  
0000702b  __aeabi_memset                   
0000702b  __aeabi_memset4                  
0000702b  __aeabi_memset8                  
00007031  memset                           
00007111  __TI_decompress_lzss             
00007179  vConfigureTimerForRunTimeStats   
000071dd  frexp                            
000071dd  frexpl                           
00007297  __TI_ltoa                        
0000733d  atoi                             
00007389  __aeabi_d2iz                     
000073d1  __TI_auto_init_nobinit_nopinit   
00007415  __aeabi_uidiv                    
00007415  __aeabi_uidivmod                 
00007455  sprintf                          
000074d3  CPUwfi                           
000074d3  SysCtlSleep                      
000074d3  vApplicationIdleHook             
000074d7  CPUprimask                       
000074e1  CPUcpsie                         
000074ed  CPUcpsid                         
000074f9  CPUbasepriSet                    
000074f9  IntPriorityMaskSet               
000074ff  CPUbasepriGet                    
000074ff  IntPriorityMaskGet               
00007509  _c_int00_noargs                  
0000753d  __aeabi_i2d                      
0000756d  GetOverflowCounts                
00007591  memccpy                          
000075ad  copysign                         
000075ad  copysignl                        
000075df  strchr                           
000075f5  strcpy                           
00007609  strlen                           
0000761d  wcslen                           
0000762f  __TI_decompress_none             
0000763d  __TI_zero_init                   
00007649  ResetISR                         
00007661  __aeabi_errno_addr               
00007669  SysCtlDelay                      
0000766f  _system_pre_init                 
00007673  C$$EXIT                          
00007673  abort                            
00007828  _ctypes_                         
00007e5c  ulMaxSyscallInterruptPriority    
00007e60  uxTopUsedPriority                
00007e94  __TI_Handler_Table_Base          
00007ea0  __TI_Handler_Table_Limit         
00007eb0  __TI_CINIT_Base                  
00007ec8  __TI_CINIT_Limit                 
20000000  __start___llvm_prf_cnts          
20000000  __stop___llvm_prf_cnts           
20000000  g_pfnRAMVectors                  
200055ac  xQueueRegistry                   
200056d8  __stack                          
20005ed8  __STACK_END                      
20005ed8  __STACK_TOP                      
20005ed8  pxCurrentTCB                     
20005f28  ui32DutyCycle                    
20005f2c  ui32DutyCycle2                   
20005f30  DutyCycle_mitadvelocidad_izq     
20005f34  DutyCycle_mitadvelocidad_der     
20005f54  errno                            
ffffffff  __TI_pprof_out_hndl              
ffffffff  __TI_prof_data_size              
ffffffff  __TI_prof_data_start             
ffffffff  __binit__                        
ffffffff  __c_args__                       
ffffffff  binit                            
UNDEFED   __mpu_init                       
UNDEFED   _system_post_cinit               

[476 symbols]
