<?xml version="1.0" encoding="ISO-8859-1" ?>
<link_info>
   <banner>TI ARM Linker PC v20.2.5.LTS</banner>
   <copyright>Copyright (c) 1996-2018 Texas Instruments Incorporated</copyright>
   <link_time>0x672f280e</link_time>
   <link_errors>0x0</link_errors>
   <output_file>tutorial-FreeRTOSPt3.out</output_file>
   <entry_point>
      <name>_c_int00_noargs</name>
      <address>0x7445</address>
   </entry_point>
   <input_file_list>
      <input_file id="fl-2">
         <path>.\</path>
         <kind>object</kind>
         <file>Ej1.PWM-Servo-Skel.obj</file>
         <name>Ej1.PWM-Servo-Skel.obj</name>
      </input_file>
      <input_file id="fl-3">
         <path>.\</path>
         <kind>object</kind>
         <file>startup_ccs.obj</file>
         <name>startup_ccs.obj</name>
      </input_file>
      <input_file id="fl-4">
         <path>.\FreeRTOS\Source\</path>
         <kind>object</kind>
         <file>croutine.obj</file>
         <name>croutine.obj</name>
      </input_file>
      <input_file id="fl-5">
         <path>.\FreeRTOS\Source\</path>
         <kind>object</kind>
         <file>event_groups.obj</file>
         <name>event_groups.obj</name>
      </input_file>
      <input_file id="fl-6">
         <path>.\FreeRTOS\Source\</path>
         <kind>object</kind>
         <file>list.obj</file>
         <name>list.obj</name>
      </input_file>
      <input_file id="fl-7">
         <path>.\FreeRTOS\Source\</path>
         <kind>object</kind>
         <file>queue.obj</file>
         <name>queue.obj</name>
      </input_file>
      <input_file id="fl-8">
         <path>.\FreeRTOS\Source\</path>
         <kind>object</kind>
         <file>stream_buffer.obj</file>
         <name>stream_buffer.obj</name>
      </input_file>
      <input_file id="fl-9">
         <path>.\FreeRTOS\Source\</path>
         <kind>object</kind>
         <file>tasks.obj</file>
         <name>tasks.obj</name>
      </input_file>
      <input_file id="fl-a">
         <path>.\FreeRTOS\Source\</path>
         <kind>object</kind>
         <file>timers.obj</file>
         <name>timers.obj</name>
      </input_file>
      <input_file id="fl-b">
         <path>.\FreeRTOS\Source\portable\CCS\ARM_CM4F\</path>
         <kind>object</kind>
         <file>port.obj</file>
         <name>port.obj</name>
      </input_file>
      <input_file id="fl-c">
         <path>.\FreeRTOS\Source\portable\CCS\ARM_CM4F\</path>
         <kind>object</kind>
         <file>portasm.obj</file>
         <name>portasm.obj</name>
      </input_file>
      <input_file id="fl-d">
         <path>.\FreeRTOS\Source\portable\MemMang\</path>
         <kind>object</kind>
         <file>heap_4.obj</file>
         <name>heap_4.obj</name>
      </input_file>
      <input_file id="fl-e">
         <path>.\driverlib\</path>
         <kind>object</kind>
         <file>adc.obj</file>
         <name>adc.obj</name>
      </input_file>
      <input_file id="fl-f">
         <path>.\driverlib\</path>
         <kind>object</kind>
         <file>aes.obj</file>
         <name>aes.obj</name>
      </input_file>
      <input_file id="fl-10">
         <path>.\driverlib\</path>
         <kind>object</kind>
         <file>can.obj</file>
         <name>can.obj</name>
      </input_file>
      <input_file id="fl-11">
         <path>.\driverlib\</path>
         <kind>object</kind>
         <file>comp.obj</file>
         <name>comp.obj</name>
      </input_file>
      <input_file id="fl-12">
         <path>.\driverlib\</path>
         <kind>object</kind>
         <file>cpu.obj</file>
         <name>cpu.obj</name>
      </input_file>
      <input_file id="fl-13">
         <path>.\driverlib\</path>
         <kind>object</kind>
         <file>crc.obj</file>
         <name>crc.obj</name>
      </input_file>
      <input_file id="fl-14">
         <path>.\driverlib\</path>
         <kind>object</kind>
         <file>des.obj</file>
         <name>des.obj</name>
      </input_file>
      <input_file id="fl-15">
         <path>.\driverlib\</path>
         <kind>object</kind>
         <file>eeprom.obj</file>
         <name>eeprom.obj</name>
      </input_file>
      <input_file id="fl-16">
         <path>.\driverlib\</path>
         <kind>object</kind>
         <file>emac.obj</file>
         <name>emac.obj</name>
      </input_file>
      <input_file id="fl-17">
         <path>.\driverlib\</path>
         <kind>object</kind>
         <file>epi.obj</file>
         <name>epi.obj</name>
      </input_file>
      <input_file id="fl-18">
         <path>.\driverlib\</path>
         <kind>object</kind>
         <file>epi_workaround_ccs.obj</file>
         <name>epi_workaround_ccs.obj</name>
      </input_file>
      <input_file id="fl-19">
         <path>.\driverlib\</path>
         <kind>object</kind>
         <file>flash.obj</file>
         <name>flash.obj</name>
      </input_file>
      <input_file id="fl-1a">
         <path>.\driverlib\</path>
         <kind>object</kind>
         <file>fpu.obj</file>
         <name>fpu.obj</name>
      </input_file>
      <input_file id="fl-1b">
         <path>.\driverlib\</path>
         <kind>object</kind>
         <file>gpio.obj</file>
         <name>gpio.obj</name>
      </input_file>
      <input_file id="fl-1c">
         <path>.\driverlib\</path>
         <kind>object</kind>
         <file>hibernate.obj</file>
         <name>hibernate.obj</name>
      </input_file>
      <input_file id="fl-1d">
         <path>.\driverlib\</path>
         <kind>object</kind>
         <file>i2c.obj</file>
         <name>i2c.obj</name>
      </input_file>
      <input_file id="fl-1e">
         <path>.\driverlib\</path>
         <kind>object</kind>
         <file>interrupt.obj</file>
         <name>interrupt.obj</name>
      </input_file>
      <input_file id="fl-1f">
         <path>.\driverlib\</path>
         <kind>object</kind>
         <file>lcd.obj</file>
         <name>lcd.obj</name>
      </input_file>
      <input_file id="fl-20">
         <path>.\driverlib\</path>
         <kind>object</kind>
         <file>mpu.obj</file>
         <name>mpu.obj</name>
      </input_file>
      <input_file id="fl-21">
         <path>.\driverlib\</path>
         <kind>object</kind>
         <file>onewire.obj</file>
         <name>onewire.obj</name>
      </input_file>
      <input_file id="fl-22">
         <path>.\driverlib\</path>
         <kind>object</kind>
         <file>pwm.obj</file>
         <name>pwm.obj</name>
      </input_file>
      <input_file id="fl-23">
         <path>.\driverlib\</path>
         <kind>object</kind>
         <file>qei.obj</file>
         <name>qei.obj</name>
      </input_file>
      <input_file id="fl-24">
         <path>.\driverlib\</path>
         <kind>object</kind>
         <file>shamd5.obj</file>
         <name>shamd5.obj</name>
      </input_file>
      <input_file id="fl-25">
         <path>.\driverlib\</path>
         <kind>object</kind>
         <file>ssi.obj</file>
         <name>ssi.obj</name>
      </input_file>
      <input_file id="fl-26">
         <path>.\driverlib\</path>
         <kind>object</kind>
         <file>sw_crc.obj</file>
         <name>sw_crc.obj</name>
      </input_file>
      <input_file id="fl-27">
         <path>.\driverlib\</path>
         <kind>object</kind>
         <file>sysctl.obj</file>
         <name>sysctl.obj</name>
      </input_file>
      <input_file id="fl-28">
         <path>.\driverlib\</path>
         <kind>object</kind>
         <file>sysexc.obj</file>
         <name>sysexc.obj</name>
      </input_file>
      <input_file id="fl-29">
         <path>.\driverlib\</path>
         <kind>object</kind>
         <file>systick.obj</file>
         <name>systick.obj</name>
      </input_file>
      <input_file id="fl-2a">
         <path>.\driverlib\</path>
         <kind>object</kind>
         <file>timer.obj</file>
         <name>timer.obj</name>
      </input_file>
      <input_file id="fl-2b">
         <path>.\driverlib\</path>
         <kind>object</kind>
         <file>uart.obj</file>
         <name>uart.obj</name>
      </input_file>
      <input_file id="fl-2c">
         <path>.\driverlib\</path>
         <kind>object</kind>
         <file>udma.obj</file>
         <name>udma.obj</name>
      </input_file>
      <input_file id="fl-2d">
         <path>.\driverlib\</path>
         <kind>object</kind>
         <file>usb.obj</file>
         <name>usb.obj</name>
      </input_file>
      <input_file id="fl-2e">
         <path>.\driverlib\</path>
         <kind>object</kind>
         <file>watchdog.obj</file>
         <name>watchdog.obj</name>
      </input_file>
      <input_file id="fl-2f">
         <path>.\drivers\</path>
         <kind>object</kind>
         <file>buttons.obj</file>
         <name>buttons.obj</name>
      </input_file>
      <input_file id="fl-30">
         <path>.\drivers\</path>
         <kind>object</kind>
         <file>rgb.obj</file>
         <name>rgb.obj</name>
      </input_file>
      <input_file id="fl-31">
         <path>.\utils\</path>
         <kind>object</kind>
         <file>RunTimeStatsConfig.obj</file>
         <name>RunTimeStatsConfig.obj</name>
      </input_file>
      <input_file id="fl-32">
         <path>.\utils\</path>
         <kind>object</kind>
         <file>cmdline.obj</file>
         <name>cmdline.obj</name>
      </input_file>
      <input_file id="fl-33">
         <path>.\utils\</path>
         <kind>object</kind>
         <file>cpu_usage.obj</file>
         <name>cpu_usage.obj</name>
      </input_file>
      <input_file id="fl-34">
         <path>.\utils\</path>
         <kind>object</kind>
         <file>uartstdio.obj</file>
         <name>uartstdio.obj</name>
      </input_file>
      <input_file id="fl-38">
         <kind>object</kind>
         <file>&lt;internal&gt;</file>
         <name>&lt;internal&gt;</name>
      </input_file>
      <input_file id="fl-ee">
         <path>C:\ti\ccs1110\ccs\tools\compiler\ti-cgt-arm_20.2.5.LTS\lib\</path>
         <kind>archive</kind>
         <file>rtsv7M4_T_le_v4SPD16_eabi.lib</file>
         <name>sprintf.c.obj</name>
      </input_file>
      <input_file id="fl-ef">
         <path>C:\ti\ccs1110\ccs\tools\compiler\ti-cgt-arm_20.2.5.LTS\lib\</path>
         <kind>archive</kind>
         <file>rtsv7M4_T_le_v4SPD16_eabi.lib</file>
         <name>fs_toull_t2.asm.obj</name>
      </input_file>
      <input_file id="fl-f0">
         <path>C:\ti\ccs1110\ccs\tools\compiler\ti-cgt-arm_20.2.5.LTS\lib\</path>
         <kind>archive</kind>
         <file>rtsv7M4_T_le_v4SPD16_eabi.lib</file>
         <name>memcpy_t2.asm.obj</name>
      </input_file>
      <input_file id="fl-f1">
         <path>C:\ti\ccs1110\ccs\tools\compiler\ti-cgt-arm_20.2.5.LTS\lib\</path>
         <kind>archive</kind>
         <file>rtsv7M4_T_le_v4SPD16_eabi.lib</file>
         <name>u_divt2.asm.obj</name>
      </input_file>
      <input_file id="fl-f2">
         <path>C:\ti\ccs1110\ccs\tools\compiler\ti-cgt-arm_20.2.5.LTS\lib\</path>
         <kind>archive</kind>
         <file>rtsv7M4_T_le_v4SPD16_eabi.lib</file>
         <name>memset_t2.asm.obj</name>
      </input_file>
      <input_file id="fl-f3">
         <path>C:\ti\ccs1110\ccs\tools\compiler\ti-cgt-arm_20.2.5.LTS\lib\</path>
         <kind>archive</kind>
         <file>rtsv7M4_T_le_v4SPD16_eabi.lib</file>
         <name>copy_zero_init.c.obj</name>
      </input_file>
      <input_file id="fl-f4">
         <path>C:\ti\ccs1110\ccs\tools\compiler\ti-cgt-arm_20.2.5.LTS\lib\</path>
         <kind>archive</kind>
         <file>rtsv7M4_T_le_v4SPD16_eabi.lib</file>
         <name>copy_decompress_none.c.obj</name>
      </input_file>
      <input_file id="fl-f5">
         <path>C:\ti\ccs1110\ccs\tools\compiler\ti-cgt-arm_20.2.5.LTS\lib\</path>
         <kind>archive</kind>
         <file>rtsv7M4_T_le_v4SPD16_eabi.lib</file>
         <name>copy_decompress_lzss.c.obj</name>
      </input_file>
      <input_file id="fl-f6">
         <path>C:\ti\ccs1110\ccs\tools\compiler\ti-cgt-arm_20.2.5.LTS\lib\</path>
         <kind>archive</kind>
         <file>rtsv7M4_T_le_v4SPD16_eabi.lib</file>
         <name>strcmp.c.obj</name>
      </input_file>
      <input_file id="fl-f7">
         <path>C:\ti\ccs1110\ccs\tools\compiler\ti-cgt-arm_20.2.5.LTS\lib\</path>
         <kind>archive</kind>
         <file>rtsv7M4_T_le_v4SPD16_eabi.lib</file>
         <name>strcpy.c.obj</name>
      </input_file>
      <input_file id="fl-f8">
         <path>C:\ti\ccs1110\ccs\tools\compiler\ti-cgt-arm_20.2.5.LTS\lib\</path>
         <kind>archive</kind>
         <file>rtsv7M4_T_le_v4SPD16_eabi.lib</file>
         <name>strlen.c.obj</name>
      </input_file>
      <input_file id="fl-f9">
         <path>C:\ti\ccs1110\ccs\tools\compiler\ti-cgt-arm_20.2.5.LTS\lib\</path>
         <kind>archive</kind>
         <file>rtsv7M4_T_le_v4SPD16_eabi.lib</file>
         <name>boot_cortex_m.c.obj</name>
      </input_file>
      <input_file id="fl-fa">
         <path>C:\ti\ccs1110\ccs\tools\compiler\ti-cgt-arm_20.2.5.LTS\lib\</path>
         <kind>archive</kind>
         <file>rtsv7M4_T_le_v4SPD16_eabi.lib</file>
         <name>_printfi.c.obj</name>
      </input_file>
      <input_file id="fl-fb">
         <path>C:\ti\ccs1110\ccs\tools\compiler\ti-cgt-arm_20.2.5.LTS\lib\</path>
         <kind>archive</kind>
         <file>rtsv7M4_T_le_v4SPD16_eabi.lib</file>
         <name>s_frexp.c.obj</name>
      </input_file>
      <input_file id="fl-fc">
         <path>C:\ti\ccs1110\ccs\tools\compiler\ti-cgt-arm_20.2.5.LTS\lib\</path>
         <kind>archive</kind>
         <file>rtsv7M4_T_le_v4SPD16_eabi.lib</file>
         <name>s_scalbn.c.obj</name>
      </input_file>
      <input_file id="fl-fd">
         <path>C:\ti\ccs1110\ccs\tools\compiler\ti-cgt-arm_20.2.5.LTS\lib\</path>
         <kind>archive</kind>
         <file>rtsv7M4_T_le_v4SPD16_eabi.lib</file>
         <name>wcslen.c.obj</name>
      </input_file>
      <input_file id="fl-fe">
         <path>C:\ti\ccs1110\ccs\tools\compiler\ti-cgt-arm_20.2.5.LTS\lib\</path>
         <kind>archive</kind>
         <file>rtsv7M4_T_le_v4SPD16_eabi.lib</file>
         <name>div0.asm.obj</name>
      </input_file>
      <input_file id="fl-ff">
         <path>C:\ti\ccs1110\ccs\tools\compiler\ti-cgt-arm_20.2.5.LTS\lib\</path>
         <kind>archive</kind>
         <file>rtsv7M4_T_le_v4SPD16_eabi.lib</file>
         <name>fd_add_t2.asm.obj</name>
      </input_file>
      <input_file id="fl-100">
         <path>C:\ti\ccs1110\ccs\tools\compiler\ti-cgt-arm_20.2.5.LTS\lib\</path>
         <kind>archive</kind>
         <file>rtsv7M4_T_le_v4SPD16_eabi.lib</file>
         <name>fd_cmp_t2.asm.obj</name>
      </input_file>
      <input_file id="fl-101">
         <path>C:\ti\ccs1110\ccs\tools\compiler\ti-cgt-arm_20.2.5.LTS\lib\</path>
         <kind>archive</kind>
         <file>rtsv7M4_T_le_v4SPD16_eabi.lib</file>
         <name>fd_div_t2.asm.obj</name>
      </input_file>
      <input_file id="fl-102">
         <path>C:\ti\ccs1110\ccs\tools\compiler\ti-cgt-arm_20.2.5.LTS\lib\</path>
         <kind>archive</kind>
         <file>rtsv7M4_T_le_v4SPD16_eabi.lib</file>
         <name>fd_mul_t2.asm.obj</name>
      </input_file>
      <input_file id="fl-103">
         <path>C:\ti\ccs1110\ccs\tools\compiler\ti-cgt-arm_20.2.5.LTS\lib\</path>
         <kind>archive</kind>
         <file>rtsv7M4_T_le_v4SPD16_eabi.lib</file>
         <name>fd_toi_t2.asm.obj</name>
      </input_file>
      <input_file id="fl-104">
         <path>C:\ti\ccs1110\ccs\tools\compiler\ti-cgt-arm_20.2.5.LTS\lib\</path>
         <kind>archive</kind>
         <file>rtsv7M4_T_le_v4SPD16_eabi.lib</file>
         <name>i_tofd_t2.asm.obj</name>
      </input_file>
      <input_file id="fl-105">
         <path>C:\ti\ccs1110\ccs\tools\compiler\ti-cgt-arm_20.2.5.LTS\lib\</path>
         <kind>archive</kind>
         <file>rtsv7M4_T_le_v4SPD16_eabi.lib</file>
         <name>ull_div_t2.asm.obj</name>
      </input_file>
      <input_file id="fl-106">
         <path>C:\ti\ccs1110\ccs\tools\compiler\ti-cgt-arm_20.2.5.LTS\lib\</path>
         <kind>archive</kind>
         <file>rtsv7M4_T_le_v4SPD16_eabi.lib</file>
         <name>autoinit.c.obj</name>
      </input_file>
      <input_file id="fl-107">
         <path>C:\ti\ccs1110\ccs\tools\compiler\ti-cgt-arm_20.2.5.LTS\lib\</path>
         <kind>archive</kind>
         <file>rtsv7M4_T_le_v4SPD16_eabi.lib</file>
         <name>pre_init.c.obj</name>
      </input_file>
      <input_file id="fl-108">
         <path>C:\ti\ccs1110\ccs\tools\compiler\ti-cgt-arm_20.2.5.LTS\lib\</path>
         <kind>archive</kind>
         <file>rtsv7M4_T_le_v4SPD16_eabi.lib</file>
         <name>cpy_tbl.c.obj</name>
      </input_file>
      <input_file id="fl-109">
         <path>C:\ti\ccs1110\ccs\tools\compiler\ti-cgt-arm_20.2.5.LTS\lib\</path>
         <kind>archive</kind>
         <file>rtsv7M4_T_le_v4SPD16_eabi.lib</file>
         <name>exit.c.obj</name>
      </input_file>
      <input_file id="fl-10a">
         <path>C:\ti\ccs1110\ccs\tools\compiler\ti-cgt-arm_20.2.5.LTS\lib\</path>
         <kind>archive</kind>
         <file>rtsv7M4_T_le_v4SPD16_eabi.lib</file>
         <name>_lock.c.obj</name>
      </input_file>
      <input_file id="fl-10b">
         <path>C:\ti\ccs1110\ccs\tools\compiler\ti-cgt-arm_20.2.5.LTS\lib\</path>
         <kind>archive</kind>
         <file>rtsv7M4_T_le_v4SPD16_eabi.lib</file>
         <name>_ltoa.c.obj</name>
      </input_file>
      <input_file id="fl-10c">
         <path>C:\ti\ccs1110\ccs\tools\compiler\ti-cgt-arm_20.2.5.LTS\lib\</path>
         <kind>archive</kind>
         <file>rtsv7M4_T_le_v4SPD16_eabi.lib</file>
         <name>args_main.c.obj</name>
      </input_file>
      <input_file id="fl-10d">
         <path>C:\ti\ccs1110\ccs\tools\compiler\ti-cgt-arm_20.2.5.LTS\lib\</path>
         <kind>archive</kind>
         <file>rtsv7M4_T_le_v4SPD16_eabi.lib</file>
         <name>atoi.c.obj</name>
      </input_file>
      <input_file id="fl-10e">
         <path>C:\ti\ccs1110\ccs\tools\compiler\ti-cgt-arm_20.2.5.LTS\lib\</path>
         <kind>archive</kind>
         <file>rtsv7M4_T_le_v4SPD16_eabi.lib</file>
         <name>ctype.c.obj</name>
      </input_file>
      <input_file id="fl-10f">
         <path>C:\ti\ccs1110\ccs\tools\compiler\ti-cgt-arm_20.2.5.LTS\lib\</path>
         <kind>archive</kind>
         <file>rtsv7M4_T_le_v4SPD16_eabi.lib</file>
         <name>memccpy.c.obj</name>
      </input_file>
      <input_file id="fl-110">
         <path>C:\ti\ccs1110\ccs\tools\compiler\ti-cgt-arm_20.2.5.LTS\lib\</path>
         <kind>archive</kind>
         <file>rtsv7M4_T_le_v4SPD16_eabi.lib</file>
         <name>strchr.c.obj</name>
      </input_file>
      <input_file id="fl-111">
         <path>C:\ti\ccs1110\ccs\tools\compiler\ti-cgt-arm_20.2.5.LTS\lib\</path>
         <kind>archive</kind>
         <file>rtsv7M4_T_le_v4SPD16_eabi.lib</file>
         <name>errno.c.obj</name>
      </input_file>
      <input_file id="fl-112">
         <path>C:\ti\ccs1110\ccs\tools\compiler\ti-cgt-arm_20.2.5.LTS\lib\</path>
         <kind>archive</kind>
         <file>rtsv7M4_T_le_v4SPD16_eabi.lib</file>
         <name>s_copysign.c.obj</name>
      </input_file>
   </input_file_list>
   <object_component_list>
      <object_component id="oc-12">
         <name>.intvecs</name>
         <load_address>0x0</load_address>
         <run_address>0x0</run_address>
         <size>0x26c</size>
         <input_file_ref idref="fl-3"/>
      </object_component>
      <object_component id="oc-8b">
         <name>.text</name>
         <load_address>0x26c</load_address>
         <run_address>0x26c</run_address>
         <size>0x17a0</size>
         <input_file_ref idref="fl-9"/>
      </object_component>
      <object_component id="oc-a1">
         <name>.text</name>
         <load_address>0x1a0c</load_address>
         <run_address>0x1a0c</run_address>
         <size>0xaa0</size>
         <input_file_ref idref="fl-27"/>
      </object_component>
      <object_component id="oc-2c9">
         <name>.text:__TI_printfi</name>
         <load_address>0x24ac</load_address>
         <run_address>0x24ac</run_address>
         <size>0xa4e</size>
         <input_file_ref idref="fl-fa"/>
      </object_component>
      <object_component id="oc-20c">
         <name>.text</name>
         <load_address>0x2efa</load_address>
         <run_address>0x2efa</run_address>
         <size>0x2</size>
         <input_file_ref idref="fl-fe"/>
      </object_component>
      <object_component id="oc-d8">
         <name>.text</name>
         <load_address>0x2efc</load_address>
         <run_address>0x2efc</run_address>
         <size>0x864</size>
         <input_file_ref idref="fl-7"/>
      </object_component>
      <object_component id="oc-3e">
         <name>.text</name>
         <load_address>0x3760</load_address>
         <run_address>0x3760</run_address>
         <size>0x7f4</size>
         <input_file_ref idref="fl-34"/>
      </object_component>
      <object_component id="oc-a7">
         <name>.text</name>
         <load_address>0x3f54</load_address>
         <run_address>0x3f54</run_address>
         <size>0x728</size>
         <input_file_ref idref="fl-1b"/>
      </object_component>
      <object_component id="oc-16e">
         <name>.text</name>
         <load_address>0x467c</load_address>
         <run_address>0x467c</run_address>
         <size>0x4d4</size>
         <input_file_ref idref="fl-a"/>
      </object_component>
      <object_component id="oc-ad">
         <name>.text</name>
         <load_address>0x4b50</load_address>
         <run_address>0x4b50</run_address>
         <size>0x39c</size>
         <input_file_ref idref="fl-22"/>
      </object_component>
      <object_component id="oc-2bc">
         <name>.text</name>
         <load_address>0x4eec</load_address>
         <run_address>0x4eec</run_address>
         <size>0x304</size>
         <input_file_ref idref="fl-2a"/>
      </object_component>
      <object_component id="oc-de">
         <name>.text</name>
         <load_address>0x51f0</load_address>
         <run_address>0x51f0</run_address>
         <size>0x2f8</size>
         <input_file_ref idref="fl-2b"/>
      </object_component>
      <object_component id="oc-b3">
         <name>.text</name>
         <load_address>0x54e8</load_address>
         <run_address>0x54e8</run_address>
         <size>0x2a4</size>
         <input_file_ref idref="fl-1e"/>
      </object_component>
      <object_component id="oc-b9">
         <name>.text</name>
         <load_address>0x578c</load_address>
         <run_address>0x578c</run_address>
         <size>0x280</size>
         <input_file_ref idref="fl-5"/>
      </object_component>
      <object_component id="oc-388">
         <name>.text:_pconv_a</name>
         <load_address>0x5a0c</load_address>
         <run_address>0x5a0c</run_address>
         <size>0x270</size>
         <input_file_ref idref="fl-fa"/>
      </object_component>
      <object_component id="oc-158">
         <name>.text</name>
         <load_address>0x5c7c</load_address>
         <run_address>0x5c7c</run_address>
         <size>0x250</size>
         <input_file_ref idref="fl-d"/>
      </object_component>
      <object_component id="oc-38">
         <name>.text</name>
         <load_address>0x5ecc</load_address>
         <run_address>0x5ecc</run_address>
         <size>0x208</size>
         <input_file_ref idref="fl-2"/>
      </object_component>
      <object_component id="oc-376">
         <name>.text:_pconv_g</name>
         <load_address>0x60d4</load_address>
         <run_address>0x60d4</run_address>
         <size>0x1d0</size>
         <input_file_ref idref="fl-fa"/>
      </object_component>
      <object_component id="oc-402">
         <name>.text</name>
         <load_address>0x62a4</load_address>
         <run_address>0x62a4</run_address>
         <size>0x1b6</size>
         <input_file_ref idref="fl-ff"/>
      </object_component>
      <object_component id="oc-382">
         <name>.text:_pconv_e</name>
         <load_address>0x645c</load_address>
         <run_address>0x645c</run_address>
         <size>0x13c</size>
         <input_file_ref idref="fl-fa"/>
      </object_component>
      <object_component id="oc-3e8">
         <name>.text</name>
         <load_address>0x6598</load_address>
         <run_address>0x6598</run_address>
         <size>0x136</size>
         <input_file_ref idref="fl-101"/>
      </object_component>
      <object_component id="oc-414">
         <name>.text:fcvt</name>
         <load_address>0x66d0</load_address>
         <run_address>0x66d0</run_address>
         <size>0x124</size>
         <input_file_ref idref="fl-fa"/>
      </object_component>
      <object_component id="oc-428">
         <name>.text:scalbn</name>
         <load_address>0x67f4</load_address>
         <run_address>0x67f4</run_address>
         <size>0x110</size>
         <input_file_ref idref="fl-fc"/>
      </object_component>
      <object_component id="oc-32">
         <name>.text</name>
         <load_address>0x6904</load_address>
         <run_address>0x6904</run_address>
         <size>0x104</size>
         <input_file_ref idref="fl-b"/>
      </object_component>
      <object_component id="oc-3e3">
         <name>.text</name>
         <load_address>0x6a08</load_address>
         <run_address>0x6a08</run_address>
         <size>0xfc</size>
         <input_file_ref idref="fl-102"/>
      </object_component>
      <object_component id="oc-2d">
         <name>.text</name>
         <load_address>0x6b04</load_address>
         <run_address>0x6b04</run_address>
         <size>0xda</size>
         <input_file_ref idref="fl-c"/>
      </object_component>
      <object_component id="oc-36b">
         <name>.text:_ltostr</name>
         <load_address>0x6be0</load_address>
         <run_address>0x6be0</run_address>
         <size>0xb1</size>
         <input_file_ref idref="fl-fa"/>
      </object_component>
      <object_component id="oc-52">
         <name>.text</name>
         <load_address>0x6c92</load_address>
         <run_address>0x6c92</run_address>
         <size>0x9c</size>
         <input_file_ref idref="fl-f0"/>
      </object_component>
      <object_component id="oc-3dc">
         <name>.text</name>
         <load_address>0x6d2e</load_address>
         <run_address>0x6d2e</run_address>
         <size>0x96</size>
         <input_file_ref idref="fl-105"/>
      </object_component>
      <object_component id="oc-146">
         <name>.text</name>
         <load_address>0x6dc4</load_address>
         <run_address>0x6dc4</run_address>
         <size>0x94</size>
         <input_file_ref idref="fl-6"/>
      </object_component>
      <object_component id="oc-371">
         <name>.text:__aeabi_cdcmple</name>
         <load_address>0x6e58</load_address>
         <run_address>0x6e58</run_address>
         <size>0x86</size>
         <input_file_ref idref="fl-100"/>
      </object_component>
      <object_component id="oc-3ed">
         <name>.text:__aeabi_cdrcmple</name>
         <load_address>0x6ede</load_address>
         <run_address>0x6ede</run_address>
         <size>0x86</size>
         <input_file_ref idref="fl-100"/>
      </object_component>
      <object_component id="oc-124">
         <name>.text</name>
         <load_address>0x6f64</load_address>
         <run_address>0x6f64</run_address>
         <size>0x7a</size>
         <input_file_ref idref="fl-f2"/>
      </object_component>
      <object_component id="oc-40d">
         <name>.text:_mcpy</name>
         <load_address>0x6fde</load_address>
         <run_address>0x6fde</run_address>
         <size>0x6e</size>
         <input_file_ref idref="fl-fa"/>
      </object_component>
      <object_component id="oc-15">
         <name>.text:decompress:lzss:__TI_decompress_lzss</name>
         <load_address>0x704c</load_address>
         <run_address>0x704c</run_address>
         <size>0x68</size>
         <input_file_ref idref="fl-f5"/>
      </object_component>
      <object_component id="oc-174">
         <name>.text</name>
         <load_address>0x70b4</load_address>
         <run_address>0x70b4</run_address>
         <size>0x64</size>
         <input_file_ref idref="fl-31"/>
      </object_component>
      <object_component id="oc-422">
         <name>.text:frexp</name>
         <load_address>0x7118</load_address>
         <run_address>0x7118</run_address>
         <size>0x64</size>
         <input_file_ref idref="fl-fb"/>
      </object_component>
      <object_component id="oc-37c">
         <name>.text:_pconv_f</name>
         <load_address>0x717c</load_address>
         <run_address>0x717c</run_address>
         <size>0x56</size>
         <input_file_ref idref="fl-fa"/>
      </object_component>
      <object_component id="oc-3f7">
         <name>.text:__TI_ltoa</name>
         <load_address>0x71d2</load_address>
         <run_address>0x71d2</run_address>
         <size>0x54</size>
         <input_file_ref idref="fl-10b"/>
      </object_component>
      <object_component id="oc-407">
         <name>.text:_ecpy</name>
         <load_address>0x7226</load_address>
         <run_address>0x7226</run_address>
         <size>0x52</size>
         <input_file_ref idref="fl-fa"/>
      </object_component>
      <object_component id="oc-365">
         <name>.text:atoi</name>
         <load_address>0x7278</load_address>
         <run_address>0x7278</run_address>
         <size>0x4c</size>
         <input_file_ref idref="fl-10d"/>
      </object_component>
      <object_component id="oc-3f2">
         <name>.text</name>
         <load_address>0x72c4</load_address>
         <run_address>0x72c4</run_address>
         <size>0x48</size>
         <input_file_ref idref="fl-103"/>
      </object_component>
      <object_component id="oc-246">
         <name>.text:__TI_auto_init_nobinit_nopinit:__TI_auto_init_nobinit_nopinit</name>
         <load_address>0x730c</load_address>
         <run_address>0x730c</run_address>
         <size>0x44</size>
         <input_file_ref idref="fl-106"/>
      </object_component>
      <object_component id="oc-e4">
         <name>.text</name>
         <load_address>0x7350</load_address>
         <run_address>0x7350</run_address>
         <size>0x40</size>
         <input_file_ref idref="fl-f1"/>
      </object_component>
      <object_component id="oc-189">
         <name>.text:sprintf</name>
         <load_address>0x7390</load_address>
         <run_address>0x7390</run_address>
         <size>0x40</size>
         <input_file_ref idref="fl-ee"/>
      </object_component>
      <object_component id="oc-41a">
         <name>.text:_fcpy</name>
         <load_address>0x73d0</load_address>
         <run_address>0x73d0</run_address>
         <size>0x3e</size>
         <input_file_ref idref="fl-fa"/>
      </object_component>
      <object_component id="oc-18f">
         <name>.text</name>
         <load_address>0x740e</load_address>
         <run_address>0x740e</run_address>
         <size>0x36</size>
         <input_file_ref idref="fl-12"/>
      </object_component>
      <object_component id="oc-70">
         <name>.text:_c_int00_noargs:_c_int00_noargs</name>
         <load_address>0x7444</load_address>
         <run_address>0x7444</run_address>
         <size>0x34</size>
         <input_file_ref idref="fl-f9"/>
      </object_component>
      <object_component id="oc-3fd">
         <name>.text</name>
         <load_address>0x7478</load_address>
         <run_address>0x7478</run_address>
         <size>0x2e</size>
         <input_file_ref idref="fl-104"/>
      </object_component>
      <object_component id="oc-15e">
         <name>.text:GetOverflowCounts</name>
         <load_address>0x74a8</load_address>
         <run_address>0x74a8</run_address>
         <size>0x24</size>
         <input_file_ref idref="fl-31"/>
      </object_component>
      <object_component id="oc-38e">
         <name>.text:memccpy</name>
         <load_address>0x74cc</load_address>
         <run_address>0x74cc</run_address>
         <size>0x1c</size>
         <input_file_ref idref="fl-10f"/>
      </object_component>
      <object_component id="oc-47c">
         <name>.text:copysign</name>
         <load_address>0x74e8</load_address>
         <run_address>0x74e8</run_address>
         <size>0x1a</size>
         <input_file_ref idref="fl-112"/>
      </object_component>
      <object_component id="oc-2cf">
         <name>.text:_outs</name>
         <load_address>0x7502</load_address>
         <run_address>0x7502</run_address>
         <size>0x18</size>
         <input_file_ref idref="fl-ee"/>
      </object_component>
      <object_component id="oc-42e">
         <name>.text:strchr</name>
         <load_address>0x751a</load_address>
         <run_address>0x751a</run_address>
         <size>0x16</size>
         <input_file_ref idref="fl-110"/>
      </object_component>
      <object_component id="oc-17d">
         <name>.text:strcpy</name>
         <load_address>0x7530</load_address>
         <run_address>0x7530</run_address>
         <size>0x14</size>
         <input_file_ref idref="fl-f7"/>
      </object_component>
      <object_component id="oc-183">
         <name>.text:strlen</name>
         <load_address>0x7544</load_address>
         <run_address>0x7544</run_address>
         <size>0x14</size>
         <input_file_ref idref="fl-f8"/>
      </object_component>
      <object_component id="oc-27">
         <name>.text</name>
         <load_address>0x7558</load_address>
         <run_address>0x7558</run_address>
         <size>0x12</size>
         <input_file_ref idref="fl-3"/>
      </object_component>
      <object_component id="oc-394">
         <name>.text:wcslen</name>
         <load_address>0x756a</load_address>
         <run_address>0x756a</run_address>
         <size>0x12</size>
         <input_file_ref idref="fl-fd"/>
      </object_component>
      <object_component id="oc-1b">
         <name>.text:decompress:none:__TI_decompress_none</name>
         <load_address>0x757c</load_address>
         <run_address>0x757c</run_address>
         <size>0xe</size>
         <input_file_ref idref="fl-f4"/>
      </object_component>
      <object_component id="oc-64">
         <name>.text:decompress:ZI:__TI_zero_init</name>
         <load_address>0x758a</load_address>
         <run_address>0x758a</run_address>
         <size>0xc</size>
         <input_file_ref idref="fl-f3"/>
      </object_component>
      <object_component id="oc-2d5">
         <name>.text:_outc</name>
         <load_address>0x7596</load_address>
         <run_address>0x7596</run_address>
         <size>0xa</size>
         <input_file_ref idref="fl-ee"/>
      </object_component>
      <object_component id="oc-39a">
         <name>.text:__aeabi_errno_addr</name>
         <load_address>0x75a0</load_address>
         <run_address>0x75a0</run_address>
         <size>0x8</size>
         <input_file_ref idref="fl-111"/>
      </object_component>
      <object_component id="oc-1b1">
         <name>.text:SysCtlDelay</name>
         <load_address>0x75a8</load_address>
         <run_address>0x75a8</run_address>
         <size>0x6</size>
         <input_file_ref idref="fl-27"/>
      </object_component>
      <object_component id="oc-12a">
         <name>.text:_system_pre_init</name>
         <load_address>0x75ae</load_address>
         <run_address>0x75ae</run_address>
         <size>0x4</size>
         <input_file_ref idref="fl-107"/>
      </object_component>
      <object_component id="oc-23a">
         <name>.text:abort:abort</name>
         <load_address>0x75b2</load_address>
         <run_address>0x75b2</run_address>
         <size>0x4</size>
         <input_file_ref idref="fl-109"/>
      </object_component>
      <object_component id="oc-1b8">
         <name>.const:g_pppui32XTALtoVCO</name>
         <load_address>0x75b8</load_address>
         <run_address>0x75b8</run_address>
         <size>0x1b0</size>
         <input_file_ref idref="fl-27"/>
      </object_component>
      <object_component id="oc-3d7">
         <name>.const:.string:_ctypes_</name>
         <load_address>0x7768</load_address>
         <run_address>0x7768</run_address>
         <size>0x101</size>
         <input_file_ref idref="fl-10e"/>
      </object_component>
      <object_component id="oc-1c8">
         <name>.const:g_ppui32GPIOIntMapSnowflake</name>
         <load_address>0x786c</load_address>
         <run_address>0x786c</run_address>
         <size>0xd8</size>
         <input_file_ref idref="fl-1b"/>
      </object_component>
      <object_component id="oc-1c5">
         <name>.const:g_ppui32GPIOIntMapBlizzard</name>
         <load_address>0x7944</load_address>
         <run_address>0x7944</run_address>
         <size>0xc0</size>
         <input_file_ref idref="fl-1b"/>
      </object_component>
      <object_component id="oc-1d2">
         <name>.const:g_pui32Regs</name>
         <load_address>0x7a04</load_address>
         <run_address>0x7a04</run_address>
         <size>0x9c</size>
         <input_file_ref idref="fl-1e"/>
      </object_component>
      <object_component id="oc-1c2">
         <name>.const:g_pui32GPIOBaseAddrs</name>
         <load_address>0x7aa0</load_address>
         <run_address>0x7aa0</run_address>
         <size>0x90</size>
         <input_file_ref idref="fl-1b"/>
      </object_component>
      <object_component id="oc-1ae">
         <name>.const:g_pui32Xtals</name>
         <load_address>0x7b30</load_address>
         <run_address>0x7b30</run_address>
         <size>0x6c</size>
         <input_file_ref idref="fl-27"/>
      </object_component>
      <object_component id="oc-359">
         <name>.const:g_ppui32TimerIntMap</name>
         <load_address>0x7b9c</load_address>
         <run_address>0x7b9c</run_address>
         <size>0x60</size>
         <input_file_ref idref="fl-2a"/>
      </object_component>
      <object_component id="oc-35c">
         <name>.const:g_ppui32TimerIntMapSnowflake</name>
         <load_address>0x7bfc</load_address>
         <run_address>0x7bfc</run_address>
         <size>0x40</size>
         <input_file_ref idref="fl-2a"/>
      </object_component>
      <object_component id="oc-204">
         <name>.const:g_ppui32UARTIntMap</name>
         <load_address>0x7c3c</load_address>
         <run_address>0x7c3c</run_address>
         <size>0x40</size>
         <input_file_ref idref="fl-2b"/>
      </object_component>
      <object_component id="oc-207">
         <name>.const:g_ppui32UARTIntMapSnowflake</name>
         <load_address>0x7c7c</load_address>
         <run_address>0x7c7c</run_address>
         <size>0x40</size>
         <input_file_ref idref="fl-2b"/>
      </object_component>
      <object_component id="oc-1b2">
         <name>.const:g_sXTALtoMEMTIM</name>
         <load_address>0x7cbc</load_address>
         <run_address>0x7cbc</run_address>
         <size>0x30</size>
         <input_file_ref idref="fl-27"/>
      </object_component>
      <object_component id="oc-1d5">
         <name>.const:g_pui32Priority</name>
         <load_address>0x7cec</load_address>
         <run_address>0x7cec</run_address>
         <size>0x20</size>
         <input_file_ref idref="fl-1e"/>
      </object_component>
      <object_component id="oc-1e1">
         <name>.const:g_pui32Dii16Regs</name>
         <load_address>0x7d0c</load_address>
         <run_address>0x7d0c</run_address>
         <size>0x14</size>
         <input_file_ref idref="fl-1e"/>
      </object_component>
      <object_component id="oc-1de">
         <name>.const:g_pui32EnRegs</name>
         <load_address>0x7d20</load_address>
         <run_address>0x7d20</run_address>
         <size>0x14</size>
         <input_file_ref idref="fl-1e"/>
      </object_component>
      <object_component id="oc-1d8">
         <name>.const:g_pui32PendRegs</name>
         <load_address>0x7d34</load_address>
         <run_address>0x7d34</run_address>
         <size>0x14</size>
         <input_file_ref idref="fl-1e"/>
      </object_component>
      <object_component id="oc-1db">
         <name>.const:g_pui32UnpendRegs</name>
         <load_address>0x7d48</load_address>
         <run_address>0x7d48</run_address>
         <size>0x14</size>
         <input_file_ref idref="fl-1e"/>
      </object_component>
      <object_component id="oc-21b">
         <name>.const:.string</name>
         <load_address>0x7d5c</load_address>
         <run_address>0x7d5c</run_address>
         <size>0x12</size>
         <input_file_ref idref="fl-34"/>
      </object_component>
      <object_component id="oc-f8">
         <name>.const:g_ui32UARTBase</name>
         <load_address>0x7d70</load_address>
         <run_address>0x7d70</run_address>
         <size>0xc</size>
         <input_file_ref idref="fl-34"/>
      </object_component>
      <object_component id="oc-fe">
         <name>.const:g_ui32UARTInt</name>
         <load_address>0x7d7c</load_address>
         <run_address>0x7d7c</run_address>
         <size>0xc</size>
         <input_file_ref idref="fl-34"/>
      </object_component>
      <object_component id="oc-fb">
         <name>.const:g_ui32UARTPeriph</name>
         <load_address>0x7d88</load_address>
         <run_address>0x7d88</run_address>
         <size>0xc</size>
         <input_file_ref idref="fl-34"/>
      </object_component>
      <object_component id="oc-1b5">
         <name>.const:g_pui32VCOFrequencies</name>
         <load_address>0x7d94</load_address>
         <run_address>0x7d94</run_address>
         <size>0x8</size>
         <input_file_ref idref="fl-27"/>
      </object_component>
      <object_component id="oc-88">
         <name>.const</name>
         <load_address>0x7d9c</load_address>
         <run_address>0x7d9c</run_address>
         <size>0x4</size>
         <input_file_ref idref="fl-b"/>
      </object_component>
      <object_component id="oc-17a">
         <name>.const</name>
         <load_address>0x7da0</load_address>
         <run_address>0x7da0</run_address>
         <size>0x4</size>
         <input_file_ref idref="fl-9"/>
      </object_component>
      <object_component id="oc-ef">
         <name>.const</name>
         <load_address>0x7da4</load_address>
         <run_address>0x7da4</run_address>
         <size>0x4</size>
         <input_file_ref idref="fl-34"/>
      </object_component>
      <object_component id="oc-4d4">
         <name>.cinit..data.load</name>
         <load_address>0x7da8</load_address>
         <run_address>0x7da8</run_address>
         <size>0x15</size>
      </object_component>
      <object_component id="oc-4d1">
         <name>__TI_handler_table</name>
         <load_address>0x7dc0</load_address>
         <run_address>0x7dc0</run_address>
         <size>0xc</size>
      </object_component>
      <object_component id="oc-4d5">
         <name>.cinit..bss.load</name>
         <load_address>0x7dd0</load_address>
         <run_address>0x7dd0</run_address>
         <size>0x8</size>
      </object_component>
      <object_component id="oc-4d3">
         <name>.cinit..vtable.load</name>
         <load_address>0x7dd8</load_address>
         <run_address>0x7dd8</run_address>
         <size>0x8</size>
      </object_component>
      <object_component id="oc-4d2">
         <name>__TI_cinit_table</name>
         <load_address>0x7de0</load_address>
         <run_address>0x7de0</run_address>
         <size>0x18</size>
      </object_component>
      <object_component id="oc-1cf">
         <name>.vtable</name>
         <uninitialized>true</uninitialized>
         <run_address>0x20000000</run_address>
         <size>0x26c</size>
         <input_file_ref idref="fl-1e"/>
      </object_component>
      <object_component id="oc-85">
         <name>.data</name>
         <load_address>0x20005ed8</load_address>
         <run_address>0x20005ed8</run_address>
         <size>0x3c</size>
         <input_file_ref idref="fl-9"/>
      </object_component>
      <object_component id="oc-2a4">
         <name>.data</name>
         <load_address>0x20005f28</load_address>
         <run_address>0x20005f28</run_address>
         <size>0xc</size>
         <input_file_ref idref="fl-a"/>
      </object_component>
      <object_component id="oc-92">
         <name>.data</name>
         <load_address>0x20005f40</load_address>
         <run_address>0x20005f40</run_address>
         <size>0x4</size>
         <input_file_ref idref="fl-b"/>
      </object_component>
      <object_component id="oc-293">
         <name>.data</name>
         <load_address>0x20005f14</load_address>
         <run_address>0x20005f14</run_address>
         <size>0x14</size>
         <input_file_ref idref="fl-d"/>
      </object_component>
      <object_component id="oc-e9">
         <name>.data</name>
         <load_address>0x20005f34</load_address>
         <run_address>0x20005f34</run_address>
         <size>0xc</size>
         <input_file_ref idref="fl-34"/>
      </object_component>
      <object_component id="oc-43e">
         <name>.data</name>
         <load_address>0x20005f44</load_address>
         <run_address>0x20005f44</run_address>
         <size>0x4</size>
         <input_file_ref idref="fl-111"/>
      </object_component>
      <object_component id="oc-bf">
         <name>.bss</name>
         <uninitialized>true</uninitialized>
         <run_address>0x200056d0</run_address>
         <size>0x4</size>
         <input_file_ref idref="fl-2"/>
      </object_component>
      <object_component id="oc-152">
         <name>.bss:pxReadyTasksLists</name>
         <uninitialized>true</uninitialized>
         <run_address>0x2000546c</run_address>
         <size>0x140</size>
         <input_file_ref idref="fl-9"/>
      </object_component>
      <object_component id="oc-165">
         <name>.bss:xDelayedTaskList1</name>
         <uninitialized>true</uninitialized>
         <run_address>0x20005644</run_address>
         <size>0x14</size>
         <input_file_ref idref="fl-9"/>
      </object_component>
      <object_component id="oc-168">
         <name>.bss:xDelayedTaskList2</name>
         <uninitialized>true</uninitialized>
         <run_address>0x20005658</run_address>
         <size>0x14</size>
         <input_file_ref idref="fl-9"/>
      </object_component>
      <object_component id="oc-155">
         <name>.bss</name>
         <uninitialized>true</uninitialized>
         <run_address>0x200056b8</run_address>
         <size>0x8</size>
         <input_file_ref idref="fl-9"/>
      </object_component>
      <object_component id="oc-14f">
         <name>.bss:xPendingReadyList</name>
         <uninitialized>true</uninitialized>
         <run_address>0x2000566c</run_address>
         <size>0x14</size>
         <input_file_ref idref="fl-9"/>
      </object_component>
      <object_component id="oc-16b">
         <name>.bss:xTasksWaitingTermination</name>
         <uninitialized>true</uninitialized>
         <run_address>0x20005694</run_address>
         <size>0x14</size>
         <input_file_ref idref="fl-9"/>
      </object_component>
      <object_component id="oc-14c">
         <name>.bss:xSuspendedTaskList</name>
         <uninitialized>true</uninitialized>
         <run_address>0x20005680</run_address>
         <size>0x14</size>
         <input_file_ref idref="fl-9"/>
      </object_component>
      <object_component id="oc-2a7">
         <name>.bss:xActiveTimerList1</name>
         <uninitialized>true</uninitialized>
         <run_address>0x2000561c</run_address>
         <size>0x14</size>
         <input_file_ref idref="fl-a"/>
      </object_component>
      <object_component id="oc-2aa">
         <name>.bss:xActiveTimerList2</name>
         <uninitialized>true</uninitialized>
         <run_address>0x20005630</run_address>
         <size>0x14</size>
         <input_file_ref idref="fl-a"/>
      </object_component>
      <object_component id="oc-2ad">
         <name>.bss</name>
         <uninitialized>true</uninitialized>
         <run_address>0x200056c0</run_address>
         <size>0x8</size>
         <input_file_ref idref="fl-a"/>
      </object_component>
      <object_component id="oc-299">
         <name>.bss:ucHeap</name>
         <uninitialized>true</uninitialized>
         <run_address>0x2000026c</run_address>
         <size>0x5000</size>
         <input_file_ref idref="fl-d"/>
      </object_component>
      <object_component id="oc-296">
         <name>.bss:xStart</name>
         <uninitialized>true</uninitialized>
         <run_address>0x200056c8</run_address>
         <size>0x8</size>
         <input_file_ref idref="fl-d"/>
      </object_component>
      <object_component id="oc-ec">
         <name>.bss</name>
         <uninitialized>true</uninitialized>
         <run_address>0x200056a8</run_address>
         <size>0x10</size>
         <input_file_ref idref="fl-34"/>
      </object_component>
      <object_component id="oc-f2">
         <name>.bss:g_pcUARTRxHistoryBuffer</name>
         <uninitialized>true</uninitialized>
         <run_address>0x2000526c</run_address>
         <size>0x200</size>
         <input_file_ref idref="fl-34"/>
      </object_component>
      <object_component id="oc-f5">
         <name>.bss:g_usUARTRxHistoryOffset</name>
         <uninitialized>true</uninitialized>
         <run_address>0x200055fc</run_address>
         <size>0x20</size>
         <input_file_ref idref="fl-34"/>
      </object_component>
      <object_component id="oc-1fb">
         <name>.common:xQueueRegistry</name>
         <uninitialized>true</uninitialized>
         <run_address>0x200055ac</run_address>
         <size>0x50</size>
      </object_component>
      <object_component id="oc-24">
         <name>.stack</name>
         <uninitialized>true</uninitialized>
         <run_address>0x200056d8</run_address>
         <size>0x4</size>
         <input_file_ref idref="fl-f9"/>
      </object_component>
      <object_component id="oc-4d7">
         <name>.stack</name>
         <uninitialized>true</uninitialized>
         <run_address>0x200056d8</run_address>
         <size>0x0</size>
      </object_component>
      <object_component id="oc-c8">
         <name>.debug_info</name>
         <load_address>0x0</load_address>
         <run_address>0x0</run_address>
         <size>0x905</size>
         <input_file_ref idref="fl-2"/>
      </object_component>
      <object_component id="oc-c0">
         <name>.debug_info</name>
         <load_address>0x905</load_address>
         <run_address>0x905</run_address>
         <size>0x121</size>
         <input_file_ref idref="fl-2"/>
      </object_component>
      <object_component id="oc-3a">
         <name>.debug_info</name>
         <load_address>0xa26</load_address>
         <run_address>0xa26</run_address>
         <size>0x73f</size>
         <input_file_ref idref="fl-2"/>
      </object_component>
      <object_component id="oc-c3">
         <name>.debug_info</name>
         <load_address>0x1165</load_address>
         <run_address>0x1165</run_address>
         <size>0x315</size>
         <input_file_ref idref="fl-2"/>
      </object_component>
      <object_component id="oc-10a">
         <name>.debug_info</name>
         <load_address>0x147a</load_address>
         <run_address>0x147a</run_address>
         <size>0x26b</size>
         <input_file_ref idref="fl-2"/>
      </object_component>
      <object_component id="oc-1a9">
         <name>.debug_info</name>
         <load_address>0x16e5</load_address>
         <run_address>0x16e5</run_address>
         <size>0x461</size>
         <input_file_ref idref="fl-2"/>
      </object_component>
      <object_component id="oc-c9">
         <name>.debug_info</name>
         <load_address>0x1b46</load_address>
         <run_address>0x1b46</run_address>
         <size>0x42</size>
         <input_file_ref idref="fl-2"/>
      </object_component>
      <object_component id="oc-ce">
         <name>.debug_info</name>
         <load_address>0x1b88</load_address>
         <run_address>0x1b88</run_address>
         <size>0x8b</size>
         <input_file_ref idref="fl-2"/>
      </object_component>
      <object_component id="oc-97">
         <name>.debug_info</name>
         <load_address>0x1c13</load_address>
         <run_address>0x1c13</run_address>
         <size>0x2c</size>
         <input_file_ref idref="fl-2"/>
      </object_component>
      <object_component id="oc-1f1">
         <name>.debug_info</name>
         <load_address>0x1c3f</load_address>
         <run_address>0x1c3f</run_address>
         <size>0x4f</size>
         <input_file_ref idref="fl-2"/>
      </object_component>
      <object_component id="oc-1f6">
         <name>.debug_info</name>
         <load_address>0x1c8e</load_address>
         <run_address>0x1c8e</run_address>
         <size>0x2a4</size>
         <input_file_ref idref="fl-2"/>
      </object_component>
      <object_component id="oc-1bc">
         <name>.debug_info</name>
         <load_address>0x1f32</load_address>
         <run_address>0x1f32</run_address>
         <size>0xef</size>
         <input_file_ref idref="fl-2"/>
      </object_component>
      <object_component id="oc-d3">
         <name>.debug_info</name>
         <load_address>0x2021</load_address>
         <run_address>0x2021</run_address>
         <size>0xbb</size>
         <input_file_ref idref="fl-2"/>
      </object_component>
      <object_component id="oc-19f">
         <name>.debug_info</name>
         <load_address>0x20dc</load_address>
         <run_address>0x20dc</run_address>
         <size>0x53</size>
         <input_file_ref idref="fl-2"/>
      </object_component>
      <object_component id="oc-9c">
         <name>.debug_info</name>
         <load_address>0x212f</load_address>
         <run_address>0x212f</run_address>
         <size>0x53</size>
         <input_file_ref idref="fl-2"/>
      </object_component>
      <object_component id="oc-1a4">
         <name>.debug_info</name>
         <load_address>0x2182</load_address>
         <run_address>0x2182</run_address>
         <size>0x14c</size>
         <input_file_ref idref="fl-2"/>
      </object_component>
      <object_component id="oc-46">
         <name>.debug_info</name>
         <load_address>0x22ce</load_address>
         <run_address>0x22ce</run_address>
         <size>0x3b0</size>
         <input_file_ref idref="fl-3"/>
      </object_component>
      <object_component id="oc-13">
         <name>.debug_info</name>
         <load_address>0x267e</load_address>
         <run_address>0x267e</run_address>
         <size>0x11b</size>
         <input_file_ref idref="fl-3"/>
      </object_component>
      <object_component id="oc-29">
         <name>.debug_info</name>
         <load_address>0x2799</load_address>
         <run_address>0x2799</run_address>
         <size>0x245</size>
         <input_file_ref idref="fl-3"/>
      </object_component>
      <object_component id="oc-4d">
         <name>.debug_info</name>
         <load_address>0x29de</load_address>
         <run_address>0x29de</run_address>
         <size>0x84</size>
         <input_file_ref idref="fl-3"/>
      </object_component>
      <object_component id="oc-1ec">
         <name>.debug_info</name>
         <load_address>0x2a62</load_address>
         <run_address>0x2a62</run_address>
         <size>0x72c</size>
         <input_file_ref idref="fl-5"/>
      </object_component>
      <object_component id="oc-bc">
         <name>.debug_info</name>
         <load_address>0x318e</load_address>
         <run_address>0x318e</run_address>
         <size>0x1775</size>
         <input_file_ref idref="fl-5"/>
      </object_component>
      <object_component id="oc-196">
         <name>.debug_info</name>
         <load_address>0x4903</load_address>
         <run_address>0x4903</run_address>
         <size>0x110</size>
         <input_file_ref idref="fl-5"/>
      </object_component>
      <object_component id="oc-284">
         <name>.debug_info</name>
         <load_address>0x4a13</load_address>
         <run_address>0x4a13</run_address>
         <size>0x461</size>
         <input_file_ref idref="fl-5"/>
      </object_component>
      <object_component id="oc-308">
         <name>.debug_info</name>
         <load_address>0x4e74</load_address>
         <run_address>0x4e74</run_address>
         <size>0x76</size>
         <input_file_ref idref="fl-5"/>
      </object_component>
      <object_component id="oc-1e7">
         <name>.debug_info</name>
         <load_address>0x4eea</load_address>
         <run_address>0x4eea</run_address>
         <size>0x39</size>
         <input_file_ref idref="fl-5"/>
      </object_component>
      <object_component id="oc-34a">
         <name>.debug_info</name>
         <load_address>0x4f23</load_address>
         <run_address>0x4f23</run_address>
         <size>0x109</size>
         <input_file_ref idref="fl-5"/>
      </object_component>
      <object_component id="oc-28a">
         <name>.debug_info</name>
         <load_address>0x502c</load_address>
         <run_address>0x502c</run_address>
         <size>0x3c1</size>
         <input_file_ref idref="fl-6"/>
      </object_component>
      <object_component id="oc-149">
         <name>.debug_info</name>
         <load_address>0x53ed</load_address>
         <run_address>0x53ed</run_address>
         <size>0x526</size>
         <input_file_ref idref="fl-6"/>
      </object_component>
      <object_component id="oc-1fc">
         <name>.debug_info</name>
         <load_address>0x5913</load_address>
         <run_address>0x5913</run_address>
         <size>0x7f4</size>
         <input_file_ref idref="fl-7"/>
      </object_component>
      <object_component id="oc-db">
         <name>.debug_info</name>
         <load_address>0x6107</load_address>
         <run_address>0x6107</run_address>
         <size>0x2e83</size>
         <input_file_ref idref="fl-7"/>
      </object_component>
      <object_component id="oc-30f">
         <name>.debug_info</name>
         <load_address>0x8f8a</load_address>
         <run_address>0x8f8a</run_address>
         <size>0x23f</size>
         <input_file_ref idref="fl-7"/>
      </object_component>
      <object_component id="oc-1ff">
         <name>.debug_info</name>
         <load_address>0x91c9</load_address>
         <run_address>0x91c9</run_address>
         <size>0x46</size>
         <input_file_ref idref="fl-7"/>
      </object_component>
      <object_component id="oc-27a">
         <name>.debug_info</name>
         <load_address>0x920f</load_address>
         <run_address>0x920f</run_address>
         <size>0x35</size>
         <input_file_ref idref="fl-7"/>
      </object_component>
      <object_component id="oc-231">
         <name>.debug_info</name>
         <load_address>0x9244</load_address>
         <run_address>0x9244</run_address>
         <size>0x2c</size>
         <input_file_ref idref="fl-8"/>
      </object_component>
      <object_component id="oc-13e">
         <name>.debug_info</name>
         <load_address>0x9270</load_address>
         <run_address>0x9270</run_address>
         <size>0x9b0</size>
         <input_file_ref idref="fl-9"/>
      </object_component>
      <object_component id="oc-86">
         <name>.debug_info</name>
         <load_address>0x9c20</load_address>
         <run_address>0x9c20</run_address>
         <size>0x3ec</size>
         <input_file_ref idref="fl-9"/>
      </object_component>
      <object_component id="oc-153">
         <name>.debug_info</name>
         <load_address>0xa00c</load_address>
         <run_address>0xa00c</run_address>
         <size>0x12f</size>
         <input_file_ref idref="fl-9"/>
      </object_component>
      <object_component id="oc-166">
         <name>.debug_info</name>
         <load_address>0xa13b</load_address>
         <run_address>0xa13b</run_address>
         <size>0x12f</size>
         <input_file_ref idref="fl-9"/>
      </object_component>
      <object_component id="oc-169">
         <name>.debug_info</name>
         <load_address>0xa26a</load_address>
         <run_address>0xa26a</run_address>
         <size>0x12f</size>
         <input_file_ref idref="fl-9"/>
      </object_component>
      <object_component id="oc-156">
         <name>.debug_info</name>
         <load_address>0xa399</load_address>
         <run_address>0xa399</run_address>
         <size>0x172</size>
         <input_file_ref idref="fl-9"/>
      </object_component>
      <object_component id="oc-150">
         <name>.debug_info</name>
         <load_address>0xa50b</load_address>
         <run_address>0xa50b</run_address>
         <size>0x12f</size>
         <input_file_ref idref="fl-9"/>
      </object_component>
      <object_component id="oc-16c">
         <name>.debug_info</name>
         <load_address>0xa63a</load_address>
         <run_address>0xa63a</run_address>
         <size>0x13d</size>
         <input_file_ref idref="fl-9"/>
      </object_component>
      <object_component id="oc-14d">
         <name>.debug_info</name>
         <load_address>0xa777</load_address>
         <run_address>0xa777</run_address>
         <size>0x131</size>
         <input_file_ref idref="fl-9"/>
      </object_component>
      <object_component id="oc-17b">
         <name>.debug_info</name>
         <load_address>0xa8a8</load_address>
         <run_address>0xa8a8</run_address>
         <size>0x130</size>
         <input_file_ref idref="fl-9"/>
      </object_component>
      <object_component id="oc-8d">
         <name>.debug_info</name>
         <load_address>0xa9d8</load_address>
         <run_address>0xa9d8</run_address>
         <size>0x5156</size>
         <input_file_ref idref="fl-9"/>
      </object_component>
      <object_component id="oc-13f">
         <name>.debug_info</name>
         <load_address>0xfb2e</load_address>
         <run_address>0xfb2e</run_address>
         <size>0x30c</size>
         <input_file_ref idref="fl-9"/>
      </object_component>
      <object_component id="oc-103">
         <name>.debug_info</name>
         <load_address>0xfe3a</load_address>
         <run_address>0xfe3a</run_address>
         <size>0x2c</size>
         <input_file_ref idref="fl-9"/>
      </object_component>
      <object_component id="oc-27f">
         <name>.debug_info</name>
         <load_address>0xfe66</load_address>
         <run_address>0xfe66</run_address>
         <size>0x130</size>
         <input_file_ref idref="fl-9"/>
      </object_component>
      <object_component id="oc-2b6">
         <name>.debug_info</name>
         <load_address>0xff96</load_address>
         <run_address>0xff96</run_address>
         <size>0x8ab</size>
         <input_file_ref idref="fl-a"/>
      </object_component>
      <object_component id="oc-2a8">
         <name>.debug_info</name>
         <load_address>0x10841</load_address>
         <run_address>0x10841</run_address>
         <size>0x12f</size>
         <input_file_ref idref="fl-a"/>
      </object_component>
      <object_component id="oc-2ab">
         <name>.debug_info</name>
         <load_address>0x10970</load_address>
         <run_address>0x10970</run_address>
         <size>0x12f</size>
         <input_file_ref idref="fl-a"/>
      </object_component>
      <object_component id="oc-2ae">
         <name>.debug_info</name>
         <load_address>0x10a9f</load_address>
         <run_address>0x10a9f</run_address>
         <size>0x167</size>
         <input_file_ref idref="fl-a"/>
      </object_component>
      <object_component id="oc-2a5">
         <name>.debug_info</name>
         <load_address>0x10c06</load_address>
         <run_address>0x10c06</run_address>
         <size>0x153</size>
         <input_file_ref idref="fl-a"/>
      </object_component>
      <object_component id="oc-16f">
         <name>.debug_info</name>
         <load_address>0x10d59</load_address>
         <run_address>0x10d59</run_address>
         <size>0x2483</size>
         <input_file_ref idref="fl-a"/>
      </object_component>
      <object_component id="oc-2b7">
         <name>.debug_info</name>
         <load_address>0x131dc</load_address>
         <run_address>0x131dc</run_address>
         <size>0x1e2</size>
         <input_file_ref idref="fl-a"/>
      </object_component>
      <object_component id="oc-216">
         <name>.debug_info</name>
         <load_address>0x133be</load_address>
         <run_address>0x133be</run_address>
         <size>0x4f</size>
         <input_file_ref idref="fl-a"/>
      </object_component>
      <object_component id="oc-2b1">
         <name>.debug_info</name>
         <load_address>0x1340d</load_address>
         <run_address>0x1340d</run_address>
         <size>0x46</size>
         <input_file_ref idref="fl-a"/>
      </object_component>
      <object_component id="oc-96">
         <name>.debug_info</name>
         <load_address>0x13453</load_address>
         <run_address>0x13453</run_address>
         <size>0x498</size>
         <input_file_ref idref="fl-b"/>
      </object_component>
      <object_component id="oc-89">
         <name>.debug_info</name>
         <load_address>0x138eb</load_address>
         <run_address>0x138eb</run_address>
         <size>0x15c</size>
         <input_file_ref idref="fl-b"/>
      </object_component>
      <object_component id="oc-93">
         <name>.debug_info</name>
         <load_address>0x13a47</load_address>
         <run_address>0x13a47</run_address>
         <size>0x143</size>
         <input_file_ref idref="fl-b"/>
      </object_component>
      <object_component id="oc-34">
         <name>.debug_info</name>
         <load_address>0x13b8a</load_address>
         <run_address>0x13b8a</run_address>
         <size>0x767</size>
         <input_file_ref idref="fl-b"/>
      </object_component>
      <object_component id="oc-2f">
         <name>.debug_info</name>
         <load_address>0x142f1</load_address>
         <run_address>0x142f1</run_address>
         <size>0x291</size>
         <input_file_ref idref="fl-c"/>
      </object_component>
      <object_component id="oc-29d">
         <name>.debug_info</name>
         <load_address>0x14582</load_address>
         <run_address>0x14582</run_address>
         <size>0x4f4</size>
         <input_file_ref idref="fl-d"/>
      </object_component>
      <object_component id="oc-29a">
         <name>.debug_info</name>
         <load_address>0x14a76</load_address>
         <run_address>0x14a76</run_address>
         <size>0x12a</size>
         <input_file_ref idref="fl-d"/>
      </object_component>
      <object_component id="oc-297">
         <name>.debug_info</name>
         <load_address>0x14ba0</load_address>
         <run_address>0x14ba0</run_address>
         <size>0x12a</size>
         <input_file_ref idref="fl-d"/>
      </object_component>
      <object_component id="oc-294">
         <name>.debug_info</name>
         <load_address>0x14cca</load_address>
         <run_address>0x14cca</run_address>
         <size>0x236</size>
         <input_file_ref idref="fl-d"/>
      </object_component>
      <object_component id="oc-15b">
         <name>.debug_info</name>
         <load_address>0x14f00</load_address>
         <run_address>0x14f00</run_address>
         <size>0xb0c</size>
         <input_file_ref idref="fl-d"/>
      </object_component>
      <object_component id="oc-341">
         <name>.debug_info</name>
         <load_address>0x15a0c</load_address>
         <run_address>0x15a0c</run_address>
         <size>0x62</size>
         <input_file_ref idref="fl-d"/>
      </object_component>
      <object_component id="oc-192">
         <name>.debug_info</name>
         <load_address>0x15a6e</load_address>
         <run_address>0x15a6e</run_address>
         <size>0x34f</size>
         <input_file_ref idref="fl-12"/>
      </object_component>
      <object_component id="oc-1cc">
         <name>.debug_info</name>
         <load_address>0x15dbd</load_address>
         <run_address>0x15dbd</run_address>
         <size>0x399</size>
         <input_file_ref idref="fl-1b"/>
      </object_component>
      <object_component id="oc-1c6">
         <name>.debug_info</name>
         <load_address>0x16156</load_address>
         <run_address>0x16156</run_address>
         <size>0x139</size>
         <input_file_ref idref="fl-1b"/>
      </object_component>
      <object_component id="oc-1c9">
         <name>.debug_info</name>
         <load_address>0x1628f</load_address>
         <run_address>0x1628f</run_address>
         <size>0x13b</size>
         <input_file_ref idref="fl-1b"/>
      </object_component>
      <object_component id="oc-1c3">
         <name>.debug_info</name>
         <load_address>0x163ca</load_address>
         <run_address>0x163ca</run_address>
         <size>0x12d</size>
         <input_file_ref idref="fl-1b"/>
      </object_component>
      <object_component id="oc-aa">
         <name>.debug_info</name>
         <load_address>0x164f7</load_address>
         <run_address>0x164f7</run_address>
         <size>0x2eec</size>
         <input_file_ref idref="fl-1b"/>
      </object_component>
      <object_component id="oc-1e5">
         <name>.debug_info</name>
         <load_address>0x193e3</load_address>
         <run_address>0x193e3</run_address>
         <size>0x376</size>
         <input_file_ref idref="fl-1e"/>
      </object_component>
      <object_component id="oc-1d6">
         <name>.debug_info</name>
         <load_address>0x19759</load_address>
         <run_address>0x19759</run_address>
         <size>0x128</size>
         <input_file_ref idref="fl-1e"/>
      </object_component>
      <object_component id="oc-1d3">
         <name>.debug_info</name>
         <load_address>0x19881</load_address>
         <run_address>0x19881</run_address>
         <size>0x120</size>
         <input_file_ref idref="fl-1e"/>
      </object_component>
      <object_component id="oc-1df">
         <name>.debug_info</name>
         <load_address>0x199a1</load_address>
         <run_address>0x199a1</run_address>
         <size>0x124</size>
         <input_file_ref idref="fl-1e"/>
      </object_component>
      <object_component id="oc-1e2">
         <name>.debug_info</name>
         <load_address>0x19ac5</load_address>
         <run_address>0x19ac5</run_address>
         <size>0x12a</size>
         <input_file_ref idref="fl-1e"/>
      </object_component>
      <object_component id="oc-1d9">
         <name>.debug_info</name>
         <load_address>0x19bef</load_address>
         <run_address>0x19bef</run_address>
         <size>0x128</size>
         <input_file_ref idref="fl-1e"/>
      </object_component>
      <object_component id="oc-1dc">
         <name>.debug_info</name>
         <load_address>0x19d17</load_address>
         <run_address>0x19d17</run_address>
         <size>0x12c</size>
         <input_file_ref idref="fl-1e"/>
      </object_component>
      <object_component id="oc-1d0">
         <name>.debug_info</name>
         <load_address>0x19e43</load_address>
         <run_address>0x19e43</run_address>
         <size>0x129</size>
         <input_file_ref idref="fl-1e"/>
      </object_component>
      <object_component id="oc-b4">
         <name>.debug_info</name>
         <load_address>0x19f6c</load_address>
         <run_address>0x19f6c</run_address>
         <size>0xba7</size>
         <input_file_ref idref="fl-1e"/>
      </object_component>
      <object_component id="oc-1ce">
         <name>.debug_info</name>
         <load_address>0x1ab13</load_address>
         <run_address>0x1ab13</run_address>
         <size>0x34b</size>
         <input_file_ref idref="fl-22"/>
      </object_component>
      <object_component id="oc-af">
         <name>.debug_info</name>
         <load_address>0x1ae5e</load_address>
         <run_address>0x1ae5e</run_address>
         <size>0x26bb</size>
         <input_file_ref idref="fl-22"/>
      </object_component>
      <object_component id="oc-1c1">
         <name>.debug_info</name>
         <load_address>0x1d519</load_address>
         <run_address>0x1d519</run_address>
         <size>0x3fb</size>
         <input_file_ref idref="fl-27"/>
      </object_component>
      <object_component id="oc-1af">
         <name>.debug_info</name>
         <load_address>0x1d914</load_address>
         <run_address>0x1d914</run_address>
         <size>0x11f</size>
         <input_file_ref idref="fl-27"/>
      </object_component>
      <object_component id="oc-1b9">
         <name>.debug_info</name>
         <load_address>0x1da33</load_address>
         <run_address>0x1da33</run_address>
         <size>0x12b</size>
         <input_file_ref idref="fl-27"/>
      </object_component>
      <object_component id="oc-1b3">
         <name>.debug_info</name>
         <load_address>0x1db5e</load_address>
         <run_address>0x1db5e</run_address>
         <size>0x125</size>
         <input_file_ref idref="fl-27"/>
      </object_component>
      <object_component id="oc-1b6">
         <name>.debug_info</name>
         <load_address>0x1dc83</load_address>
         <run_address>0x1dc83</run_address>
         <size>0x132</size>
         <input_file_ref idref="fl-27"/>
      </object_component>
      <object_component id="oc-a2">
         <name>.debug_info</name>
         <load_address>0x1ddb5</load_address>
         <run_address>0x1ddb5</run_address>
         <size>0x2aad</size>
         <input_file_ref idref="fl-27"/>
      </object_component>
      <object_component id="oc-2e8">
         <name>.debug_info</name>
         <load_address>0x20862</load_address>
         <run_address>0x20862</run_address>
         <size>0x51</size>
         <input_file_ref idref="fl-27"/>
      </object_component>
      <object_component id="oc-360">
         <name>.debug_info</name>
         <load_address>0x208b3</load_address>
         <run_address>0x208b3</run_address>
         <size>0x386</size>
         <input_file_ref idref="fl-2a"/>
      </object_component>
      <object_component id="oc-35a">
         <name>.debug_info</name>
         <load_address>0x20c39</load_address>
         <run_address>0x20c39</run_address>
         <size>0x12c</size>
         <input_file_ref idref="fl-2a"/>
      </object_component>
      <object_component id="oc-35d">
         <name>.debug_info</name>
         <load_address>0x20d65</load_address>
         <run_address>0x20d65</run_address>
         <size>0x13e</size>
         <input_file_ref idref="fl-2a"/>
      </object_component>
      <object_component id="oc-2bd">
         <name>.debug_info</name>
         <load_address>0x20ea3</load_address>
         <run_address>0x20ea3</run_address>
         <size>0x23a6</size>
         <input_file_ref idref="fl-2a"/>
      </object_component>
      <object_component id="oc-20b">
         <name>.debug_info</name>
         <load_address>0x23249</load_address>
         <run_address>0x23249</run_address>
         <size>0x37b</size>
         <input_file_ref idref="fl-2b"/>
      </object_component>
      <object_component id="oc-205">
         <name>.debug_info</name>
         <load_address>0x235c4</load_address>
         <run_address>0x235c4</run_address>
         <size>0x129</size>
         <input_file_ref idref="fl-2b"/>
      </object_component>
      <object_component id="oc-208">
         <name>.debug_info</name>
         <load_address>0x236ed</load_address>
         <run_address>0x236ed</run_address>
         <size>0x13b</size>
         <input_file_ref idref="fl-2b"/>
      </object_component>
      <object_component id="oc-df">
         <name>.debug_info</name>
         <load_address>0x23828</load_address>
         <run_address>0x23828</run_address>
         <size>0x26ae</size>
         <input_file_ref idref="fl-2b"/>
      </object_component>
      <object_component id="oc-175">
         <name>.debug_info</name>
         <load_address>0x25ed6</load_address>
         <run_address>0x25ed6</run_address>
         <size>0x1d3</size>
         <input_file_ref idref="fl-31"/>
      </object_component>
      <object_component id="oc-15f">
         <name>.debug_info</name>
         <load_address>0x260a9</load_address>
         <run_address>0x260a9</run_address>
         <size>0x18f</size>
         <input_file_ref idref="fl-31"/>
      </object_component>
      <object_component id="oc-102">
         <name>.debug_info</name>
         <load_address>0x26238</load_address>
         <run_address>0x26238</run_address>
         <size>0x6e2</size>
         <input_file_ref idref="fl-34"/>
      </object_component>
      <object_component id="oc-ed">
         <name>.debug_info</name>
         <load_address>0x2691a</load_address>
         <run_address>0x2691a</run_address>
         <size>0x196</size>
         <input_file_ref idref="fl-34"/>
      </object_component>
      <object_component id="oc-f3">
         <name>.debug_info</name>
         <load_address>0x26ab0</load_address>
         <run_address>0x26ab0</run_address>
         <size>0x134</size>
         <input_file_ref idref="fl-34"/>
      </object_component>
      <object_component id="oc-f6">
         <name>.debug_info</name>
         <load_address>0x26be4</load_address>
         <run_address>0x26be4</run_address>
         <size>0x134</size>
         <input_file_ref idref="fl-34"/>
      </object_component>
      <object_component id="oc-ea">
         <name>.debug_info</name>
         <load_address>0x26d18</load_address>
         <run_address>0x26d18</run_address>
         <size>0x226</size>
         <input_file_ref idref="fl-34"/>
      </object_component>
      <object_component id="oc-f0">
         <name>.debug_info</name>
         <load_address>0x26f3e</load_address>
         <run_address>0x26f3e</run_address>
         <size>0x114</size>
         <input_file_ref idref="fl-34"/>
      </object_component>
      <object_component id="oc-f9">
         <name>.debug_info</name>
         <load_address>0x27052</load_address>
         <run_address>0x27052</run_address>
         <size>0x122</size>
         <input_file_ref idref="fl-34"/>
      </object_component>
      <object_component id="oc-ff">
         <name>.debug_info</name>
         <load_address>0x27174</load_address>
         <run_address>0x27174</run_address>
         <size>0x120</size>
         <input_file_ref idref="fl-34"/>
      </object_component>
      <object_component id="oc-fc">
         <name>.debug_info</name>
         <load_address>0x27294</load_address>
         <run_address>0x27294</run_address>
         <size>0x126</size>
         <input_file_ref idref="fl-34"/>
      </object_component>
      <object_component id="oc-3f">
         <name>.debug_info</name>
         <load_address>0x273ba</load_address>
         <run_address>0x273ba</run_address>
         <size>0xecf</size>
         <input_file_ref idref="fl-34"/>
      </object_component>
      <object_component id="oc-2dc">
         <name>.debug_info</name>
         <load_address>0x28289</load_address>
         <run_address>0x28289</run_address>
         <size>0x333</size>
         <input_file_ref idref="fl-ee"/>
      </object_component>
      <object_component id="oc-18a">
         <name>.debug_info</name>
         <load_address>0x285bc</load_address>
         <run_address>0x285bc</run_address>
         <size>0x1d1</size>
         <input_file_ref idref="fl-ee"/>
      </object_component>
      <object_component id="oc-2d0">
         <name>.debug_info</name>
         <load_address>0x2878d</load_address>
         <run_address>0x2878d</run_address>
         <size>0x18d</size>
         <input_file_ref idref="fl-ee"/>
      </object_component>
      <object_component id="oc-2d7">
         <name>.debug_info</name>
         <load_address>0x2891a</load_address>
         <run_address>0x2891a</run_address>
         <size>0x16d</size>
         <input_file_ref idref="fl-ee"/>
      </object_component>
      <object_component id="oc-445">
         <name>.debug_info</name>
         <load_address>0x28a87</load_address>
[...]
      </symbol>
      <symbol id="sm-979">
         <name>TimerPrescaleMatchSet</name>
         <value>0x4f61</value>
         <object_component_ref idref="oc-2bc"/>
      </symbol>
      <symbol id="sm-97a">
         <name>TimerControlWaitOnTrigger</name>
         <value>0x50b5</value>
         <object_component_ref idref="oc-2bc"/>
      </symbol>
      <symbol id="sm-97b">
         <name>TimerConfigure</name>
         <value>0x516d</value>
         <object_component_ref idref="oc-2bc"/>
      </symbol>
      <symbol id="sm-97c">
         <name>TimerControlEvent</name>
         <value>0x515b</value>
         <object_component_ref idref="oc-2bc"/>
      </symbol>
      <symbol id="sm-97d">
         <name>TimerIntClear</name>
         <value>0x5087</value>
         <object_component_ref idref="oc-2bc"/>
      </symbol>
      <symbol id="sm-97e">
         <name>TimerSynchronize</name>
         <value>0x4f37</value>
         <object_component_ref idref="oc-2bc"/>
      </symbol>
      <symbol id="sm-9e7">
         <name>UARTClockSourceGet</name>
         <value>0x5421</value>
         <object_component_ref idref="oc-de"/>
      </symbol>
      <symbol id="sm-9e8">
         <name>UARTCharPutNonBlocking</name>
         <value>0x5435</value>
         <object_component_ref idref="oc-de"/>
      </symbol>
      <symbol id="sm-9e9">
         <name>UARTDMAEnable</name>
         <value>0x539d</value>
         <object_component_ref idref="oc-de"/>
      </symbol>
      <symbol id="sm-9ea">
         <name>UARTTxIntModeSet</name>
         <value>0x51f1</value>
         <object_component_ref idref="oc-de"/>
      </symbol>
      <symbol id="sm-9eb">
         <name>UARTFIFODisable</name>
         <value>0x5345</value>
         <object_component_ref idref="oc-de"/>
      </symbol>
      <symbol id="sm-9ec">
         <name>UARTIntUnregister</name>
         <value>0x52c5</value>
         <object_component_ref idref="oc-de"/>
      </symbol>
      <symbol id="sm-9ed">
         <name>UARTModemControlSet</name>
         <value>0x525f</value>
         <object_component_ref idref="oc-de"/>
      </symbol>
      <symbol id="sm-9ee">
         <name>UARTRxErrorClear</name>
         <value>0x523b</value>
         <object_component_ref idref="oc-de"/>
      </symbol>
      <symbol id="sm-9ef">
         <name>UARTFlowControlSet</name>
         <value>0x5311</value>
         <object_component_ref idref="oc-de"/>
      </symbol>
      <symbol id="sm-9f0">
         <name>UARTConfigSetExpClk</name>
         <value>0x53af</value>
         <object_component_ref idref="oc-de"/>
      </symbol>
      <symbol id="sm-9f1">
         <name>UARTSmartCardDisable</name>
         <value>0x5229</value>
         <object_component_ref idref="oc-de"/>
      </symbol>
      <symbol id="sm-9f2">
         <name>UARTDisable</name>
         <value>0x5385</value>
         <object_component_ref idref="oc-de"/>
      </symbol>
      <symbol id="sm-9f3">
         <name>UART9BitDisable</name>
         <value>0x5493</value>
         <object_component_ref idref="oc-de"/>
      </symbol>
      <symbol id="sm-9f4">
         <name>UARTFIFOLevelGet</name>
         <value>0x532b</value>
         <object_component_ref idref="oc-de"/>
      </symbol>
      <symbol id="sm-9f5">
         <name>UARTBusy</name>
         <value>0x5469</value>
         <object_component_ref idref="oc-de"/>
      </symbol>
      <symbol id="sm-9f6">
         <name>UARTDisableSIR</name>
         <value>0x537b</value>
         <object_component_ref idref="oc-de"/>
      </symbol>
      <symbol id="sm-9f7">
         <name>UARTLoopbackEnable</name>
         <value>0x5285</value>
         <object_component_ref idref="oc-de"/>
      </symbol>
      <symbol id="sm-9f8">
         <name>UARTIntEnable</name>
         <value>0x52fb</value>
         <object_component_ref idref="oc-de"/>
      </symbol>
      <symbol id="sm-9f9">
         <name>UARTCharsAvail</name>
         <value>0x5427</value>
         <object_component_ref idref="oc-de"/>
      </symbol>
      <symbol id="sm-9fa">
         <name>UARTCharGetNonBlocking</name>
         <value>0x544f</value>
         <object_component_ref idref="oc-de"/>
      </symbol>
      <symbol id="sm-9fb">
         <name>UARTClockSourceSet</name>
         <value>0x541b</value>
         <object_component_ref idref="oc-de"/>
      </symbol>
      <symbol id="sm-9fc">
         <name>UARTTxIntModeGet</name>
         <value>0x51fd</value>
         <object_component_ref idref="oc-de"/>
      </symbol>
      <symbol id="sm-9fd">
         <name>UARTModemStatusGet</name>
         <value>0x5255</value>
         <object_component_ref idref="oc-de"/>
      </symbol>
      <symbol id="sm-9fe">
         <name>UARTIntDisable</name>
         <value>0x5303</value>
         <object_component_ref idref="oc-de"/>
      </symbol>
      <symbol id="sm-9ff">
         <name>UARTCharPut</name>
         <value>0x5445</value>
         <object_component_ref idref="oc-de"/>
      </symbol>
      <symbol id="sm-a00">
         <name>UARTParityModeSet</name>
         <value>0x5241</value>
         <object_component_ref idref="oc-de"/>
      </symbol>
      <symbol id="sm-a01">
         <name>UARTRxErrorGet</name>
         <value>0x5233</value>
         <object_component_ref idref="oc-de"/>
      </symbol>
      <symbol id="sm-a02">
         <name>UARTConfigGetExpClk</name>
         <value>0x53f3</value>
         <object_component_ref idref="oc-de"/>
      </symbol>
      <symbol id="sm-a03">
         <name>UARTEnableSIR</name>
         <value>0x534f</value>
         <object_component_ref idref="oc-de"/>
      </symbol>
      <symbol id="sm-a04">
         <name>UARTEnable</name>
         <value>0x5367</value>
         <object_component_ref idref="oc-de"/>
      </symbol>
      <symbol id="sm-a05">
         <name>UART9BitAddrSend</name>
         <value>0x54ab</value>
         <object_component_ref idref="oc-de"/>
      </symbol>
      <symbol id="sm-a06">
         <name>UARTModemControlGet</name>
         <value>0x526b</value>
         <object_component_ref idref="oc-de"/>
      </symbol>
      <symbol id="sm-a07">
         <name>UARTSmartCardEnable</name>
         <value>0x5213</value>
         <object_component_ref idref="oc-de"/>
      </symbol>
      <symbol id="sm-a08">
         <name>UARTFlowControlGet</name>
         <value>0x531d</value>
         <object_component_ref idref="oc-de"/>
      </symbol>
      <symbol id="sm-a09">
         <name>UARTFIFOEnable</name>
         <value>0x533b</value>
         <object_component_ref idref="oc-de"/>
      </symbol>
      <symbol id="sm-a0a">
         <name>UARTIntClear</name>
         <value>0x530d</value>
         <object_component_ref idref="oc-de"/>
      </symbol>
      <symbol id="sm-a0b">
         <name>UARTIntStatus</name>
         <value>0x52d9</value>
         <object_component_ref idref="oc-de"/>
      </symbol>
      <symbol id="sm-a0c">
         <name>UARTDMADisable</name>
         <value>0x53a5</value>
         <object_component_ref idref="oc-de"/>
      </symbol>
      <symbol id="sm-a0d">
         <name>UART9BitEnable</name>
         <value>0x5485</value>
         <object_component_ref idref="oc-de"/>
      </symbol>
      <symbol id="sm-a0e">
         <name>UARTSpaceAvail</name>
         <value>0x5205</value>
         <object_component_ref idref="oc-de"/>
      </symbol>
      <symbol id="sm-a0f">
         <name>UARTCharGet</name>
         <value>0x545f</value>
         <object_component_ref idref="oc-de"/>
      </symbol>
      <symbol id="sm-a10">
         <name>UARTFIFOLevelSet</name>
         <value>0x5325</value>
         <object_component_ref idref="oc-de"/>
      </symbol>
      <symbol id="sm-a11">
         <name>UARTModemControlClear</name>
         <value>0x5273</value>
         <object_component_ref idref="oc-de"/>
      </symbol>
      <symbol id="sm-a12">
         <name>UARTParityModeGet</name>
         <value>0x524d</value>
         <object_component_ref idref="oc-de"/>
      </symbol>
      <symbol id="sm-a13">
         <name>UARTIntRegister</name>
         <value>0x52e3</value>
         <object_component_ref idref="oc-de"/>
      </symbol>
      <symbol id="sm-a14">
         <name>UARTBreakCtl</name>
         <value>0x5471</value>
         <object_component_ref idref="oc-de"/>
      </symbol>
      <symbol id="sm-a15">
         <name>UART9BitAddrSet</name>
         <value>0x54a1</value>
         <object_component_ref idref="oc-de"/>
      </symbol>
      <symbol id="sm-a34">
         <name>GetOverflowCounts</name>
         <value>0x74a9</value>
         <object_component_ref idref="oc-15e"/>
      </symbol>
      <symbol id="sm-a35">
         <name>vConfigureTimerForRunTimeStats</name>
         <value>0x70b5</value>
         <object_component_ref idref="oc-174"/>
      </symbol>
      <symbol id="sm-b13">
         <name>UARTTxBytesFree</name>
         <value>0x3d15</value>
         <object_component_ref idref="oc-3e"/>
      </symbol>
      <symbol id="sm-b14">
         <name>UARTFlushRx</name>
         <value>0x3dfb</value>
         <object_component_ref idref="oc-3e"/>
      </symbol>
      <symbol id="sm-b15">
         <name>UARTgetc</name>
         <value>0x3cff</value>
         <object_component_ref idref="oc-3e"/>
      </symbol>
      <symbol id="sm-b16">
         <name>UARTgets</name>
         <value>0x3a3d</value>
         <object_component_ref idref="oc-3e"/>
      </symbol>
      <symbol id="sm-b17">
         <name>UARTFlushTx</name>
         <value>0x3e0d</value>
         <object_component_ref idref="oc-3e"/>
      </symbol>
      <symbol id="sm-b18">
         <name>UARTStdioConfig</name>
         <value>0x3e35</value>
         <object_component_ref idref="oc-3e"/>
      </symbol>
      <symbol id="sm-b19">
         <name>UARTStdioIntHandler</name>
         <value>0x3d31</value>
         <object_component_ref idref="oc-3e"/>
      </symbol>
      <symbol id="sm-b1a">
         <name>UARTRxBytesAvail</name>
         <value>0x3efb</value>
         <object_component_ref idref="oc-3e"/>
      </symbol>
      <symbol id="sm-b1b">
         <name>UARTwrite</name>
         <value>0x37b3</value>
         <object_component_ref idref="oc-3e"/>
      </symbol>
      <symbol id="sm-b1c">
         <name>UARTEchoSet</name>
         <value>0x3f09</value>
         <object_component_ref idref="oc-3e"/>
      </symbol>
      <symbol id="sm-b1d">
         <name>UARTprintf</name>
         <value>0x3a05</value>
         <object_component_ref idref="oc-3e"/>
      </symbol>
      <symbol id="sm-b1e">
         <name>UARTvprintf</name>
         <value>0x380d</value>
         <object_component_ref idref="oc-3e"/>
      </symbol>
      <symbol id="sm-b45">
         <name>sprintf</name>
         <value>0x7391</value>
         <object_component_ref idref="oc-189"/>
      </symbol>
      <symbol id="sm-b61">
         <name>memcpy</name>
         <value>0x6c93</value>
         <object_component_ref idref="oc-52"/>
      </symbol>
      <symbol id="sm-b62">
         <name>__aeabi_memcpy</name>
         <value>0x6c93</value>
         <object_component_ref idref="oc-52"/>
      </symbol>
      <symbol id="sm-b63">
         <name>__aeabi_memcpy8</name>
         <value>0x6c93</value>
         <object_component_ref idref="oc-52"/>
      </symbol>
      <symbol id="sm-b64">
         <name>__aeabi_memcpy4</name>
         <value>0x6c93</value>
         <object_component_ref idref="oc-52"/>
      </symbol>
      <symbol id="sm-b73">
         <name>__aeabi_uidivmod</name>
         <value>0x7351</value>
         <object_component_ref idref="oc-e4"/>
      </symbol>
      <symbol id="sm-b74">
         <name>__aeabi_uidiv</name>
         <value>0x7351</value>
         <object_component_ref idref="oc-e4"/>
      </symbol>
      <symbol id="sm-b83">
         <name>__aeabi_memset</name>
         <value>0x6f67</value>
         <object_component_ref idref="oc-124"/>
      </symbol>
      <symbol id="sm-b84">
         <name>memset</name>
         <value>0x6f6d</value>
         <object_component_ref idref="oc-124"/>
      </symbol>
      <symbol id="sm-b85">
         <name>__aeabi_memset8</name>
         <value>0x6f67</value>
         <object_component_ref idref="oc-124"/>
      </symbol>
      <symbol id="sm-b86">
         <name>__aeabi_memset4</name>
         <value>0x6f67</value>
         <object_component_ref idref="oc-124"/>
      </symbol>
      <symbol id="sm-b87">
         <name>__aeabi_memclr8</name>
         <value>0x6f65</value>
         <object_component_ref idref="oc-124"/>
      </symbol>
      <symbol id="sm-b88">
         <name>__aeabi_memclr4</name>
         <value>0x6f65</value>
         <object_component_ref idref="oc-124"/>
      </symbol>
      <symbol id="sm-b89">
         <name>__aeabi_memclr</name>
         <value>0x6f65</value>
         <object_component_ref idref="oc-124"/>
      </symbol>
      <symbol id="sm-b9b">
         <name>__TI_zero_init</name>
         <value>0x758b</value>
         <object_component_ref idref="oc-64"/>
      </symbol>
      <symbol id="sm-bb2">
         <name>__TI_decompress_none</name>
         <value>0x757d</value>
         <object_component_ref idref="oc-1b"/>
      </symbol>
      <symbol id="sm-bd5">
         <name>__TI_decompress_lzss</name>
         <value>0x704d</value>
         <object_component_ref idref="oc-15"/>
      </symbol>
      <symbol id="sm-be4">
         <name>strcpy</name>
         <value>0x7531</value>
         <object_component_ref idref="oc-17d"/>
      </symbol>
      <symbol id="sm-bf2">
         <name>strlen</name>
         <value>0x7545</value>
         <object_component_ref idref="oc-183"/>
      </symbol>
      <symbol id="sm-c05">
         <name>__stack</name>
         <value>0x200056d8</value>
         <object_component_ref idref="oc-24"/>
      </symbol>
      <symbol id="sm-c06">
         <name>_c_int00_noargs</name>
         <value>0x7445</value>
         <object_component_ref idref="oc-70"/>
      </symbol>
      <symbol id="sm-d6b">
         <name>__TI_printfi</name>
         <value>0x24ad</value>
         <object_component_ref idref="oc-2c9"/>
      </symbol>
      <symbol id="sm-d8b">
         <name>frexpl</name>
         <value>0x7119</value>
         <object_component_ref idref="oc-422"/>
      </symbol>
      <symbol id="sm-d8c">
         <name>frexp</name>
         <value>0x7119</value>
         <object_component_ref idref="oc-422"/>
      </symbol>
      <symbol id="sm-da9">
         <name>scalbn</name>
         <value>0x67f5</value>
         <object_component_ref idref="oc-428"/>
      </symbol>
      <symbol id="sm-daa">
         <name>scalbnl</name>
         <value>0x67f5</value>
         <object_component_ref idref="oc-428"/>
      </symbol>
      <symbol id="sm-dab">
         <name>ldexpl</name>
         <value>0x67f5</value>
         <object_component_ref idref="oc-428"/>
      </symbol>
      <symbol id="sm-dac">
         <name>ldexp</name>
         <value>0x67f5</value>
         <object_component_ref idref="oc-428"/>
      </symbol>
      <symbol id="sm-dc5">
         <name>wcslen</name>
         <value>0x756b</value>
         <object_component_ref idref="oc-394"/>
      </symbol>
      <symbol id="sm-dcf">
         <name>__aeabi_idiv0</name>
         <value>0x2efb</value>
         <object_component_ref idref="oc-20c"/>
      </symbol>
      <symbol id="sm-dd0">
         <name>__aeabi_ldiv0</name>
         <value>0x2efb</value>
         <object_component_ref idref="oc-20c"/>
      </symbol>
      <symbol id="sm-de7">
         <name>__aeabi_dsub</name>
         <value>0x62a5</value>
         <object_component_ref idref="oc-402"/>
      </symbol>
      <symbol id="sm-de8">
         <name>__aeabi_dadd</name>
         <value>0x62af</value>
         <object_component_ref idref="oc-402"/>
      </symbol>
      <symbol id="sm-e0a">
         <name>__aeabi_cdcmpeq</name>
         <value>0x6e59</value>
         <object_component_ref idref="oc-371"/>
      </symbol>
      <symbol id="sm-e0b">
         <name>__aeabi_cdcmple</name>
         <value>0x6e59</value>
         <object_component_ref idref="oc-371"/>
      </symbol>
      <symbol id="sm-e0c">
         <name>__aeabi_cdrcmple</name>
         <value>0x6edf</value>
         <object_component_ref idref="oc-3ed"/>
      </symbol>
      <symbol id="sm-e20">
         <name>__aeabi_ddiv</name>
         <value>0x6599</value>
         <object_component_ref idref="oc-3e8"/>
      </symbol>
      <symbol id="sm-e2b">
         <name>__aeabi_dmul</name>
         <value>0x6a09</value>
         <object_component_ref idref="oc-3e3"/>
      </symbol>
      <symbol id="sm-e35">
         <name>__aeabi_d2iz</name>
         <value>0x72c5</value>
         <object_component_ref idref="oc-3f2"/>
      </symbol>
      <symbol id="sm-e3f">
         <name>__aeabi_i2d</name>
         <value>0x7479</value>
         <object_component_ref idref="oc-3fd"/>
      </symbol>
      <symbol id="sm-e4c">
         <name>__aeabi_uldivmod</name>
         <value>0x6d2f</value>
         <object_component_ref idref="oc-3dc"/>
      </symbol>
      <symbol id="sm-e74">
         <name>__TI_auto_init_nobinit_nopinit</name>
         <value>0x730d</value>
         <object_component_ref idref="oc-246"/>
      </symbol>
      <symbol id="sm-e7e">
         <name>_system_pre_init</name>
         <value>0x75af</value>
         <object_component_ref idref="oc-12a"/>
      </symbol>
      <symbol id="sm-e8a">
         <name>C$$EXIT</name>
         <value>0x75b3</value>
         <object_component_ref idref="oc-23a"/>
      </symbol>
      <symbol id="sm-e8b">
         <name>abort</name>
         <value>0x75b3</value>
         <object_component_ref idref="oc-23a"/>
      </symbol>
      <symbol id="sm-e9b">
         <name>__TI_ltoa</name>
         <value>0x71d3</value>
         <object_component_ref idref="oc-3f7"/>
      </symbol>
      <symbol id="sm-eb2">
         <name>atoi</name>
         <value>0x7279</value>
         <object_component_ref idref="oc-365"/>
      </symbol>
      <symbol id="sm-ebd">
         <name>_ctypes_</name>
         <value>0x7768</value>
         <object_component_ref idref="oc-3d7"/>
      </symbol>
      <symbol id="sm-ecd">
         <name>memccpy</name>
         <value>0x74cd</value>
         <object_component_ref idref="oc-38e"/>
      </symbol>
      <symbol id="sm-edd">
         <name>strchr</name>
         <value>0x751b</value>
         <object_component_ref idref="oc-42e"/>
      </symbol>
      <symbol id="sm-ef3">
         <name>__aeabi_errno_addr</name>
         <value>0x75a1</value>
         <object_component_ref idref="oc-39a"/>
      </symbol>
      <symbol id="sm-ef4">
         <name>errno</name>
         <value>0x20005f44</value>
         <object_component_ref idref="oc-43e"/>
      </symbol>
      <symbol id="sm-efe">
         <name>copysign</name>
         <value>0x74e9</value>
         <object_component_ref idref="oc-47c"/>
      </symbol>
      <symbol id="sm-eff">
         <name>copysignl</name>
         <value>0x74e9</value>
         <object_component_ref idref="oc-47c"/>
      </symbol>
      <symbol id="sm-f00">
         <name>__TI_static_base__</name>
         <value>0x0</value>
      </symbol>
      <symbol id="sm-f03">
         <name>__mpu_init</name>
         <value>0x0</value>
      </symbol>
      <symbol id="sm-f04">
         <name>_system_post_cinit</name>
         <value>0x0</value>
      </symbol>
      <symbol id="sm-f05">
         <name>vApplicationIdleHook</name>
         <value>0x740f</value>
      </symbol>
      <symbol id="sm-f06">
         <name>IntPriorityMaskSet</name>
         <value>0x7435</value>
      </symbol>
      <symbol id="sm-f07">
         <name>IntPriorityMaskGet</name>
         <value>0x743b</value>
      </symbol>
      <symbol id="sm-f08">
         <name>SysCtlSleep</name>
         <value>0x740f</value>
      </symbol>
   </symbol_table>
   <title>Link successful</title>
</link_info>
