<?xml version="1.0" encoding="ISO-8859-1" ?>
<link_info>
   <banner>TI ARM Linker PC v20.2.7.LTS</banner>
   <copyright>Copyright (c) 1996-2018 Texas Instruments Incorporated</copyright>
   <link_time>0x672ca4d9</link_time>
   <link_errors>0x0</link_errors>
   <output_file>tutorial-FreeRTOSPt3.out</output_file>
   <entry_point>
      <name>_c_int00_noargs</name>
      <address>0x77c9</address>
   </entry_point>
   <input_file_list>
      <input_file id="fl-2">
         <path>.\</path>
         <kind>object</kind>
         <file>main.obj</file>
         <name>main.obj</name>
      </input_file>
      <input_file id="fl-3">
         <path>.\</path>
         <kind>object</kind>
         <file>startup_ccs.obj</file>
         <name>startup_ccs.obj</name>
      </input_file>
      <input_file id="fl-4">
         <path>.\FreeRTOS\Source\</path>
         <kind>object</kind>
         <file>croutine.obj</file>
         <name>croutine.obj</name>
      </input_file>
      <input_file id="fl-5">
         <path>.\FreeRTOS\Source\</path>
         <kind>object</kind>
         <file>event_groups.obj</file>
         <name>event_groups.obj</name>
      </input_file>
      <input_file id="fl-6">
         <path>.\FreeRTOS\Source\</path>
         <kind>object</kind>
         <file>list.obj</file>
         <name>list.obj</name>
      </input_file>
      <input_file id="fl-7">
         <path>.\FreeRTOS\Source\</path>
         <kind>object</kind>
         <file>queue.obj</file>
         <name>queue.obj</name>
      </input_file>
      <input_file id="fl-8">
         <path>.\FreeRTOS\Source\</path>
         <kind>object</kind>
         <file>stream_buffer.obj</file>
         <name>stream_buffer.obj</name>
      </input_file>
      <input_file id="fl-9">
         <path>.\FreeRTOS\Source\</path>
         <kind>object</kind>
         <file>tasks.obj</file>
         <name>tasks.obj</name>
      </input_file>
      <input_file id="fl-a">
         <path>.\FreeRTOS\Source\</path>
         <kind>object</kind>
         <file>timers.obj</file>
         <name>timers.obj</name>
      </input_file>
      <input_file id="fl-b">
         <path>.\FreeRTOS\Source\portable\CCS\ARM_CM4F\</path>
         <kind>object</kind>
         <file>port.obj</file>
         <name>port.obj</name>
      </input_file>
      <input_file id="fl-c">
         <path>.\FreeRTOS\Source\portable\CCS\ARM_CM4F\</path>
         <kind>object</kind>
         <file>portasm.obj</file>
         <name>portasm.obj</name>
      </input_file>
      <input_file id="fl-d">
         <path>.\FreeRTOS\Source\portable\MemMang\</path>
         <kind>object</kind>
         <file>heap_4.obj</file>
         <name>heap_4.obj</name>
      </input_file>
      <input_file id="fl-e">
         <path>.\driverlib\</path>
         <kind>object</kind>
         <file>adc.obj</file>
         <name>adc.obj</name>
      </input_file>
      <input_file id="fl-f">
         <path>.\driverlib\</path>
         <kind>object</kind>
         <file>aes.obj</file>
         <name>aes.obj</name>
      </input_file>
      <input_file id="fl-10">
         <path>.\driverlib\</path>
         <kind>object</kind>
         <file>can.obj</file>
         <name>can.obj</name>
      </input_file>
      <input_file id="fl-11">
         <path>.\driverlib\</path>
         <kind>object</kind>
         <file>comp.obj</file>
         <name>comp.obj</name>
      </input_file>
      <input_file id="fl-12">
         <path>.\driverlib\</path>
         <kind>object</kind>
         <file>cpu.obj</file>
         <name>cpu.obj</name>
      </input_file>
      <input_file id="fl-13">
         <path>.\driverlib\</path>
         <kind>object</kind>
         <file>crc.obj</file>
         <name>crc.obj</name>
      </input_file>
      <input_file id="fl-14">
         <path>.\driverlib\</path>
         <kind>object</kind>
         <file>des.obj</file>
         <name>des.obj</name>
      </input_file>
      <input_file id="fl-15">
         <path>.\driverlib\</path>
         <kind>object</kind>
         <file>eeprom.obj</file>
         <name>eeprom.obj</name>
      </input_file>
      <input_file id="fl-16">
         <path>.\driverlib\</path>
         <kind>object</kind>
         <file>emac.obj</file>
         <name>emac.obj</name>
      </input_file>
      <input_file id="fl-17">
         <path>.\driverlib\</path>
         <kind>object</kind>
         <file>epi.obj</file>
         <name>epi.obj</name>
      </input_file>
      <input_file id="fl-18">
         <path>.\driverlib\</path>
         <kind>object</kind>
         <file>epi_workaround_ccs.obj</file>
         <name>epi_workaround_ccs.obj</name>
      </input_file>
      <input_file id="fl-19">
         <path>.\driverlib\</path>
         <kind>object</kind>
         <file>flash.obj</file>
         <name>flash.obj</name>
      </input_file>
      <input_file id="fl-1a">
         <path>.\driverlib\</path>
         <kind>object</kind>
         <file>fpu.obj</file>
         <name>fpu.obj</name>
      </input_file>
      <input_file id="fl-1b">
         <path>.\driverlib\</path>
         <kind>object</kind>
         <file>gpio.obj</file>
         <name>gpio.obj</name>
      </input_file>
      <input_file id="fl-1c">
         <path>.\driverlib\</path>
         <kind>object</kind>
         <file>hibernate.obj</file>
         <name>hibernate.obj</name>
      </input_file>
      <input_file id="fl-1d">
         <path>.\driverlib\</path>
         <kind>object</kind>
         <file>i2c.obj</file>
         <name>i2c.obj</name>
      </input_file>
      <input_file id="fl-1e">
         <path>.\driverlib\</path>
         <kind>object</kind>
         <file>interrupt.obj</file>
         <name>interrupt.obj</name>
      </input_file>
      <input_file id="fl-1f">
         <path>.\driverlib\</path>
         <kind>object</kind>
         <file>lcd.obj</file>
         <name>lcd.obj</name>
      </input_file>
      <input_file id="fl-20">
         <path>.\driverlib\</path>
         <kind>object</kind>
         <file>mpu.obj</file>
         <name>mpu.obj</name>
      </input_file>
      <input_file id="fl-21">
         <path>.\driverlib\</path>
         <kind>object</kind>
         <file>onewire.obj</file>
         <name>onewire.obj</name>
      </input_file>
      <input_file id="fl-22">
         <path>.\driverlib\</path>
         <kind>object</kind>
         <file>pwm.obj</file>
         <name>pwm.obj</name>
      </input_file>
      <input_file id="fl-23">
         <path>.\driverlib\</path>
         <kind>object</kind>
         <file>qei.obj</file>
         <name>qei.obj</name>
      </input_file>
      <input_file id="fl-24">
         <path>.\driverlib\</path>
         <kind>object</kind>
         <file>shamd5.obj</file>
         <name>shamd5.obj</name>
      </input_file>
      <input_file id="fl-25">
         <path>.\driverlib\</path>
         <kind>object</kind>
         <file>ssi.obj</file>
         <name>ssi.obj</name>
      </input_file>
      <input_file id="fl-26">
         <path>.\driverlib\</path>
         <kind>object</kind>
         <file>sw_crc.obj</file>
         <name>sw_crc.obj</name>
      </input_file>
      <input_file id="fl-27">
         <path>.\driverlib\</path>
         <kind>object</kind>
         <file>sysctl.obj</file>
         <name>sysctl.obj</name>
      </input_file>
      <input_file id="fl-28">
         <path>.\driverlib\</path>
         <kind>object</kind>
         <file>sysexc.obj</file>
         <name>sysexc.obj</name>
      </input_file>
      <input_file id="fl-29">
         <path>.\driverlib\</path>
         <kind>object</kind>
         <file>systick.obj</file>
         <name>systick.obj</name>
      </input_file>
      <input_file id="fl-2a">
         <path>.\driverlib\</path>
         <kind>object</kind>
         <file>timer.obj</file>
         <name>timer.obj</name>
      </input_file>
      <input_file id="fl-2b">
         <path>.\driverlib\</path>
         <kind>object</kind>
         <file>uart.obj</file>
         <name>uart.obj</name>
      </input_file>
      <input_file id="fl-2c">
         <path>.\driverlib\</path>
         <kind>object</kind>
         <file>udma.obj</file>
         <name>udma.obj</name>
      </input_file>
      <input_file id="fl-2d">
         <path>.\driverlib\</path>
         <kind>object</kind>
         <file>usb.obj</file>
         <name>usb.obj</name>
      </input_file>
      <input_file id="fl-2e">
         <path>.\driverlib\</path>
         <kind>object</kind>
         <file>watchdog.obj</file>
         <name>watchdog.obj</name>
      </input_file>
      <input_file id="fl-2f">
         <path>.\drivers\</path>
         <kind>object</kind>
         <file>buttons.obj</file>
         <name>buttons.obj</name>
      </input_file>
      <input_file id="fl-30">
         <path>.\drivers\</path>
         <kind>object</kind>
         <file>rgb.obj</file>
         <name>rgb.obj</name>
      </input_file>
      <input_file id="fl-31">
         <path>.\utils\</path>
         <kind>object</kind>
         <file>RunTimeStatsConfig.obj</file>
         <name>RunTimeStatsConfig.obj</name>
      </input_file>
      <input_file id="fl-32">
         <path>.\utils\</path>
         <kind>object</kind>
         <file>cmdline.obj</file>
         <name>cmdline.obj</name>
      </input_file>
      <input_file id="fl-33">
         <path>.\utils\</path>
         <kind>object</kind>
         <file>cpu_usage.obj</file>
         <name>cpu_usage.obj</name>
      </input_file>
      <input_file id="fl-34">
         <path>.\utils\</path>
         <kind>object</kind>
         <file>uartstdio.obj</file>
         <name>uartstdio.obj</name>
      </input_file>
      <input_file id="fl-38">
         <kind>object</kind>
         <file>&lt;internal&gt;</file>
         <name>&lt;internal&gt;</name>
      </input_file>
      <input_file id="fl-ee">
         <path>C:\ti\ccs1240\ccs\tools\compiler\ti-cgt-arm_20.2.7.LTS\lib\</path>
         <kind>archive</kind>
         <file>rtsv7M4_T_le_v4SPD16_eabi.lib</file>
         <name>sprintf.c.obj</name>
      </input_file>
      <input_file id="fl-ef">
         <path>C:\ti\ccs1240\ccs\tools\compiler\ti-cgt-arm_20.2.7.LTS\lib\</path>
         <kind>archive</kind>
         <file>rtsv7M4_T_le_v4SPD16_eabi.lib</file>
         <name>fd_mul_t2.asm.obj</name>
      </input_file>
      <input_file id="fl-f0">
         <path>C:\ti\ccs1240\ccs\tools\compiler\ti-cgt-arm_20.2.7.LTS\lib\</path>
         <kind>archive</kind>
         <file>rtsv7M4_T_le_v4SPD16_eabi.lib</file>
         <name>fd_tou_t2.asm.obj</name>
      </input_file>
      <input_file id="fl-f1">
         <path>C:\ti\ccs1240\ccs\tools\compiler\ti-cgt-arm_20.2.7.LTS\lib\</path>
         <kind>archive</kind>
         <file>rtsv7M4_T_le_v4SPD16_eabi.lib</file>
         <name>fs_toull_t2.asm.obj</name>
      </input_file>
      <input_file id="fl-f2">
         <path>C:\ti\ccs1240\ccs\tools\compiler\ti-cgt-arm_20.2.7.LTS\lib\</path>
         <kind>archive</kind>
         <file>rtsv7M4_T_le_v4SPD16_eabi.lib</file>
         <name>memcpy_t2.asm.obj</name>
      </input_file>
      <input_file id="fl-f3">
         <path>C:\ti\ccs1240\ccs\tools\compiler\ti-cgt-arm_20.2.7.LTS\lib\</path>
         <kind>archive</kind>
         <file>rtsv7M4_T_le_v4SPD16_eabi.lib</file>
         <name>u_tofd_t2.asm.obj</name>
      </input_file>
      <input_file id="fl-f4">
         <path>C:\ti\ccs1240\ccs\tools\compiler\ti-cgt-arm_20.2.7.LTS\lib\</path>
         <kind>archive</kind>
         <file>rtsv7M4_T_le_v4SPD16_eabi.lib</file>
         <name>memset_t2.asm.obj</name>
      </input_file>
      <input_file id="fl-f5">
         <path>C:\ti\ccs1240\ccs\tools\compiler\ti-cgt-arm_20.2.7.LTS\lib\</path>
         <kind>archive</kind>
         <file>rtsv7M4_T_le_v4SPD16_eabi.lib</file>
         <name>u_divt2.asm.obj</name>
      </input_file>
      <input_file id="fl-f6">
         <path>C:\ti\ccs1240\ccs\tools\compiler\ti-cgt-arm_20.2.7.LTS\lib\</path>
         <kind>archive</kind>
         <file>rtsv7M4_T_le_v4SPD16_eabi.lib</file>
         <name>copy_zero_init.c.obj</name>
      </input_file>
      <input_file id="fl-f7">
         <path>C:\ti\ccs1240\ccs\tools\compiler\ti-cgt-arm_20.2.7.LTS\lib\</path>
         <kind>archive</kind>
         <file>rtsv7M4_T_le_v4SPD16_eabi.lib</file>
         <name>copy_decompress_none.c.obj</name>
      </input_file>
      <input_file id="fl-f8">
         <path>C:\ti\ccs1240\ccs\tools\compiler\ti-cgt-arm_20.2.7.LTS\lib\</path>
         <kind>archive</kind>
         <file>rtsv7M4_T_le_v4SPD16_eabi.lib</file>
         <name>copy_decompress_lzss.c.obj</name>
      </input_file>
      <input_file id="fl-f9">
         <path>C:\ti\ccs1240\ccs\tools\compiler\ti-cgt-arm_20.2.7.LTS\lib\</path>
         <kind>archive</kind>
         <file>rtsv7M4_T_le_v4SPD16_eabi.lib</file>
         <name>strcmp.c.obj</name>
      </input_file>
      <input_file id="fl-fa">
         <path>C:\ti\ccs1240\ccs\tools\compiler\ti-cgt-arm_20.2.7.LTS\lib\</path>
         <kind>archive</kind>
         <file>rtsv7M4_T_le_v4SPD16_eabi.lib</file>
         <name>strcpy.c.obj</name>
      </input_file>
      <input_file id="fl-fb">
         <path>C:\ti\ccs1240\ccs\tools\compiler\ti-cgt-arm_20.2.7.LTS\lib\</path>
         <kind>archive</kind>
         <file>rtsv7M4_T_le_v4SPD16_eabi.lib</file>
         <name>strlen.c.obj</name>
      </input_file>
      <input_file id="fl-fc">
         <path>C:\ti\ccs1240\ccs\tools\compiler\ti-cgt-arm_20.2.7.LTS\lib\</path>
         <kind>archive</kind>
         <file>rtsv7M4_T_le_v4SPD16_eabi.lib</file>
         <name>boot_cortex_m.c.obj</name>
      </input_file>
      <input_file id="fl-fd">
         <path>C:\ti\ccs1240\ccs\tools\compiler\ti-cgt-arm_20.2.7.LTS\lib\</path>
         <kind>archive</kind>
         <file>rtsv7M4_T_le_v4SPD16_eabi.lib</file>
         <name>_printfi.c.obj</name>
      </input_file>
      <input_file id="fl-fe">
         <path>C:\ti\ccs1240\ccs\tools\compiler\ti-cgt-arm_20.2.7.LTS\lib\</path>
         <kind>archive</kind>
         <file>rtsv7M4_T_le_v4SPD16_eabi.lib</file>
         <name>div0.asm.obj</name>
      </input_file>
      <input_file id="fl-ff">
         <path>C:\ti\ccs1240\ccs\tools\compiler\ti-cgt-arm_20.2.7.LTS\lib\</path>
         <kind>archive</kind>
         <file>rtsv7M4_T_le_v4SPD16_eabi.lib</file>
         <name>fd_add_t2.asm.obj</name>
      </input_file>
      <input_file id="fl-100">
         <path>C:\ti\ccs1240\ccs\tools\compiler\ti-cgt-arm_20.2.7.LTS\lib\</path>
         <kind>archive</kind>
         <file>rtsv7M4_T_le_v4SPD16_eabi.lib</file>
         <name>fd_cmp_t2.asm.obj</name>
      </input_file>
      <input_file id="fl-101">
         <path>C:\ti\ccs1240\ccs\tools\compiler\ti-cgt-arm_20.2.7.LTS\lib\</path>
         <kind>archive</kind>
         <file>rtsv7M4_T_le_v4SPD16_eabi.lib</file>
         <name>fd_div_t2.asm.obj</name>
      </input_file>
      <input_file id="fl-102">
         <path>C:\ti\ccs1240\ccs\tools\compiler\ti-cgt-arm_20.2.7.LTS\lib\</path>
         <kind>archive</kind>
         <file>rtsv7M4_T_le_v4SPD16_eabi.lib</file>
         <name>fd_toi_t2.asm.obj</name>
      </input_file>
      <input_file id="fl-103">
         <path>C:\ti\ccs1240\ccs\tools\compiler\ti-cgt-arm_20.2.7.LTS\lib\</path>
         <kind>archive</kind>
         <file>rtsv7M4_T_le_v4SPD16_eabi.lib</file>
         <name>i_tofd_t2.asm.obj</name>
      </input_file>
      <input_file id="fl-104">
         <path>C:\ti\ccs1240\ccs\tools\compiler\ti-cgt-arm_20.2.7.LTS\lib\</path>
         <kind>archive</kind>
         <file>rtsv7M4_T_le_v4SPD16_eabi.lib</file>
         <name>ull_div_t2.asm.obj</name>
      </input_file>
      <input_file id="fl-105">
         <path>C:\ti\ccs1240\ccs\tools\compiler\ti-cgt-arm_20.2.7.LTS\lib\</path>
         <kind>archive</kind>
         <file>rtsv7M4_T_le_v4SPD16_eabi.lib</file>
         <name>autoinit.c.obj</name>
      </input_file>
      <input_file id="fl-106">
         <path>C:\ti\ccs1240\ccs\tools\compiler\ti-cgt-arm_20.2.7.LTS\lib\</path>
         <kind>archive</kind>
         <file>rtsv7M4_T_le_v4SPD16_eabi.lib</file>
         <name>pre_init.c.obj</name>
      </input_file>
      <input_file id="fl-107">
         <path>C:\ti\ccs1240\ccs\tools\compiler\ti-cgt-arm_20.2.7.LTS\lib\</path>
         <kind>archive</kind>
         <file>rtsv7M4_T_le_v4SPD16_eabi.lib</file>
         <name>cpy_tbl.c.obj</name>
      </input_file>
      <input_file id="fl-108">
         <path>C:\ti\ccs1240\ccs\tools\compiler\ti-cgt-arm_20.2.7.LTS\lib\</path>
         <kind>archive</kind>
         <file>rtsv7M4_T_le_v4SPD16_eabi.lib</file>
         <name>exit.c.obj</name>
      </input_file>
      <input_file id="fl-109">
         <path>C:\ti\ccs1240\ccs\tools\compiler\ti-cgt-arm_20.2.7.LTS\lib\</path>
         <kind>archive</kind>
         <file>rtsv7M4_T_le_v4SPD16_eabi.lib</file>
         <name>_lock.c.obj</name>
      </input_file>
      <input_file id="fl-10a">
         <path>C:\ti\ccs1240\ccs\tools\compiler\ti-cgt-arm_20.2.7.LTS\lib\</path>
         <kind>archive</kind>
         <file>rtsv7M4_T_le_v4SPD16_eabi.lib</file>
         <name>_ltoa.c.obj</name>
      </input_file>
      <input_file id="fl-10b">
         <path>C:\ti\ccs1240\ccs\tools\compiler\ti-cgt-arm_20.2.7.LTS\lib\</path>
         <kind>archive</kind>
         <file>rtsv7M4_T_le_v4SPD16_eabi.lib</file>
         <name>args_main.c.obj</name>
      </input_file>
      <input_file id="fl-10c">
         <path>C:\ti\ccs1240\ccs\tools\compiler\ti-cgt-arm_20.2.7.LTS\lib\</path>
         <kind>archive</kind>
         <file>rtsv7M4_T_le_v4SPD16_eabi.lib</file>
         <name>atoi.c.obj</name>
      </input_file>
      <input_file id="fl-10d">
         <path>C:\ti\ccs1240\ccs\tools\compiler\ti-cgt-arm_20.2.7.LTS\lib\</path>
         <kind>archive</kind>
         <file>rtsv7M4_T_le_v4SPD16_eabi.lib</file>
         <name>ctype.c.obj</name>
      </input_file>
      <input_file id="fl-10e">
         <path>C:\ti\ccs1240\ccs\tools\compiler\ti-cgt-arm_20.2.7.LTS\lib\</path>
         <kind>archive</kind>
         <file>rtsv7M4_T_le_v4SPD16_eabi.lib</file>
         <name>memccpy.c.obj</name>
      </input_file>
      <input_file id="fl-10f">
         <path>C:\ti\ccs1240\ccs\tools\compiler\ti-cgt-arm_20.2.7.LTS\lib\</path>
         <kind>archive</kind>
         <file>rtsv7M4_T_le_v4SPD16_eabi.lib</file>
         <name>strchr.c.obj</name>
      </input_file>
      <input_file id="fl-110">
         <path>C:\ti\ccs1240\ccs\tools\compiler\ti-cgt-arm_20.2.7.LTS\lib\</path>
         <kind>archive</kind>
         <file>rtsv7M4_T_le_v4SPD16_eabi.lib</file>
         <name>errno.c.obj</name>
      </input_file>
      <input_file id="fl-111">
         <path>C:\ti\ccs1240\ccs\tools\compiler\ti-cgt-arm_20.2.7.LTS\lib\</path>
         <kind>archive</kind>
         <file>rtsv7M4_T_le_v4SPD16_eabi.lib</file>
         <name>wcslen.c.obj</name>
      </input_file>
      <input_file id="fl-112">
         <path>C:\ti\ccs1240\ccs\tools\compiler\ti-cgt-arm_20.2.7.LTS\lib\</path>
         <kind>archive</kind>
         <file>rtsv7M4_T_le_v4SPD16_eabi.lib</file>
         <name>s_frexp.c.obj</name>
      </input_file>
      <input_file id="fl-113">
         <path>C:\ti\ccs1240\ccs\tools\compiler\ti-cgt-arm_20.2.7.LTS\lib\</path>
         <kind>archive</kind>
         <file>rtsv7M4_T_le_v4SPD16_eabi.lib</file>
         <name>s_scalbn.c.obj</name>
      </input_file>
      <input_file id="fl-114">
         <path>C:\ti\ccs1240\ccs\tools\compiler\ti-cgt-arm_20.2.7.LTS\lib\</path>
         <kind>archive</kind>
         <file>rtsv7M4_T_le_v4SPD16_eabi.lib</file>
         <name>s_copysign.c.obj</name>
      </input_file>
   </input_file_list>
   <object_component_list>
      <object_component id="oc-12">
         <name>.intvecs</name>
         <load_address>0x0</load_address>
         <run_address>0x0</run_address>
         <size>0x26c</size>
         <input_file_ref idref="fl-3"/>
      </object_component>
      <object_component id="oc-8b">
         <name>.text</name>
         <load_address>0x26c</load_address>
         <run_address>0x26c</run_address>
         <size>0x17a0</size>
         <input_file_ref idref="fl-9"/>
      </object_component>
      <object_component id="oc-db">
         <name>.text</name>
         <load_address>0x1a0c</load_address>
         <run_address>0x1a0c</run_address>
         <size>0xaa0</size>
         <input_file_ref idref="fl-27"/>
      </object_component>
      <object_component id="oc-2eb">
         <name>.text:__TI_printfi</name>
         <load_address>0x24ac</load_address>
         <run_address>0x24ac</run_address>
         <size>0xa4e</size>
         <input_file_ref idref="fl-fd"/>
      </object_component>
      <object_component id="oc-1df">
         <name>.text</name>
         <load_address>0x2efa</load_address>
         <run_address>0x2efa</run_address>
         <size>0x2</size>
         <input_file_ref idref="fl-fe"/>
      </object_component>
      <object_component id="oc-a1">
         <name>.text</name>
         <load_address>0x2efc</load_address>
         <run_address>0x2efc</run_address>
         <size>0x864</size>
         <input_file_ref idref="fl-7"/>
      </object_component>
      <object_component id="oc-38">
         <name>.text</name>
         <load_address>0x3760</load_address>
         <run_address>0x3760</run_address>
         <size>0x7f4</size>
         <input_file_ref idref="fl-34"/>
      </object_component>
      <object_component id="oc-e1">
         <name>.text</name>
         <load_address>0x3f54</load_address>
         <run_address>0x3f54</run_address>
         <size>0x728</size>
         <input_file_ref idref="fl-1b"/>
      </object_component>
      <object_component id="oc-189">
         <name>.text</name>
         <load_address>0x467c</load_address>
         <run_address>0x467c</run_address>
         <size>0x4d4</size>
         <input_file_ref idref="fl-a"/>
      </object_component>
      <object_component id="oc-ed">
         <name>.text</name>
         <load_address>0x4b50</load_address>
         <run_address>0x4b50</run_address>
         <size>0x448</size>
         <input_file_ref idref="fl-e"/>
      </object_component>
      <object_component id="oc-e7">
         <name>.text</name>
         <load_address>0x4f98</load_address>
         <run_address>0x4f98</run_address>
         <size>0x39c</size>
         <input_file_ref idref="fl-22"/>
      </object_component>
      <object_component id="oc-3e">
         <name>.text</name>
         <load_address>0x5334</load_address>
         <run_address>0x5334</run_address>
         <size>0x380</size>
         <input_file_ref idref="fl-2"/>
      </object_component>
      <object_component id="oc-f9">
         <name>.text</name>
         <load_address>0x56b4</load_address>
         <run_address>0x56b4</run_address>
         <size>0x304</size>
         <input_file_ref idref="fl-2a"/>
      </object_component>
      <object_component id="oc-a7">
         <name>.text</name>
         <load_address>0x59b8</load_address>
         <run_address>0x59b8</run_address>
         <size>0x2f8</size>
         <input_file_ref idref="fl-2b"/>
      </object_component>
      <object_component id="oc-f3">
         <name>.text</name>
         <load_address>0x5cb0</load_address>
         <run_address>0x5cb0</run_address>
         <size>0x2a4</size>
         <input_file_ref idref="fl-1e"/>
      </object_component>
      <object_component id="oc-3a6">
         <name>.text:_pconv_a</name>
         <load_address>0x5f54</load_address>
         <run_address>0x5f54</run_address>
         <size>0x270</size>
         <input_file_ref idref="fl-fd"/>
      </object_component>
      <object_component id="oc-173">
         <name>.text</name>
         <load_address>0x61c4</load_address>
         <run_address>0x61c4</run_address>
         <size>0x250</size>
         <input_file_ref idref="fl-d"/>
      </object_component>
      <object_component id="oc-394">
         <name>.text:_pconv_g</name>
         <load_address>0x6414</load_address>
         <run_address>0x6414</run_address>
         <size>0x1d0</size>
         <input_file_ref idref="fl-fd"/>
      </object_component>
      <object_component id="oc-421">
         <name>.text</name>
         <load_address>0x65e4</load_address>
         <run_address>0x65e4</run_address>
         <size>0x1b6</size>
         <input_file_ref idref="fl-ff"/>
      </object_component>
      <object_component id="oc-3a0">
         <name>.text:_pconv_e</name>
         <load_address>0x679c</load_address>
         <run_address>0x679c</run_address>
         <size>0x13c</size>
         <input_file_ref idref="fl-fd"/>
      </object_component>
      <object_component id="oc-407">
         <name>.text</name>
         <load_address>0x68d8</load_address>
         <run_address>0x68d8</run_address>
         <size>0x136</size>
         <input_file_ref idref="fl-101"/>
      </object_component>
      <object_component id="oc-433">
         <name>.text:fcvt</name>
         <load_address>0x6a10</load_address>
         <run_address>0x6a10</run_address>
         <size>0x124</size>
         <input_file_ref idref="fl-fd"/>
      </object_component>
      <object_component id="oc-447">
         <name>.text:scalbn</name>
         <load_address>0x6b34</load_address>
         <run_address>0x6b34</run_address>
         <size>0x110</size>
         <input_file_ref idref="fl-113"/>
      </object_component>
      <object_component id="oc-32">
         <name>.text</name>
         <load_address>0x6c44</load_address>
         <run_address>0x6c44</run_address>
         <size>0x104</size>
         <input_file_ref idref="fl-b"/>
      </object_component>
      <object_component id="oc-104">
         <name>.text</name>
         <load_address>0x6d48</load_address>
         <run_address>0x6d48</run_address>
         <size>0xfc</size>
         <input_file_ref idref="fl-ef"/>
      </object_component>
      <object_component id="oc-2d">
         <name>.text</name>
         <load_address>0x6e44</load_address>
         <run_address>0x6e44</run_address>
         <size>0xda</size>
         <input_file_ref idref="fl-c"/>
      </object_component>
      <object_component id="oc-389">
         <name>.text:_ltostr</name>
         <load_address>0x6f20</load_address>
         <run_address>0x6f20</run_address>
         <size>0xb1</size>
         <input_file_ref idref="fl-fd"/>
      </object_component>
      <object_component id="oc-52">
         <name>.text</name>
         <load_address>0x6fd2</load_address>
         <run_address>0x6fd2</run_address>
         <size>0x9c</size>
         <input_file_ref idref="fl-f2"/>
      </object_component>
      <object_component id="oc-400">
         <name>.text</name>
         <load_address>0x706e</load_address>
         <run_address>0x706e</run_address>
         <size>0x96</size>
         <input_file_ref idref="fl-104"/>
      </object_component>
      <object_component id="oc-161">
         <name>.text</name>
         <load_address>0x7104</load_address>
         <run_address>0x7104</run_address>
         <size>0x94</size>
         <input_file_ref idref="fl-6"/>
      </object_component>
      <object_component id="oc-38f">
         <name>.text:__aeabi_cdcmple</name>
         <load_address>0x7198</load_address>
         <run_address>0x7198</run_address>
         <size>0x86</size>
         <input_file_ref idref="fl-100"/>
      </object_component>
      <object_component id="oc-40c">
         <name>.text:__aeabi_cdrcmple</name>
         <load_address>0x721e</load_address>
         <run_address>0x721e</run_address>
         <size>0x86</size>
         <input_file_ref idref="fl-100"/>
      </object_component>
      <object_component id="oc-13f">
         <name>.text</name>
         <load_address>0x72a4</load_address>
         <run_address>0x72a4</run_address>
         <size>0x7a</size>
         <input_file_ref idref="fl-f4"/>
      </object_component>
      <object_component id="oc-42c">
         <name>.text:_mcpy</name>
         <load_address>0x731e</load_address>
         <run_address>0x731e</run_address>
         <size>0x6e</size>
         <input_file_ref idref="fl-fd"/>
      </object_component>
      <object_component id="oc-15">
         <name>.text:decompress:lzss:__TI_decompress_lzss</name>
         <load_address>0x738c</load_address>
         <run_address>0x738c</run_address>
         <size>0x68</size>
         <input_file_ref idref="fl-f8"/>
      </object_component>
      <object_component id="oc-18f">
         <name>.text</name>
         <load_address>0x73f4</load_address>
         <run_address>0x73f4</run_address>
         <size>0x64</size>
         <input_file_ref idref="fl-31"/>
      </object_component>
      <object_component id="oc-441">
         <name>.text:frexp</name>
         <load_address>0x7458</load_address>
         <run_address>0x7458</run_address>
         <size>0x64</size>
         <input_file_ref idref="fl-112"/>
      </object_component>
      <object_component id="oc-39a">
         <name>.text:_pconv_f</name>
         <load_address>0x74bc</load_address>
         <run_address>0x74bc</run_address>
         <size>0x56</size>
         <input_file_ref idref="fl-fd"/>
      </object_component>
      <object_component id="oc-416">
         <name>.text:__TI_ltoa</name>
         <load_address>0x7512</load_address>
         <run_address>0x7512</run_address>
         <size>0x54</size>
         <input_file_ref idref="fl-10a"/>
      </object_component>
      <object_component id="oc-426">
         <name>.text:_ecpy</name>
         <load_address>0x7566</load_address>
         <run_address>0x7566</run_address>
         <size>0x52</size>
         <input_file_ref idref="fl-fd"/>
      </object_component>
      <object_component id="oc-383">
         <name>.text:atoi</name>
         <load_address>0x75b8</load_address>
         <run_address>0x75b8</run_address>
         <size>0x4c</size>
         <input_file_ref idref="fl-10c"/>
      </object_component>
      <object_component id="oc-411">
         <name>.text</name>
         <load_address>0x7604</load_address>
         <run_address>0x7604</run_address>
         <size>0x48</size>
         <input_file_ref idref="fl-102"/>
      </object_component>
      <object_component id="oc-269">
         <name>.text:__TI_auto_init_nobinit_nopinit:__TI_auto_init_nobinit_nopinit</name>
         <load_address>0x764c</load_address>
         <run_address>0x764c</run_address>
         <size>0x44</size>
         <input_file_ref idref="fl-105"/>
      </object_component>
      <object_component id="oc-109">
         <name>.text</name>
         <load_address>0x7690</load_address>
         <run_address>0x7690</run_address>
         <size>0x44</size>
         <input_file_ref idref="fl-f0"/>
      </object_component>
      <object_component id="oc-ad">
         <name>.text</name>
         <load_address>0x76d4</load_address>
         <run_address>0x76d4</run_address>
         <size>0x40</size>
         <input_file_ref idref="fl-f5"/>
      </object_component>
      <object_component id="oc-1a4">
         <name>.text:sprintf</name>
         <load_address>0x7714</load_address>
         <run_address>0x7714</run_address>
         <size>0x40</size>
         <input_file_ref idref="fl-ee"/>
      </object_component>
      <object_component id="oc-439">
         <name>.text:_fcpy</name>
         <load_address>0x7754</load_address>
         <run_address>0x7754</run_address>
         <size>0x3e</size>
         <input_file_ref idref="fl-fd"/>
      </object_component>
      <object_component id="oc-1aa">
         <name>.text</name>
         <load_address>0x7792</load_address>
         <run_address>0x7792</run_address>
         <size>0x36</size>
         <input_file_ref idref="fl-12"/>
      </object_component>
      <object_component id="oc-70">
         <name>.text:_c_int00_noargs:_c_int00_noargs</name>
         <load_address>0x77c8</load_address>
         <run_address>0x77c8</run_address>
         <size>0x34</size>
         <input_file_ref idref="fl-fc"/>
      </object_component>
      <object_component id="oc-41c">
         <name>.text</name>
         <load_address>0x77fc</load_address>
         <run_address>0x77fc</run_address>
         <size>0x2e</size>
         <input_file_ref idref="fl-103"/>
      </object_component>
      <object_component id="oc-179">
         <name>.text:GetOverflowCounts</name>
         <load_address>0x782c</load_address>
         <run_address>0x782c</run_address>
         <size>0x24</size>
         <input_file_ref idref="fl-31"/>
      </object_component>
      <object_component id="oc-ff">
         <name>.text</name>
         <load_address>0x7850</load_address>
         <run_address>0x7850</run_address>
         <size>0x20</size>
         <input_file_ref idref="fl-f3"/>
      </object_component>
      <object_component id="oc-3ac">
         <name>.text:memccpy</name>
         <load_address>0x7870</load_address>
         <run_address>0x7870</run_address>
         <size>0x1c</size>
         <input_file_ref idref="fl-10e"/>
      </object_component>
      <object_component id="oc-49a">
         <name>.text:copysign</name>
         <load_address>0x788c</load_address>
         <run_address>0x788c</run_address>
         <size>0x1a</size>
         <input_file_ref idref="fl-114"/>
      </object_component>
      <object_component id="oc-2f1">
         <name>.text:_outs</name>
         <load_address>0x78a6</load_address>
         <run_address>0x78a6</run_address>
         <size>0x18</size>
         <input_file_ref idref="fl-ee"/>
      </object_component>
      <object_component id="oc-44d">
         <name>.text:strchr</name>
         <load_address>0x78be</load_address>
         <run_address>0x78be</run_address>
         <size>0x16</size>
         <input_file_ref idref="fl-10f"/>
      </object_component>
      <object_component id="oc-198">
         <name>.text:strcpy</name>
         <load_address>0x78d4</load_address>
         <run_address>0x78d4</run_address>
         <size>0x14</size>
         <input_file_ref idref="fl-fa"/>
      </object_component>
      <object_component id="oc-19e">
         <name>.text:strlen</name>
         <load_address>0x78e8</load_address>
         <run_address>0x78e8</run_address>
         <size>0x14</size>
         <input_file_ref idref="fl-fb"/>
      </object_component>
      <object_component id="oc-3b2">
         <name>.text:wcslen</name>
         <load_address>0x78fc</load_address>
         <run_address>0x78fc</run_address>
         <size>0x12</size>
         <input_file_ref idref="fl-111"/>
      </object_component>
      <object_component id="oc-1b">
         <name>.text:decompress:none:__TI_decompress_none</name>
         <load_address>0x790e</load_address>
         <run_address>0x790e</run_address>
         <size>0xe</size>
         <input_file_ref idref="fl-f7"/>
      </object_component>
      <object_component id="oc-64">
         <name>.text:decompress:ZI:__TI_zero_init</name>
         <load_address>0x791c</load_address>
         <run_address>0x791c</run_address>
         <size>0xc</size>
         <input_file_ref idref="fl-f6"/>
      </object_component>
      <object_component id="oc-27">
         <name>.text</name>
         <load_address>0x7928</load_address>
         <run_address>0x7928</run_address>
         <size>0xc</size>
         <input_file_ref idref="fl-3"/>
      </object_component>
      <object_component id="oc-2f7">
         <name>.text:_outc</name>
         <load_address>0x7934</load_address>
         <run_address>0x7934</run_address>
         <size>0xa</size>
         <input_file_ref idref="fl-ee"/>
      </object_component>
      <object_component id="oc-3b8">
         <name>.text:__aeabi_errno_addr</name>
         <load_address>0x7940</load_address>
         <run_address>0x7940</run_address>
         <size>0x8</size>
         <input_file_ref idref="fl-110"/>
      </object_component>
      <object_component id="oc-205">
         <name>.text:SysCtlDelay</name>
         <load_address>0x7948</load_address>
         <run_address>0x7948</run_address>
         <size>0x6</size>
         <input_file_ref idref="fl-27"/>
      </object_component>
      <object_component id="oc-145">
         <name>.text:_system_pre_init</name>
         <load_address>0x794e</load_address>
         <run_address>0x794e</run_address>
         <size>0x4</size>
         <input_file_ref idref="fl-106"/>
      </object_component>
      <object_component id="oc-25d">
         <name>.text:abort:abort</name>
         <load_address>0x7952</load_address>
         <run_address>0x7952</run_address>
         <size>0x4</size>
         <input_file_ref idref="fl-108"/>
      </object_component>
      <object_component id="oc-20c">
         <name>.const:g_pppui32XTALtoVCO</name>
         <load_address>0x7958</load_address>
         <run_address>0x7958</run_address>
         <size>0x1b0</size>
         <input_file_ref idref="fl-27"/>
      </object_component>
      <object_component id="oc-3fb">
         <name>.const:.string:_ctypes_</name>
         <load_address>0x7b08</load_address>
         <run_address>0x7b08</run_address>
         <size>0x101</size>
         <input_file_ref idref="fl-10d"/>
      </object_component>
      <object_component id="oc-217">
         <name>.const:g_ppui32GPIOIntMapSnowflake</name>
         <load_address>0x7c0c</load_address>
         <run_address>0x7c0c</run_address>
         <size>0xd8</size>
         <input_file_ref idref="fl-1b"/>
      </object_component>
      <object_component id="oc-214">
         <name>.const:g_ppui32GPIOIntMapBlizzard</name>
         <load_address>0x7ce4</load_address>
         <run_address>0x7ce4</run_address>
         <size>0xc0</size>
         <input_file_ref idref="fl-1b"/>
      </object_component>
      <object_component id="oc-226">
         <name>.const:g_pui32Regs</name>
         <load_address>0x7da4</load_address>
         <run_address>0x7da4</run_address>
         <size>0x9c</size>
         <input_file_ref idref="fl-1e"/>
      </object_component>
      <object_component id="oc-211">
         <name>.const:g_pui32GPIOBaseAddrs</name>
         <load_address>0x7e40</load_address>
         <run_address>0x7e40</run_address>
         <size>0x90</size>
         <input_file_ref idref="fl-1b"/>
      </object_component>
      <object_component id="oc-202">
         <name>.const:g_pui32Xtals</name>
         <load_address>0x7ed0</load_address>
         <run_address>0x7ed0</run_address>
         <size>0x6c</size>
         <input_file_ref idref="fl-27"/>
      </object_component>
      <object_component id="oc-23a">
         <name>.const:g_ppui32TimerIntMap</name>
         <load_address>0x7f3c</load_address>
         <run_address>0x7f3c</run_address>
         <size>0x60</size>
         <input_file_ref idref="fl-2a"/>
      </object_component>
      <object_component id="oc-23d">
         <name>.const:g_ppui32TimerIntMapSnowflake</name>
         <load_address>0x7f9c</load_address>
         <run_address>0x7f9c</run_address>
         <size>0x40</size>
         <input_file_ref idref="fl-2a"/>
      </object_component>
      <object_component id="oc-1d2">
         <name>.const:g_ppui32UARTIntMap</name>
         <load_address>0x7fdc</load_address>
         <run_address>0x7fdc</run_address>
         <size>0x40</size>
         <input_file_ref idref="fl-2b"/>
      </object_component>
      <object_component id="oc-1d5">
         <name>.const:g_ppui32UARTIntMapSnowflake</name>
         <load_address>0x801c</load_address>
         <run_address>0x801c</run_address>
         <size>0x40</size>
         <input_file_ref idref="fl-2b"/>
      </object_component>
      <object_component id="oc-206">
         <name>.const:g_sXTALtoMEMTIM</name>
         <load_address>0x805c</load_address>
         <run_address>0x805c</run_address>
         <size>0x30</size>
         <input_file_ref idref="fl-27"/>
      </object_component>
      <object_component id="oc-229">
         <name>.const:g_pui32Priority</name>
         <load_address>0x808c</load_address>
         <run_address>0x808c</run_address>
         <size>0x20</size>
         <input_file_ref idref="fl-1e"/>
      </object_component>
      <object_component id="oc-235">
         <name>.const:g_pui32Dii16Regs</name>
         <load_address>0x80ac</load_address>
         <run_address>0x80ac</run_address>
         <size>0x14</size>
         <input_file_ref idref="fl-1e"/>
      </object_component>
      <object_component id="oc-232">
         <name>.const:g_pui32EnRegs</name>
         <load_address>0x80c0</load_address>
         <run_address>0x80c0</run_address>
         <size>0x14</size>
         <input_file_ref idref="fl-1e"/>
      </object_component>
      <object_component id="oc-22c">
         <name>.const:g_pui32PendRegs</name>
         <load_address>0x80d4</load_address>
         <run_address>0x80d4</run_address>
         <size>0x14</size>
         <input_file_ref idref="fl-1e"/>
      </object_component>
      <object_component id="oc-22f">
         <name>.const:g_pui32UnpendRegs</name>
         <load_address>0x80e8</load_address>
         <run_address>0x80e8</run_address>
         <size>0x14</size>
         <input_file_ref idref="fl-1e"/>
      </object_component>
      <object_component id="oc-1ee">
         <name>.const:.string</name>
         <load_address>0x80fc</load_address>
         <run_address>0x80fc</run_address>
         <size>0x12</size>
         <input_file_ref idref="fl-34"/>
      </object_component>
      <object_component id="oc-10e">
         <name>.const:$P$T0$1</name>
         <load_address>0x8110</load_address>
         <run_address>0x8110</run_address>
         <size>0xc</size>
         <input_file_ref idref="fl-2"/>
      </object_component>
      <object_component id="oc-111">
         <name>.const:$P$T1$2</name>
         <load_address>0x811c</load_address>
         <run_address>0x811c</run_address>
         <size>0xc</size>
         <input_file_ref idref="fl-2"/>
      </object_component>
      <object_component id="oc-c1">
         <name>.const:g_ui32UARTBase</name>
         <load_address>0x8128</load_address>
         <run_address>0x8128</run_address>
         <size>0xc</size>
         <input_file_ref idref="fl-34"/>
      </object_component>
      <object_component id="oc-c7">
         <name>.const:g_ui32UARTInt</name>
         <load_address>0x8134</load_address>
         <run_address>0x8134</run_address>
         <size>0xc</size>
         <input_file_ref idref="fl-34"/>
      </object_component>
      <object_component id="oc-c4">
         <name>.const:g_ui32UARTPeriph</name>
         <load_address>0x8140</load_address>
         <run_address>0x8140</run_address>
         <size>0xc</size>
         <input_file_ref idref="fl-34"/>
      </object_component>
      <object_component id="oc-209">
         <name>.const:g_pui32VCOFrequencies</name>
         <load_address>0x814c</load_address>
         <run_address>0x814c</run_address>
         <size>0x8</size>
         <input_file_ref idref="fl-27"/>
      </object_component>
      <object_component id="oc-88">
         <name>.const</name>
         <load_address>0x8154</load_address>
         <run_address>0x8154</run_address>
         <size>0x4</size>
         <input_file_ref idref="fl-b"/>
      </object_component>
      <object_component id="oc-195">
         <name>.const</name>
         <load_address>0x8158</load_address>
         <run_address>0x8158</run_address>
         <size>0x4</size>
         <input_file_ref idref="fl-9"/>
      </object_component>
      <object_component id="oc-b8">
         <name>.const</name>
         <load_address>0x815c</load_address>
         <run_address>0x815c</run_address>
         <size>0x4</size>
         <input_file_ref idref="fl-34"/>
      </object_component>
      <object_component id="oc-4f2">
         <name>.cinit..data.load</name>
         <load_address>0x8160</load_address>
         <run_address>0x8160</run_address>
         <size>0x15</size>
      </object_component>
      <object_component id="oc-4ef">
         <name>__TI_handler_table</name>
         <load_address>0x8178</load_address>
         <run_address>0x8178</run_address>
         <size>0xc</size>
      </object_component>
      <object_component id="oc-4f3">
         <name>.cinit..bss.load</name>
         <load_address>0x8188</load_address>
         <run_address>0x8188</run_address>
         <size>0x8</size>
      </object_component>
      <object_component id="oc-4f1">
         <name>.cinit..vtable.load</name>
         <load_address>0x8190</load_address>
         <run_address>0x8190</run_address>
         <size>0x8</size>
      </object_component>
      <object_component id="oc-4f0">
         <name>__TI_cinit_table</name>
         <load_address>0x8198</load_address>
         <run_address>0x8198</run_address>
         <size>0x18</size>
      </object_component>
      <object_component id="oc-223">
         <name>.vtable</name>
         <uninitialized>true</uninitialized>
         <run_address>0x20000000</run_address>
         <size>0x26c</size>
         <input_file_ref idref="fl-1e"/>
      </object_component>
      <object_component id="oc-85">
         <name>.data</name>
         <load_address>0x20005ee0</load_address>
         <run_address>0x20005ee0</run_address>
         <size>0x3c</size>
         <input_file_ref idref="fl-9"/>
      </object_component>
      <object_component id="oc-2cc">
         <name>.data</name>
         <load_address>0x20005f30</load_address>
         <run_address>0x20005f30</run_address>
         <size>0xc</size>
         <input_file_ref idref="fl-a"/>
      </object_component>
      <object_component id="oc-92">
         <name>.data</name>
         <load_address>0x20005f48</load_address>
         <run_address>0x20005f48</run_address>
         <size>0x4</size>
         <input_file_ref idref="fl-b"/>
      </object_component>
      <object_component id="oc-2bb">
         <name>.data</name>
         <load_address>0x20005f1c</load_address>
         <run_address>0x20005f1c</run_address>
         <size>0x14</size>
         <input_file_ref idref="fl-d"/>
      </object_component>
      <object_component id="oc-b2">
         <name>.data</name>
         <load_address>0x20005f3c</load_address>
         <run_address>0x20005f3c</run_address>
         <size>0xc</size>
         <input_file_ref idref="fl-34"/>
      </object_component>
      <object_component id="oc-45d">
         <name>.data</name>
         <load_address>0x20005f4c</load_address>
         <run_address>0x20005f4c</run_address>
         <size>0x4</size>
         <input_file_ref idref="fl-110"/>
      </object_component>
      <object_component id="oc-114">
         <name>.bss</name>
         <uninitialized>true</uninitialized>
         <run_address>0x200056d8</run_address>
         <size>0x4</size>
         <input_file_ref idref="fl-2"/>
      </object_component>
      <object_component id="oc-16d">
         <name>.bss:pxReadyTasksLists</name>
         <uninitialized>true</uninitialized>
         <run_address>0x2000546c</run_address>
         <size>0x140</size>
         <input_file_ref idref="fl-9"/>
      </object_component>
      <object_component id="oc-180">
         <name>.bss:xDelayedTaskList1</name>
         <uninitialized>true</uninitialized>
         <run_address>0x20005644</run_address>
         <size>0x14</size>
         <input_file_ref idref="fl-9"/>
      </object_component>
      <object_component id="oc-183">
         <name>.bss:xDelayedTaskList2</name>
         <uninitialized>true</uninitialized>
         <run_address>0x20005658</run_address>
         <size>0x14</size>
         <input_file_ref idref="fl-9"/>
      </object_component>
      <object_component id="oc-170">
         <name>.bss</name>
         <uninitialized>true</uninitialized>
         <run_address>0x200056c0</run_address>
         <size>0x8</size>
         <input_file_ref idref="fl-9"/>
      </object_component>
      <object_component id="oc-16a">
         <name>.bss:xPendingReadyList</name>
         <uninitialized>true</uninitialized>
         <run_address>0x2000566c</run_address>
         <size>0x14</size>
         <input_file_ref idref="fl-9"/>
      </object_component>
      <object_component id="oc-186">
         <name>.bss:xTasksWaitingTermination</name>
         <uninitialized>true</uninitialized>
         <run_address>0x20005694</run_address>
         <size>0x14</size>
         <input_file_ref idref="fl-9"/>
      </object_component>
      <object_component id="oc-167">
         <name>.bss:xSuspendedTaskList</name>
         <uninitialized>true</uninitialized>
         <run_address>0x20005680</run_address>
         <size>0x14</size>
         <input_file_ref idref="fl-9"/>
      </object_component>
      <object_component id="oc-2cf">
         <name>.bss:xActiveTimerList1</name>
         <uninitialized>true</uninitialized>
         <run_address>0x2000561c</run_address>
         <size>0x14</size>
         <input_file_ref idref="fl-a"/>
      </object_component>
      <object_component id="oc-2d2">
         <name>.bss:xActiveTimerList2</name>
         <uninitialized>true</uninitialized>
         <run_address>0x20005630</run_address>
         <size>0x14</size>
         <input_file_ref idref="fl-a"/>
      </object_component>
      <object_component id="oc-2d5">
         <name>.bss</name>
         <uninitialized>true</uninitialized>
         <run_address>0x200056c8</run_address>
         <size>0x8</size>
         <input_file_ref idref="fl-a"/>
      </object_component>
      <object_component id="oc-2c1">
         <name>.bss:ucHeap</name>
         <uninitialized>true</uninitialized>
         <run_address>0x2000026c</run_address>
         <size>0x5000</size>
         <input_file_ref idref="fl-d"/>
      </object_component>
      <object_component id="oc-2be">
         <name>.bss:xStart</name>
         <uninitialized>true</uninitialized>
         <run_address>0x200056d0</run_address>
         <size>0x8</size>
         <input_file_ref idref="fl-d"/>
      </object_component>
      <object_component id="oc-21e">
         <name>.bss:g_pui8OversampleFactor</name>
         <uninitialized>true</uninitialized>
         <run_address>0x200056b8</run_address>
         <size>0x8</size>
         <input_file_ref idref="fl-e"/>
      </object_component>
      <object_component id="oc-b5">
         <name>.bss</name>
         <uninitialized>true</uninitialized>
         <run_address>0x200056a8</run_address>
         <size>0x10</size>
         <input_file_ref idref="fl-34"/>
      </object_component>
      <object_component id="oc-bb">
         <name>.bss:g_pcUARTRxHistoryBuffer</name>
         <uninitialized>true</uninitialized>
         <run_address>0x2000526c</run_address>
         <size>0x200</size>
         <input_file_ref idref="fl-34"/>
      </object_component>
      <object_component id="oc-be">
         <name>.bss:g_usUARTRxHistoryOffset</name>
         <uninitialized>true</uninitialized>
         <run_address>0x200055fc</run_address>
         <size>0x20</size>
         <input_file_ref idref="fl-34"/>
      </object_component>
      <object_component id="oc-1c9">
         <name>.common:xQueueRegistry</name>
         <uninitialized>true</uninitialized>
         <run_address>0x200055ac</run_address>
         <size>0x50</size>
      </object_component>
      <object_component id="oc-24">
         <name>.stack</name>
         <uninitialized>true</uninitialized>
         <run_address>0x200056e0</run_address>
         <size>0x4</size>
         <input_file_ref idref="fl-fc"/>
      </object_component>
      <object_component id="oc-4f5">
         <name>.stack</name>
         <uninitialized>true</uninitialized>
         <run_address>0x200056e0</run_address>
         <size>0x0</size>
      </object_component>
      <object_component id="oc-11d">
         <name>.debug_info</name>
         <load_address>0x0</load_address>
         <run_address>0x0</run_address>
         <size>0xbba</size>
         <input_file_ref idref="fl-2"/>
      </object_component>
      <object_component id="oc-115">
         <name>.debug_info</name>
         <load_address>0xbba</load_address>
         <run_address>0xbba</run_address>
         <size>0xd8</size>
         <input_file_ref idref="fl-2"/>
      </object_component>
      <object_component id="oc-10f">
         <name>.debug_info</name>
         <load_address>0xc92</load_address>
         <run_address>0xc92</run_address>
         <size>0xd6</size>
         <input_file_ref idref="fl-2"/>
      </object_component>
      <object_component id="oc-112">
         <name>.debug_info</name>
         <load_address>0xd68</load_address>
         <run_address>0xd68</run_address>
         <size>0xd6</size>
         <input_file_ref idref="fl-2"/>
      </object_component>
      <object_component id="oc-40">
         <name>.debug_info</name>
         <load_address>0xe3e</load_address>
         <run_address>0xe3e</run_address>
         <size>0x915</size>
         <input_file_ref idref="fl-2"/>
      </object_component>
      <object_component id="oc-118">
         <name>.debug_info</name>
         <load_address>0x1753</load_address>
         <run_address>0x1753</run_address>
         <size>0x315</size>
         <input_file_ref idref="fl-2"/>
      </object_component>
      <object_component id="oc-11e">
         <name>.debug_info</name>
         <load_address>0x1a68</load_address>
         <run_address>0x1a68</run_address>
         <size>0x165</size>
         <input_file_ref idref="fl-2"/>
      </object_component>
      <object_component id="oc-125">
         <name>.debug_info</name>
         <load_address>0x1bcd</load_address>
         <run_address>0x1bcd</run_address>
         <size>0x26b</size>
         <input_file_ref idref="fl-2"/>
      </object_component>
      <object_component id="oc-1c4">
         <name>.debug_info</name>
         <load_address>0x1e38</load_address>
         <run_address>0x1e38</run_address>
         <size>0x461</size>
         <input_file_ref idref="fl-2"/>
      </object_component>
      <object_component id="oc-1e9">
         <name>.debug_info</name>
         <load_address>0x2299</load_address>
         <run_address>0x2299</run_address>
         <size>0x4f</size>
         <input_file_ref idref="fl-2"/>
      </object_component>
      <object_component id="oc-d0">
         <name>.debug_info</name>
         <load_address>0x22e8</load_address>
         <run_address>0x22e8</run_address>
         <size>0x8b</size>
         <input_file_ref idref="fl-2"/>
      </object_component>
      <object_component id="oc-97">
         <name>.debug_info</name>
         <load_address>0x2373</load_address>
         <run_address>0x2373</run_address>
         <size>0x2c</size>
         <input_file_ref idref="fl-2"/>
      </object_component>
      <object_component id="oc-1fb">
         <name>.debug_info</name>
         <load_address>0x239f</load_address>
         <run_address>0x239f</run_address>
         <size>0x2a4</size>
         <input_file_ref idref="fl-2"/>
      </object_component>
      <object_component id="oc-1d9">
         <name>.debug_info</name>
         <load_address>0x2643</load_address>
         <run_address>0x2643</run_address>
         <size>0xef</size>
         <input_file_ref idref="fl-2"/>
      </object_component>
      <object_component id="oc-cb">
         <name>.debug_info</name>
         <load_address>0x2732</load_address>
         <run_address>0x2732</run_address>
         <size>0xbb</size>
         <input_file_ref idref="fl-2"/>
      </object_component>
      <object_component id="oc-1ba">
         <name>.debug_info</name>
         <load_address>0x27ed</load_address>
         <run_address>0x27ed</run_address>
         <size>0x53</size>
         <input_file_ref idref="fl-2"/>
      </object_component>
      <object_component id="oc-9c">
         <name>.debug_info</name>
         <load_address>0x2840</load_address>
         <run_address>0x2840</run_address>
         <size>0x53</size>
         <input_file_ref idref="fl-2"/>
      </object_component>
      <object_component id="oc-d6">
         <name>.debug_info</name>
         <load_address>0x2893</load_address>
         <run_address>0x2893</run_address>
         <size>0x2c</size>
         <input_file_ref idref="fl-2"/>
      </object_component>
      <object_component id="oc-1bf">
         <name>.debug_info</name>
         <load_address>0x28bf</load_address>
         <run_address>0x28bf</run_address>
         <size>0x14c</size>
         <input_file_ref idref="fl-2"/>
      </object_component>
      <object_component id="oc-46">
         <name>.debug_info</name>
         <load_address>0x2a0b</load_address>
         <run_address>0x2a0b</run_address>
         <size>0x379</size>
         <input_file_ref idref="fl-3"/>
      </object_component>
      <object_component id="oc-13">
         <name>.debug_info</name>
         <load_address>0x2d84</load_address>
         <run_address>0x2d84</run_address>
         <size>0xe8</size>
         <input_file_ref idref="fl-3"/>
      </object_component>
      <object_component id="oc-2b">
         <name>.debug_info</name>
         <load_address>0x2e6c</load_address>
         <run_address>0x2e6c</run_address>
         <size>0x1fc</size>
         <input_file_ref idref="fl-3"/>
      </object_component>
      <object_component id="oc-4d">
         <name>.debug_info</name>
         <load_address>0x3068</load_address>
         <run_address>0x3068</run_address>
         <size>0x84</size>
         <input_file_ref idref="fl-3"/>
      </object_component>
      <object_component id="oc-300">
         <name>.debug_info</name>
         <load_address>0x30ec</load_address>
         <run_address>0x30ec</run_address>
         <size>0x6f9</size>
         <input_file_ref idref="fl-5"/>
      </object_component>
      <object_component id="oc-1b1">
         <name>.debug_info</name>
         <load_address>0x37e5</load_address>
         <run_address>0x37e5</run_address>
         <size>0x110</size>
         <input_file_ref idref="fl-5"/>
      </object_component>
      <object_component id="oc-2ac">
         <name>.debug_info</name>
         <load_address>0x38f5</load_address>
         <run_address>0x38f5</run_address>
         <size>0x461</size>
         <input_file_ref idref="fl-5"/>
      </object_component>
      <object_component id="oc-3d0">
         <name>.debug_info</name>
         <load_address>0x3d56</load_address>
         <run_address>0x3d56</run_address>
         <size>0x76</size>
         <input_file_ref idref="fl-5"/>
      </object_component>
      <object_component id="oc-3d5">
         <name>.debug_info</name>
         <load_address>0x3dcc</load_address>
         <run_address>0x3dcc</run_address>
         <size>0x39</size>
         <input_file_ref idref="fl-5"/>
      </object_component>
      <object_component id="oc-370">
         <name>.debug_info</name>
         <load_address>0x3e05</load_address>
         <run_address>0x3e05</run_address>
         <size>0x109</size>
         <input_file_ref idref="fl-5"/>
      </object_component>
      <object_component id="oc-29d">
         <name>.debug_info</name>
         <load_address>0x3f0e</load_address>
         <run_address>0x3f0e</run_address>
         <size>0x4f</size>
         <input_file_ref idref="fl-5"/>
      </object_component>
      <object_component id="oc-2b2">
         <name>.debug_info</name>
         <load_address>0x3f5d</load_address>
         <run_address>0x3f5d</run_address>
         <size>0x38e</size>
         <input_file_ref idref="fl-6"/>
      </object_component>
      <object_component id="oc-162">
         <name>.debug_info</name>
         <load_address>0x42eb</load_address>
         <run_address>0x42eb</run_address>
         <size>0x4f3</size>
         <input_file_ref idref="fl-6"/>
      </object_component>
      <object_component id="oc-1ca">
         <name>.debug_info</name>
         <load_address>0x47de</load_address>
         <run_address>0x47de</run_address>
         <size>0x7c1</size>
         <input_file_ref idref="fl-7"/>
      </object_component>
      <object_component id="oc-a3">
         <name>.debug_info</name>
         <load_address>0x4f9f</load_address>
         <run_address>0x4f9f</run_address>
         <size>0x2e50</size>
         <input_file_ref idref="fl-7"/>
      </object_component>
      <object_component id="oc-303">
         <name>.debug_info</name>
         <load_address>0x7def</load_address>
         <run_address>0x7def</run_address>
         <size>0x23f</size>
         <input_file_ref idref="fl-7"/>
      </object_component>
      <object_component id="oc-1cd">
         <name>.debug_info</name>
         <load_address>0x802e</load_address>
         <run_address>0x802e</run_address>
         <size>0x46</size>
         <input_file_ref idref="fl-7"/>
      </object_component>
      <object_component id="oc-2a2">
         <name>.debug_info</name>
         <load_address>0x8074</load_address>
         <run_address>0x8074</run_address>
         <size>0x35</size>
         <input_file_ref idref="fl-7"/>
      </object_component>
      <object_component id="oc-254">
         <name>.debug_info</name>
         <load_address>0x80a9</load_address>
         <run_address>0x80a9</run_address>
         <size>0x2c</size>
         <input_file_ref idref="fl-8"/>
      </object_component>
      <object_component id="oc-159">
         <name>.debug_info</name>
         <load_address>0x80d5</load_address>
         <run_address>0x80d5</run_address>
         <size>0x97d</size>
         <input_file_ref idref="fl-9"/>
      </object_component>
      <object_component id="oc-86">
         <name>.debug_info</name>
         <load_address>0x8a52</load_address>
         <run_address>0x8a52</run_address>
         <size>0x3b9</size>
         <input_file_ref idref="fl-9"/>
      </object_component>
      <object_component id="oc-16e">
         <name>.debug_info</name>
         <load_address>0x8e0b</load_address>
         <run_address>0x8e0b</run_address>
         <size>0xfc</size>
         <input_file_ref idref="fl-9"/>
      </object_component>
      <object_component id="oc-181">
         <name>.debug_info</name>
         <load_address>0x8f07</load_address>
         <run_address>0x8f07</run_address>
         <size>0xfc</size>
         <input_file_ref idref="fl-9"/>
      </object_component>
      <object_component id="oc-184">
         <name>.debug_info</name>
         <load_address>0x9003</load_address>
         <run_address>0x9003</run_address>
         <size>0xfc</size>
         <input_file_ref idref="fl-9"/>
      </object_component>
      <object_component id="oc-171">
         <name>.debug_info</name>
         <load_address>0x90ff</load_address>
         <run_address>0x90ff</run_address>
         <size>0x13f</size>
         <input_file_ref idref="fl-9"/>
      </object_component>
      <object_component id="oc-16b">
         <name>.debug_info</name>
         <load_address>0x923e</load_address>
         <run_address>0x923e</run_address>
         <size>0xfc</size>
         <input_file_ref idref="fl-9"/>
      </object_component>
      <object_component id="oc-187">
         <name>.debug_info</name>
         <load_address>0x933a</load_address>
         <run_address>0x933a</run_address>
         <size>0x10a</size>
         <input_file_ref idref="fl-9"/>
      </object_component>
      <object_component id="oc-168">
         <name>.debug_info</name>
         <load_address>0x9444</load_address>
         <run_address>0x9444</run_address>
         <size>0xfe</size>
         <input_file_ref idref="fl-9"/>
      </object_component>
      <object_component id="oc-196">
         <name>.debug_info</name>
         <load_address>0x9542</load_address>
         <run_address>0x9542</run_address>
         <size>0xfd</size>
         <input_file_ref idref="fl-9"/>
      </object_component>
      <object_component id="oc-8e">
         <name>.debug_info</name>
         <load_address>0x963f</load_address>
         <run_address>0x963f</run_address>
         <size>0x5123</size>
         <input_file_ref idref="fl-9"/>
      </object_component>
      <object_component id="oc-15a">
         <name>.debug_info</name>
         <load_address>0xe762</load_address>
         <run_address>0xe762</run_address>
         <size>0x30c</size>
         <input_file_ref idref="fl-9"/>
      </object_component>
      <object_component id="oc-2a7">
         <name>.debug_info</name>
         <load_address>0xea6e</load_address>
         <run_address>0xea6e</run_address>
         <size>0x130</size>
         <input_file_ref idref="fl-9"/>
      </object_component>
      <object_component id="oc-2de">
         <name>.debug_info</name>
         <load_address>0xeb9e</load_address>
         <run_address>0xeb9e</run_address>
         <size>0x878</size>
         <input_file_ref idref="fl-a"/>
      </object_component>
      <object_component id="oc-2d0">
         <name>.debug_info</name>
         <load_address>0xf416</load_address>
         <run_address>0xf416</run_address>
         <size>0xfc</size>
         <input_file_ref idref="fl-a"/>
      </object_component>
      <object_component id="oc-2d3">
         <name>.debug_info</name>
         <load_address>0xf512</load_address>
         <run_address>0xf512</run_address>
         <size>0xfc</size>
         <input_file_ref idref="fl-a"/>
      </object_component>
      <object_component id="oc-2d6">
         <name>.debug_info</name>
         <load_address>0xf60e</load_address>
         <run_address>0xf60e</run_address>
         <size>0x134</size>
         <input_file_ref idref="fl-a"/>
      </object_component>
      <object_component id="oc-2cd">
         <name>.debug_info</name>
         <load_address>0xf742</load_address>
         <run_address>0xf742</run_address>
         <size>0x120</size>
         <input_file_ref idref="fl-a"/>
      </object_component>
      <object_component id="oc-18c">
         <name>.debug_info</name>
         <load_address>0xf862</load_address>
         <run_address>0xf862</run_address>
         <size>0x2450</size>
         <input_file_ref idref="fl-a"/>
      </object_component>
      <object_component id="oc-2df">
         <name>.debug_info</name>
         <load_address>0x11cb2</load_address>
         <run_address>0x11cb2</run_address>
         <size>0x1e2</size>
         <input_file_ref idref="fl-a"/>
      </object_component>
      <object_component id="oc-2d9">
         <name>.debug_info</name>
         <load_address>0x11e94</load_address>
         <run_address>0x11e94</run_address>
         <size>0x46</size>
         <input_file_ref idref="fl-a"/>
      </object_component>
      <object_component id="oc-96">
         <name>.debug_info</name>
         <load_address>0x11eda</load_address>
         <run_address>0x11eda</run_address>
         <size>0x465</size>
         <input_file_ref idref="fl-b"/>
      </object_component>
      <object_component id="oc-89">
         <name>.debug_info</name>
         <load_address>0x1233f</load_address>
         <run_address>0x1233f</run_address>
         <size>0x129</size>
         <input_file_ref idref="fl-b"/>
      </object_component>
      <object_component id="oc-93">
         <name>.debug_info</name>
         <load_address>0x12468</load_address>
         <run_address>0x12468</run_address>
         <size>0x110</size>
         <input_file_ref idref="fl-b"/>
      </object_component>
      <object_component id="oc-33">
         <name>.debug_info</name>
         <load_address>0x12578</load_address>
         <run_address>0x12578</run_address>
         <size>0x734</size>
         <input_file_ref idref="fl-b"/>
      </object_component>
      <object_component id="oc-30">
         <name>.debug_info</name>
         <load_address>0x12cac</load_address>
         <run_address>0x12cac</run_address>
         <size>0x25e</size>
         <input_file_ref idref="fl-c"/>
      </object_component>
      <object_component id="oc-2c5">
         <name>.debug_info</name>
         <load_address>0x12f0a</load_address>
         <run_address>0x12f0a</run_address>
         <size>0x4c1</size>
         <input_file_ref idref="fl-d"/>
      </object_component>
      <object_component id="oc-2c2">
         <name>.debug_info</name>
         <load_address>0x133cb</load_address>
         <run_address>0x133cb</run_address>
         <size>0xf7</size>
         <input_file_ref idref="fl-d"/>
      </object_component>
      <object_component id="oc-2bf">
         <name>.debug_info</name>
         <load_address>0x134c2</load_address>
         <run_address>0x134c2</run_address>
         <size>0xf7</size>
         <input_file_ref idref="fl-d"/>
      </object_component>
      <object_component id="oc-2bc">
         <name>.debug_info</name>
         <load_address>0x135b9</load_address>
         <run_address>0x135b9</run_address>
         <size>0x203</size>
         <input_file_ref idref="fl-d"/>
      </object_component>
      <object_component id="oc-176">
         <name>.debug_info</name>
         <load_address>0x137bc</load_address>
         <run_address>0x137bc</run_address>
         <size>0xad9</size>
         <input_file_ref idref="fl-d"/>
      </object_component>
      <object_component id="oc-367">
         <name>.debug_info</name>
         <load_address>0x14295</load_address>
         <run_address>0x14295</run_address>
         <size>0x62</size>
         <input_file_ref idref="fl-d"/>
      </object_component>
      <object_component id="oc-222">
         <name>.debug_info</name>
         <load_address>0x142f7</load_address>
         <run_address>0x142f7</run_address>
         <size>0x33c</size>
         <input_file_ref idref="fl-e"/>
      </object_component>
      <object_component id="oc-21f">
         <name>.debug_info</name>
         <load_address>0x14633</load_address>
         <run_address>0x14633</run_address>
         <size>0xfd</size>
         <input_file_ref idref="fl-e"/>
      </object_component>
      <object_component id="oc-f0">
         <name>.debug_info</name>
         <load_address>0x14730</load_address>
         <run_address>0x14730</run_address>
         <size>0x2a47</size>
         <input_file_ref idref="fl-e"/>
      </object_component>
      <object_component id="oc-1ab">
         <name>.debug_info</name>
         <load_address>0x17177</load_address>
         <run_address>0x17177</run_address>
         <size>0x31c</size>
         <input_file_ref idref="fl-12"/>
      </object_component>
      <object_component id="oc-21b">
         <name>.debug_info</name>
         <load_address>0x17493</load_address>
         <run_address>0x17493</run_address>
         <size>0x366</size>
         <input_file_ref idref="fl-1b"/>
      </object_component>
      <object_component id="oc-215">
         <name>.debug_info</name>
         <load_address>0x177f9</load_address>
         <run_address>0x177f9</run_address>
         <size>0x106</size>
         <input_file_ref idref="fl-1b"/>
      </object_component>
      <object_component id="oc-218">
         <name>.debug_info</name>
         <load_address>0x178ff</load_address>
         <run_address>0x178ff</run_address>
         <size>0x108</size>
         <input_file_ref idref="fl-1b"/>
      </object_component>
      <object_component id="oc-212">
         <name>.debug_info</name>
         <load_address>0x17a07</load_address>
         <run_address>0x17a07</run_address>
         <size>0xfa</size>
         <input_file_ref idref="fl-1b"/>
      </object_component>
      <object_component id="oc-e3">
         <name>.debug_info</name>
         <load_address>0x17b01</load_address>
         <run_address>0x17b01</run_address>
         <size>0x2eb9</size>
         <input_file_ref idref="fl-1b"/>
      </object_component>
      <object_component id="oc-239">
         <name>.debug_info</name>
         <load_address>0x1a9ba</load_address>
         <run_address>0x1a9ba</run_address>
         <size>0x343</size>
         <input_file_ref idref="fl-1e"/>
      </object_component>
      <object_component id="oc-22a">
         <name>.debug_info</name>
         <load_address>0x1acfd</load_address>
         <run_address>0x1acfd</run_address>
         <size>0xf5</size>
         <input_file_ref idref="fl-1e"/>
      </object_component>
      <object_component id="oc-227">
         <name>.debug_info</name>
         <load_address>0x1adf2</load_address>
         <run_address>0x1adf2</run_address>
         <size>0xed</size>
         <input_file_ref idref="fl-1e"/>
      </object_component>
      <object_component id="oc-233">
         <name>.debug_info</name>
         <load_address>0x1aedf</load_address>
         <run_address>0x1aedf</run_address>
         <size>0xf1</size>
         <input_file_ref idref="fl-1e"/>
      </object_component>
      <object_component id="oc-236">
         <name>.debug_info</name>
         <load_address>0x1afd0</load_address>
         <run_address>0x1afd0</run_address>
         <size>0xf7</size>
         <input_file_ref idref="fl-1e"/>
      </object_component>
      <object_component id="oc-22d">
         <name>.debug_info</name>
         <load_address>0x1b0c7</load_address>
         <run_address>0x1b0c7</run_address>
         <size>0xf5</size>
         <input_file_ref idref="fl-1e"/>
      </object_component>
      <object_component id="oc-230">
         <name>.debug_info</name>
         <load_address>0x1b1bc</load_address>
         <run_address>0x1b1bc</run_address>
         <size>0xf9</size>
         <input_file_ref idref="fl-1e"/>
      </object_component>
      <object_component id="oc-224">
         <name>.debug_info</name>
         <load_address>0x1b2b5</load_address>
         <run_address>0x1b2b5</run_address>
         <size>0xf6</size>
         <input_file_ref idref="fl-1e"/>
      </object_component>
      <object_component id="oc-f4">
         <name>.debug_info</name>
         <load_address>0x1b3ab</load_address>
         <run_address>0x1b3ab</run_address>
         <size>0xb74</size>
         <input_file_ref idref="fl-1e"/>
      </object_component>
      <object_component id="oc-21d">
         <name>.debug_info</name>
         <load_address>0x1bf1f</load_address>
         <run_address>0x1bf1f</run_address>
         <size>0x318</size>
         <input_file_ref idref="fl-22"/>
      </object_component>
      <object_component id="oc-ea">
         <name>.debug_info</name>
         <load_address>0x1c237</load_address>
         <run_address>0x1c237</run_address>
         <size>0x2688</size>
         <input_file_ref idref="fl-22"/>
      </object_component>
      <object_component id="oc-210">
         <name>.debug_info</name>
         <load_address>0x1e8bf</load_address>
         <run_address>0x1e8bf</run_address>
         <size>0x3c8</size>
         <input_file_ref idref="fl-27"/>
      </object_component>
      <object_component id="oc-203">
         <name>.debug_info</name>
         <load_address>0x1ec87</load_address>
         <run_address>0x1ec87</run_address>
         <size>0xec</size>
         <input_file_ref idref="fl-27"/>
      </object_component>
      <object_component id="oc-20d">
         <name>.debug_info</name>
         <load_address>0x1ed73</load_address>
         <run_address>0x1ed73</run_address>
         <size>0xf8</size>
         <input_file_ref idref="fl-27"/>
      </object_component>
      <object_component id="oc-207">
         <name>.debug_info</name>
         <load_address>0x1ee6b</load_address>
         <run_address>0x1ee6b</run_address>
         <size>0xf2</size>
         <input_file_ref idref="fl-27"/>
      </object_component>
      <object_component id="oc-20a">
         <name>.debug_info</name>
         <load_address>0x1ef5d</load_address>
         <run_address>0x1ef5d</run_address>
         <size>0xff</size>
         <input_file_ref idref="fl-27"/>
      </object_component>
      <object_component id="oc-df">
         <name>.debug_info</name>
         <load_address>0x1f05c</load_address>
         <run_address>0x1f05c</run_address>
         <size>0x2a7a</size>
         <input_file_ref idref="fl-27"/>
      </object_component>
      <object_component id="oc-319">
         <name>.debug_info</name>
         <load_address>0x21ad6</load_address>
         <run_address>0x21ad6</run_address>
         <size>0x51</size>
         <input_file_ref idref="fl-27"/>
      </object_component>
      <object_component id="oc-241">
         <name>.debug_info</name>
         <load_address>0x21b27</load_address>
         <run_address>0x21b27</run_address>
         <size>0x353</size>
         <input_file_ref idref="fl-2a"/>
      </object_component>
      <object_component id="oc-23b">
         <name>.debug_info</name>
         <load_address>0x21e7a</load_address>
         <run_address>0x21e7a</run_address>
         <size>0xf9</size>
         <input_file_ref idref="fl-2a"/>
      </object_component>
      <object_component id="oc-23e">
         <name>.debug_info</name>
         <load_address>0x21f73</load_address>
         <run_address>0x21f73</run_address>
         <size>0x10b</size>
         <input_file_ref idref="fl-2a"/>
      </object_component>
      <object_component id="oc-fa">
         <name>.debug_info</name>
         <load_address>0x2207e</load_address>
         <run_address>0x2207e</run_address>
         <size>0x2373</size>
         <input_file_ref idref="fl-2a"/>
      </object_component>
      <object_component id="oc-1de">
         <name>.debug_info</name>
         <load_address>0x243f1</load_address>
         <run_address>0x243f1</run_address>
         <size>0x348</size>
         <input_file_ref idref="fl-2b"/>
      </object_component>
      <object_component id="oc-1d3">
         <name>.debug_info</name>
         <load_address>0x24739</load_address>
         <run_address>0x24739</run_address>
         <size>0xf6</size>
         <input_file_ref idref="fl-2b"/>
      </object_component>
      <object_component id="oc-1d6">
         <name>.debug_info</name>
         <load_address>0x2482f</load_address>
         <run_address>0x2482f</run_address>
         <size>0x108</size>
         <input_file_ref idref="fl-2b"/>
      </object_component>
      <object_component id="oc-ab">
         <name>.debug_info</name>
         <load_address>0x24937</load_address>
         <run_address>0x24937</run_address>
         <size>0x267b</size>
         <input_file_ref idref="fl-2b"/>
      </object_component>
      <object_component id="oc-190">
         <name>.debug_info</name>
         <load_address>0x26fb2</load_address>
         <run_address>0x26fb2</run_address>
         <size>0x1a0</size>
         <input_file_ref idref="fl-31"/>
      </object_component>
      <object_component id="oc-17a">
         <name>.debug_info</name>
         <load_address>0x27152</load_address>
         <run_address>0x27152</run_address>
         <size>0x15c</size>
         <input_file_ref idref="fl-31"/>
      </object_component>
      <object_component id="oc-d5">
         <name>.debug_info</name>
         <load_address>0x272ae</load_address>
         <run_address>0x272ae</run_address>
         <size>0x6af</size>
         <input_file_ref idref="fl-34"/>
      </object_component>
      <object_component id="oc-b6">
         <name>.debug_info</name>
         <load_address>0x2795d</load_address>
         <run_address>0x2795d</run_address>
         <size>0x163</size>
         <input_file_ref idref="fl-34"/>
      </object_component>
      <object_component id="oc-bc">
         <name>.debug_info</name>
         <load_address>0x27ac0</load_address>
         <run_address>0x27ac0</run_address>
         <size>0x101</size>
         <input_file_ref idref="fl-34"/>
      </object_component>
      <object_component id="oc-bf">
         <name>.debug_info</name>
         <load_address>0x27bc1</load_address>
         <run_address>0x27bc1</run_address>
         <size>0x101</size>
         <input_file_ref idref="fl-34"/>
[...]
      </symbol>
      <symbol id="sm-9db">
         <name>TimerConfigure</name>
         <value>0x5935</value>
         <object_component_ref idref="oc-f9"/>
      </symbol>
      <symbol id="sm-9dc">
         <name>TimerControlEvent</name>
         <value>0x5923</value>
         <object_component_ref idref="oc-f9"/>
      </symbol>
      <symbol id="sm-9dd">
         <name>TimerIntClear</name>
         <value>0x584f</value>
         <object_component_ref idref="oc-f9"/>
      </symbol>
      <symbol id="sm-9de">
         <name>TimerSynchronize</name>
         <value>0x56ff</value>
         <object_component_ref idref="oc-f9"/>
      </symbol>
      <symbol id="sm-a47">
         <name>UARTClockSourceGet</name>
         <value>0x5be9</value>
         <object_component_ref idref="oc-a7"/>
      </symbol>
      <symbol id="sm-a48">
         <name>UARTCharPutNonBlocking</name>
         <value>0x5bfd</value>
         <object_component_ref idref="oc-a7"/>
      </symbol>
      <symbol id="sm-a49">
         <name>UARTDMAEnable</name>
         <value>0x5b65</value>
         <object_component_ref idref="oc-a7"/>
      </symbol>
      <symbol id="sm-a4a">
         <name>UARTTxIntModeSet</name>
         <value>0x59b9</value>
         <object_component_ref idref="oc-a7"/>
      </symbol>
      <symbol id="sm-a4b">
         <name>UARTFIFODisable</name>
         <value>0x5b0d</value>
         <object_component_ref idref="oc-a7"/>
      </symbol>
      <symbol id="sm-a4c">
         <name>UARTIntUnregister</name>
         <value>0x5a8d</value>
         <object_component_ref idref="oc-a7"/>
      </symbol>
      <symbol id="sm-a4d">
         <name>UARTModemControlSet</name>
         <value>0x5a27</value>
         <object_component_ref idref="oc-a7"/>
      </symbol>
      <symbol id="sm-a4e">
         <name>UARTRxErrorClear</name>
         <value>0x5a03</value>
         <object_component_ref idref="oc-a7"/>
      </symbol>
      <symbol id="sm-a4f">
         <name>UARTFlowControlSet</name>
         <value>0x5ad9</value>
         <object_component_ref idref="oc-a7"/>
      </symbol>
      <symbol id="sm-a50">
         <name>UARTConfigSetExpClk</name>
         <value>0x5b77</value>
         <object_component_ref idref="oc-a7"/>
      </symbol>
      <symbol id="sm-a51">
         <name>UARTSmartCardDisable</name>
         <value>0x59f1</value>
         <object_component_ref idref="oc-a7"/>
      </symbol>
      <symbol id="sm-a52">
         <name>UARTDisable</name>
         <value>0x5b4d</value>
         <object_component_ref idref="oc-a7"/>
      </symbol>
      <symbol id="sm-a53">
         <name>UART9BitDisable</name>
         <value>0x5c5b</value>
         <object_component_ref idref="oc-a7"/>
      </symbol>
      <symbol id="sm-a54">
         <name>UARTFIFOLevelGet</name>
         <value>0x5af3</value>
         <object_component_ref idref="oc-a7"/>
      </symbol>
      <symbol id="sm-a55">
         <name>UARTBusy</name>
         <value>0x5c31</value>
         <object_component_ref idref="oc-a7"/>
      </symbol>
      <symbol id="sm-a56">
         <name>UARTDisableSIR</name>
         <value>0x5b43</value>
         <object_component_ref idref="oc-a7"/>
      </symbol>
      <symbol id="sm-a57">
         <name>UARTLoopbackEnable</name>
         <value>0x5a4d</value>
         <object_component_ref idref="oc-a7"/>
      </symbol>
      <symbol id="sm-a58">
         <name>UARTIntEnable</name>
         <value>0x5ac3</value>
         <object_component_ref idref="oc-a7"/>
      </symbol>
      <symbol id="sm-a59">
         <name>UARTCharsAvail</name>
         <value>0x5bef</value>
         <object_component_ref idref="oc-a7"/>
      </symbol>
      <symbol id="sm-a5a">
         <name>UARTCharGetNonBlocking</name>
         <value>0x5c17</value>
         <object_component_ref idref="oc-a7"/>
      </symbol>
      <symbol id="sm-a5b">
         <name>UARTClockSourceSet</name>
         <value>0x5be3</value>
         <object_component_ref idref="oc-a7"/>
      </symbol>
      <symbol id="sm-a5c">
         <name>UARTTxIntModeGet</name>
         <value>0x59c5</value>
         <object_component_ref idref="oc-a7"/>
      </symbol>
      <symbol id="sm-a5d">
         <name>UARTModemStatusGet</name>
         <value>0x5a1d</value>
         <object_component_ref idref="oc-a7"/>
      </symbol>
      <symbol id="sm-a5e">
         <name>UARTIntDisable</name>
         <value>0x5acb</value>
         <object_component_ref idref="oc-a7"/>
      </symbol>
      <symbol id="sm-a5f">
         <name>UARTCharPut</name>
         <value>0x5c0d</value>
         <object_component_ref idref="oc-a7"/>
      </symbol>
      <symbol id="sm-a60">
         <name>UARTParityModeSet</name>
         <value>0x5a09</value>
         <object_component_ref idref="oc-a7"/>
      </symbol>
      <symbol id="sm-a61">
         <name>UARTRxErrorGet</name>
         <value>0x59fb</value>
         <object_component_ref idref="oc-a7"/>
      </symbol>
      <symbol id="sm-a62">
         <name>UARTConfigGetExpClk</name>
         <value>0x5bbb</value>
         <object_component_ref idref="oc-a7"/>
      </symbol>
      <symbol id="sm-a63">
         <name>UARTEnableSIR</name>
         <value>0x5b17</value>
         <object_component_ref idref="oc-a7"/>
      </symbol>
      <symbol id="sm-a64">
         <name>UARTEnable</name>
         <value>0x5b2f</value>
         <object_component_ref idref="oc-a7"/>
      </symbol>
      <symbol id="sm-a65">
         <name>UART9BitAddrSend</name>
         <value>0x5c73</value>
         <object_component_ref idref="oc-a7"/>
      </symbol>
      <symbol id="sm-a66">
         <name>UARTModemControlGet</name>
         <value>0x5a33</value>
         <object_component_ref idref="oc-a7"/>
      </symbol>
      <symbol id="sm-a67">
         <name>UARTSmartCardEnable</name>
         <value>0x59db</value>
         <object_component_ref idref="oc-a7"/>
      </symbol>
      <symbol id="sm-a68">
         <name>UARTFlowControlGet</name>
         <value>0x5ae5</value>
         <object_component_ref idref="oc-a7"/>
      </symbol>
      <symbol id="sm-a69">
         <name>UARTFIFOEnable</name>
         <value>0x5b03</value>
         <object_component_ref idref="oc-a7"/>
      </symbol>
      <symbol id="sm-a6a">
         <name>UARTIntClear</name>
         <value>0x5ad5</value>
         <object_component_ref idref="oc-a7"/>
      </symbol>
      <symbol id="sm-a6b">
         <name>UARTIntStatus</name>
         <value>0x5aa1</value>
         <object_component_ref idref="oc-a7"/>
      </symbol>
      <symbol id="sm-a6c">
         <name>UARTDMADisable</name>
         <value>0x5b6d</value>
         <object_component_ref idref="oc-a7"/>
      </symbol>
      <symbol id="sm-a6d">
         <name>UART9BitEnable</name>
         <value>0x5c4d</value>
         <object_component_ref idref="oc-a7"/>
      </symbol>
      <symbol id="sm-a6e">
         <name>UARTSpaceAvail</name>
         <value>0x59cd</value>
         <object_component_ref idref="oc-a7"/>
      </symbol>
      <symbol id="sm-a6f">
         <name>UARTCharGet</name>
         <value>0x5c27</value>
         <object_component_ref idref="oc-a7"/>
      </symbol>
      <symbol id="sm-a70">
         <name>UARTFIFOLevelSet</name>
         <value>0x5aed</value>
         <object_component_ref idref="oc-a7"/>
      </symbol>
      <symbol id="sm-a71">
         <name>UARTModemControlClear</name>
         <value>0x5a3b</value>
         <object_component_ref idref="oc-a7"/>
      </symbol>
      <symbol id="sm-a72">
         <name>UARTParityModeGet</name>
         <value>0x5a15</value>
         <object_component_ref idref="oc-a7"/>
      </symbol>
      <symbol id="sm-a73">
         <name>UARTIntRegister</name>
         <value>0x5aab</value>
         <object_component_ref idref="oc-a7"/>
      </symbol>
      <symbol id="sm-a74">
         <name>UARTBreakCtl</name>
         <value>0x5c39</value>
         <object_component_ref idref="oc-a7"/>
      </symbol>
      <symbol id="sm-a75">
         <name>UART9BitAddrSet</name>
         <value>0x5c69</value>
         <object_component_ref idref="oc-a7"/>
      </symbol>
      <symbol id="sm-a94">
         <name>GetOverflowCounts</name>
         <value>0x782d</value>
         <object_component_ref idref="oc-179"/>
      </symbol>
      <symbol id="sm-a95">
         <name>vConfigureTimerForRunTimeStats</name>
         <value>0x73f5</value>
         <object_component_ref idref="oc-18f"/>
      </symbol>
      <symbol id="sm-b73">
         <name>UARTTxBytesFree</name>
         <value>0x3d15</value>
         <object_component_ref idref="oc-38"/>
      </symbol>
      <symbol id="sm-b74">
         <name>UARTFlushRx</name>
         <value>0x3dfb</value>
         <object_component_ref idref="oc-38"/>
      </symbol>
      <symbol id="sm-b75">
         <name>UARTgetc</name>
         <value>0x3cff</value>
         <object_component_ref idref="oc-38"/>
      </symbol>
      <symbol id="sm-b76">
         <name>UARTgets</name>
         <value>0x3a3d</value>
         <object_component_ref idref="oc-38"/>
      </symbol>
      <symbol id="sm-b77">
         <name>UARTFlushTx</name>
         <value>0x3e0d</value>
         <object_component_ref idref="oc-38"/>
      </symbol>
      <symbol id="sm-b78">
         <name>UARTStdioConfig</name>
         <value>0x3e35</value>
         <object_component_ref idref="oc-38"/>
      </symbol>
      <symbol id="sm-b79">
         <name>UARTStdioIntHandler</name>
         <value>0x3d31</value>
         <object_component_ref idref="oc-38"/>
      </symbol>
      <symbol id="sm-b7a">
         <name>UARTRxBytesAvail</name>
         <value>0x3efb</value>
         <object_component_ref idref="oc-38"/>
      </symbol>
      <symbol id="sm-b7b">
         <name>UARTwrite</name>
         <value>0x37b3</value>
         <object_component_ref idref="oc-38"/>
      </symbol>
      <symbol id="sm-b7c">
         <name>UARTEchoSet</name>
         <value>0x3f09</value>
         <object_component_ref idref="oc-38"/>
      </symbol>
      <symbol id="sm-b7d">
         <name>UARTprintf</name>
         <value>0x3a05</value>
         <object_component_ref idref="oc-38"/>
      </symbol>
      <symbol id="sm-b7e">
         <name>UARTvprintf</name>
         <value>0x380d</value>
         <object_component_ref idref="oc-38"/>
      </symbol>
      <symbol id="sm-ba5">
         <name>sprintf</name>
         <value>0x7715</value>
         <object_component_ref idref="oc-1a4"/>
      </symbol>
      <symbol id="sm-bb0">
         <name>__aeabi_dmul</name>
         <value>0x6d49</value>
         <object_component_ref idref="oc-104"/>
      </symbol>
      <symbol id="sm-bba">
         <name>__aeabi_d2uiz</name>
         <value>0x7691</value>
         <object_component_ref idref="oc-109"/>
      </symbol>
      <symbol id="sm-bd6">
         <name>memcpy</name>
         <value>0x6fd3</value>
         <object_component_ref idref="oc-52"/>
      </symbol>
      <symbol id="sm-bd7">
         <name>__aeabi_memcpy</name>
         <value>0x6fd3</value>
         <object_component_ref idref="oc-52"/>
      </symbol>
      <symbol id="sm-bd8">
         <name>__aeabi_memcpy8</name>
         <value>0x6fd3</value>
         <object_component_ref idref="oc-52"/>
      </symbol>
      <symbol id="sm-bd9">
         <name>__aeabi_memcpy4</name>
         <value>0x6fd3</value>
         <object_component_ref idref="oc-52"/>
      </symbol>
      <symbol id="sm-be3">
         <name>__aeabi_ui2d</name>
         <value>0x7851</value>
         <object_component_ref idref="oc-ff"/>
      </symbol>
      <symbol id="sm-bf2">
         <name>__aeabi_memset</name>
         <value>0x72a7</value>
         <object_component_ref idref="oc-13f"/>
      </symbol>
      <symbol id="sm-bf3">
         <name>memset</name>
         <value>0x72ad</value>
         <object_component_ref idref="oc-13f"/>
      </symbol>
      <symbol id="sm-bf4">
         <name>__aeabi_memset8</name>
         <value>0x72a7</value>
         <object_component_ref idref="oc-13f"/>
      </symbol>
      <symbol id="sm-bf5">
         <name>__aeabi_memset4</name>
         <value>0x72a7</value>
         <object_component_ref idref="oc-13f"/>
      </symbol>
      <symbol id="sm-bf6">
         <name>__aeabi_memclr8</name>
         <value>0x72a5</value>
         <object_component_ref idref="oc-13f"/>
      </symbol>
      <symbol id="sm-bf7">
         <name>__aeabi_memclr4</name>
         <value>0x72a5</value>
         <object_component_ref idref="oc-13f"/>
      </symbol>
      <symbol id="sm-bf8">
         <name>__aeabi_memclr</name>
         <value>0x72a5</value>
         <object_component_ref idref="oc-13f"/>
      </symbol>
      <symbol id="sm-c07">
         <name>__aeabi_uidivmod</name>
         <value>0x76d5</value>
         <object_component_ref idref="oc-ad"/>
      </symbol>
      <symbol id="sm-c08">
         <name>__aeabi_uidiv</name>
         <value>0x76d5</value>
         <object_component_ref idref="oc-ad"/>
      </symbol>
      <symbol id="sm-c1a">
         <name>__TI_zero_init</name>
         <value>0x791d</value>
         <object_component_ref idref="oc-64"/>
      </symbol>
      <symbol id="sm-c31">
         <name>__TI_decompress_none</name>
         <value>0x790f</value>
         <object_component_ref idref="oc-1b"/>
      </symbol>
      <symbol id="sm-c54">
         <name>__TI_decompress_lzss</name>
         <value>0x738d</value>
         <object_component_ref idref="oc-15"/>
      </symbol>
      <symbol id="sm-c63">
         <name>strcpy</name>
         <value>0x78d5</value>
         <object_component_ref idref="oc-198"/>
      </symbol>
      <symbol id="sm-c71">
         <name>strlen</name>
         <value>0x78e9</value>
         <object_component_ref idref="oc-19e"/>
      </symbol>
      <symbol id="sm-c84">
         <name>__stack</name>
         <value>0x200056e0</value>
         <object_component_ref idref="oc-24"/>
      </symbol>
      <symbol id="sm-c85">
         <name>_c_int00_noargs</name>
         <value>0x77c9</value>
         <object_component_ref idref="oc-70"/>
      </symbol>
      <symbol id="sm-dea">
         <name>__TI_printfi</name>
         <value>0x24ad</value>
         <object_component_ref idref="oc-2eb"/>
      </symbol>
      <symbol id="sm-df4">
         <name>__aeabi_idiv0</name>
         <value>0x2efb</value>
         <object_component_ref idref="oc-1df"/>
      </symbol>
      <symbol id="sm-df5">
         <name>__aeabi_ldiv0</name>
         <value>0x2efb</value>
         <object_component_ref idref="oc-1df"/>
      </symbol>
      <symbol id="sm-e0c">
         <name>__aeabi_dsub</name>
         <value>0x65e5</value>
         <object_component_ref idref="oc-421"/>
      </symbol>
      <symbol id="sm-e0d">
         <name>__aeabi_dadd</name>
         <value>0x65ef</value>
         <object_component_ref idref="oc-421"/>
      </symbol>
      <symbol id="sm-e2f">
         <name>__aeabi_cdcmpeq</name>
         <value>0x7199</value>
         <object_component_ref idref="oc-38f"/>
      </symbol>
      <symbol id="sm-e30">
         <name>__aeabi_cdcmple</name>
         <value>0x7199</value>
         <object_component_ref idref="oc-38f"/>
      </symbol>
      <symbol id="sm-e31">
         <name>__aeabi_cdrcmple</name>
         <value>0x721f</value>
         <object_component_ref idref="oc-40c"/>
      </symbol>
      <symbol id="sm-e45">
         <name>__aeabi_ddiv</name>
         <value>0x68d9</value>
         <object_component_ref idref="oc-407"/>
      </symbol>
      <symbol id="sm-e4f">
         <name>__aeabi_d2iz</name>
         <value>0x7605</value>
         <object_component_ref idref="oc-411"/>
      </symbol>
      <symbol id="sm-e59">
         <name>__aeabi_i2d</name>
         <value>0x77fd</value>
         <object_component_ref idref="oc-41c"/>
      </symbol>
      <symbol id="sm-e66">
         <name>__aeabi_uldivmod</name>
         <value>0x706f</value>
         <object_component_ref idref="oc-400"/>
      </symbol>
      <symbol id="sm-e8e">
         <name>__TI_auto_init_nobinit_nopinit</name>
         <value>0x764d</value>
         <object_component_ref idref="oc-269"/>
      </symbol>
      <symbol id="sm-e98">
         <name>_system_pre_init</name>
         <value>0x794f</value>
         <object_component_ref idref="oc-145"/>
      </symbol>
      <symbol id="sm-ea4">
         <name>C$$EXIT</name>
         <value>0x7953</value>
         <object_component_ref idref="oc-25d"/>
      </symbol>
      <symbol id="sm-ea5">
         <name>abort</name>
         <value>0x7953</value>
         <object_component_ref idref="oc-25d"/>
      </symbol>
      <symbol id="sm-eb5">
         <name>__TI_ltoa</name>
         <value>0x7513</value>
         <object_component_ref idref="oc-416"/>
      </symbol>
      <symbol id="sm-ecc">
         <name>atoi</name>
         <value>0x75b9</value>
         <object_component_ref idref="oc-383"/>
      </symbol>
      <symbol id="sm-ed7">
         <name>_ctypes_</name>
         <value>0x7b08</value>
         <object_component_ref idref="oc-3fb"/>
      </symbol>
      <symbol id="sm-ee7">
         <name>memccpy</name>
         <value>0x7871</value>
         <object_component_ref idref="oc-3ac"/>
      </symbol>
      <symbol id="sm-ef7">
         <name>strchr</name>
         <value>0x78bf</value>
         <object_component_ref idref="oc-44d"/>
      </symbol>
      <symbol id="sm-f0d">
         <name>__aeabi_errno_addr</name>
         <value>0x7941</value>
         <object_component_ref idref="oc-3b8"/>
      </symbol>
      <symbol id="sm-f0e">
         <name>errno</name>
         <value>0x20005f4c</value>
         <object_component_ref idref="oc-45d"/>
      </symbol>
      <symbol id="sm-f27">
         <name>wcslen</name>
         <value>0x78fd</value>
         <object_component_ref idref="oc-3b2"/>
      </symbol>
      <symbol id="sm-f47">
         <name>frexpl</name>
         <value>0x7459</value>
         <object_component_ref idref="oc-441"/>
      </symbol>
      <symbol id="sm-f48">
         <name>frexp</name>
         <value>0x7459</value>
         <object_component_ref idref="oc-441"/>
      </symbol>
      <symbol id="sm-f65">
         <name>scalbn</name>
         <value>0x6b35</value>
         <object_component_ref idref="oc-447"/>
      </symbol>
      <symbol id="sm-f66">
         <name>scalbnl</name>
         <value>0x6b35</value>
         <object_component_ref idref="oc-447"/>
      </symbol>
      <symbol id="sm-f67">
         <name>ldexpl</name>
         <value>0x6b35</value>
         <object_component_ref idref="oc-447"/>
      </symbol>
      <symbol id="sm-f68">
         <name>ldexp</name>
         <value>0x6b35</value>
         <object_component_ref idref="oc-447"/>
      </symbol>
      <symbol id="sm-f72">
         <name>copysign</name>
         <value>0x788d</value>
         <object_component_ref idref="oc-49a"/>
      </symbol>
      <symbol id="sm-f73">
         <name>copysignl</name>
         <value>0x788d</value>
         <object_component_ref idref="oc-49a"/>
      </symbol>
      <symbol id="sm-f74">
         <name>__TI_static_base__</name>
         <value>0x0</value>
      </symbol>
      <symbol id="sm-f77">
         <name>__mpu_init</name>
         <value>0x0</value>
      </symbol>
      <symbol id="sm-f78">
         <name>_system_post_cinit</name>
         <value>0x0</value>
      </symbol>
      <symbol id="sm-f79">
         <name>vApplicationIdleHook</name>
         <value>0x7793</value>
      </symbol>
      <symbol id="sm-f7a">
         <name>IntPriorityMaskSet</name>
         <value>0x77b9</value>
      </symbol>
      <symbol id="sm-f7b">
         <name>IntPriorityMaskGet</name>
         <value>0x77bf</value>
      </symbol>
      <symbol id="sm-f7c">
         <name>SysCtlSleep</name>
         <value>0x7793</value>
      </symbol>
   </symbol_table>
   <title>Link successful</title>
</link_info>
